<html>
<body>
<pre>
<h1>礦ision Build Log</h1>
<h2>Tool Versions:</h2>
IDE-Version: μVision V5.22.0.0
Copyright (C) 2016 ARM Ltd and ARM Germany GmbH. All rights reserved.
License Information: Le Chatelia, xjtu, LIC=NQQ8T-R0K99-Q0PNJ-UX3L4-7QG61-XG0PR
 
Tool Versions:
Toolchain:       MDK-ARM Plus  Version: 5.22
Toolchain Path:  D:\Keil_v5\ARM\ARMCC\Bin
C Compiler:      Armcc.exe V5.06 update 4 (build 422)
Assembler:       Armasm.exe V5.06 update 4 (build 422)
Linker/Locator:  ArmLink.exe V5.06 update 4 (build 422)
Library Manager: ArmAr.exe V5.06 update 4 (build 422)
Hex Converter:   FromElf.exe V5.06 update 4 (build 422)
CPU DLL:         SARMCM3.DLL V5.22
Dialog DLL:      DARMSTM.DLL V1.67.0.0
Target DLL:      Segger\JL2CM3.dll V2.99.23.0
Dialog DLL:      TARMSTM.DLL V1.66.0.0
 
<h2>Project:</h2>
E:\GIT\Codes\mechanics\F103-RT-Thread\USER\Template.uvprojx
Project File Date:  01/20/2018

<h2>Output:</h2>
*** Using Compiler 'V5.06 update 4 (build 422)', folder: 'D:\Keil_v5\ARM\ARMCC\Bin'
Build target 'Template'
compiling encoder.c...
..\HARDWARE\Encoder\encoder.c(146): warning:  #223-D: function "abs" declared implicitly
  		 if(abs(step_spot_3_target-Encoders.Distance)<3)  //小于误差允许范围的话
..\HARDWARE\Encoder\encoder.c: 1 warning, 0 errors
linking...
Program Size: Code=24484 RO-data=640 RW-data=336 ZI-data=4448  
FromELF: creating hex file...
"..\OBJ\LED.axf" - 0 Error(s), 1 Warning(s).

<h2>Software Packages used:</h2>

Package Vendor: rt-thread
                http://www.rt-thread.org/download/mdk/rt-thread.rtthread.2.1.1.pack
                rt-thread.RT-Thread::RTOS:kernel:2.1.2
                RT-Thread Software Components
   * Component: kernel Version: 2.1.2

<h2>Collection of Component include folders:</h2>
  E:\GIT\Codes\mechanics\F103-RT-Thread\USER\RTE\RTOS
  E:\GIT\Codes\mechanics\F103-RT-Thread\USER\RTE\_Template
  D:\Keil_v5\ARM\PACK\Keil\STM32F1xx_DFP\2.1.0\Device\Include
  D:\Keil_v5\ARM\PACK\rt-thread\rtthread\2.1.1\include

<h2>Collection of Component Files used:</h2>

   * Component: rt-thread.RT-Thread::RTOS:kernel:2.1.2
      Source file:   src\timer.c
      Source file:   src\ipc.c
      Source file:   src\components.c
      Source file:   src\mem.c
      Source file:   src\kservice.c
      Source file:   src\clock.c
      Include file:  bsp\rtconfig.h
      Source file:   src\scheduler.c
      Source file:   src\thread.c
      Source file:   src\device.c
      Source file:   libcpu\arm\cortex-m3\context_rvds.S
      Source file:   libcpu\arm\cortex-m3\cpuport.c
      Source file:   src\idle.c
      Source file:   src\irq.c
      Source file:   src\object.c
      Source file:   bsp\board.c
Build Time Elapsed:  00:00:01
</pre>
</body>
</html>
