Component: ARM Compiler 5.06 update 4 (build 422) Tool: armlink [4d35d2]

==============================================================================

Section Cross References

    main.o(.text) refers to step_motor.o(.text) for step_motor_3_work
    main.o(.text) refers to thread.o(.text) for rt_thread_delay
    main.o(.text) refers to stm32f10x_gpio.o(.text) for GPIO_ResetBits
    main.o(.text) refers to motor.o(.text) for DC_Motor_positive
    main.o(.text) refers to servo.o(.text) for set_servo_angle
    main.o(.text) refers to encoder.o(.text) for RCC_Configuration
    main.o(.text) refers to delay.o(.text) for delay_init
    main.o(.text) refers to exti.o(.text) for My_EXTI_Init
    main.o(.text) refers to led.o(.text) for LED_Init
    main.o(.text) refers to uart1.o(.text) for USART1_DMA_Init
    main.o(.text) refers to usart_3.o(.text) for USART3_DMA_Init
    main.o(.text) refers to step_motor.o(.data) for step_num_1
    main.o(.text) refers to main.o(.bss) for rt_led0_thread_stack
    system_stm32f10x.o(.text) refers to system_stm32f10x.o(.data) for SystemCoreClock
    led.o(.text) refers to stm32f10x_rcc.o(.text) for RCC_APB2PeriphClockCmd
    led.o(.text) refers to stm32f10x_gpio.o(.text) for GPIO_Init
    encoder.o(.text) refers to stm32f10x_rcc.o(.text) for RCC_APB1PeriphClockCmd
    encoder.o(.text) refers to stm32f10x_gpio.o(.text) for GPIO_Init
    encoder.o(.text) refers to stm32f10x_tim.o(.text) for TIM_DeInit
    encoder.o(.text) refers to misc.o(.text) for NVIC_Init
    encoder.o(.text) refers to stm32f10x_flash.o(.text) for FLASH_PrefetchBufferCmd
    encoder.o(.text) refers to encoder.o(.data) for CPR
    encoder.o(.text) refers to step_motor.o(.data) for step_motor_3_flag
    remote.o(.text) refers to stm32f10x_rcc.o(.text) for RCC_APB2PeriphClockCmd
    remote.o(.text) refers to stm32f10x_gpio.o(.text) for GPIO_Init
    remote.o(.text) refers to stm32f10x_tim.o(.text) for TIM_TimeBaseInit
    remote.o(.text) refers to misc.o(.text) for NVIC_Init
    remote.o(.text) refers to remote.o(.data) for RmtRec
    motor.o(.text) refers to stm32f10x_rcc.o(.text) for RCC_APB2PeriphClockCmd
    motor.o(.text) refers to stm32f10x_gpio.o(.text) for GPIO_Init
    motor.o(.text) refers to stm32f10x_tim.o(.text) for TIM_TimeBaseInit
    motor.o(.text) refers to misc.o(.text) for NVIC_Init
    motor.o(.text) refers to motor.o(.data) for delay_flag
    servo.o(.text) refers to stm32f10x_tim.o(.text) for TIM_TimeBaseInit
    servo.o(.text) refers to stm32f10x_rcc.o(.text) for RCC_APB1PeriphClockCmd
    servo.o(.text) refers to stm32f10x_gpio.o(.text) for GPIO_Init
    servo.o(.text) refers to dflt_clz.o(x$fpl$dflt) for __aeabi_i2d
    servo.o(.text) refers to dmul.o(x$fpl$dmul) for __aeabi_dmul
    servo.o(.text) refers to ddiv.o(x$fpl$ddiv) for __aeabi_ddiv
    servo.o(.text) refers to daddsub_clz.o(x$fpl$drsb) for __aeabi_drsub
    servo.o(.text) refers to dfix.o(x$fpl$dfix) for __aeabi_d2iz
    servo.o(.text) refers to servo.o(.data) for servo_angle
    step_motor.o(.text) refers to stm32f10x_rcc.o(.text) for RCC_APB1PeriphClockCmd
    step_motor.o(.text) refers to stm32f10x_gpio.o(.text) for GPIO_Init
    step_motor.o(.text) refers to misc.o(.text) for NVIC_Init
    step_motor.o(.text) refers to stm32f10x_tim.o(.text) for TIM_TimeBaseInit
    step_motor.o(.text) refers to dfix.o(x$fpl$dfix) for __aeabi_d2iz
    step_motor.o(.text) refers to step_motor.o(.data) for step_num_1
    exti.o(.text) refers to stm32f10x_rcc.o(.text) for RCC_APB2PeriphClockCmd
    exti.o(.text) refers to stm32f10x_gpio.o(.text) for GPIO_Init
    exti.o(.text) refers to misc.o(.text) for NVIC_Init
    exti.o(.text) refers to stm32f10x_exti.o(.text) for EXTI_ClearITPendingBit
    exti.o(.text) refers to stm32f10x_tim.o(.text) for TIM_Cmd
    exti.o(.text) refers to step_motor.o(.text) for unlimit_step_2
    exti.o(.text) refers to motor.o(.data) for place_reset
    exti.o(.text) refers to step_motor.o(.data) for unlimit_flag_2
    exti.o(.text) refers to exti.o(.data) for exti_flag
    delay.o(.text) refers to system_stm32f10x.o(.data) for SystemCoreClock
    delay.o(.text) refers to delay.o(.data) for fac_us
    usart.o(.text) refers (Special) to use_no_semi_2.o(.text) for __use_no_semihosting
    usart.o(.text) refers to stm32f10x_rcc.o(.text) for RCC_APB2PeriphClockCmd
    usart.o(.text) refers to stm32f10x_gpio.o(.text) for GPIO_Init
    usart.o(.text) refers to misc.o(.text) for NVIC_Init
    usart.o(.text) refers to stm32f10x_usart.o(.text) for USART_Init
    usart.o(.text) refers to usart.o(.data) for USART_RX_STA
    usart.o(.text) refers to usart.o(.bss) for USART_RX_BUF
    usart.o(.bss) refers (Special) to use_no_semi_2.o(.text) for __use_no_semihosting
    usart.o(.data) refers (Special) to use_no_semi_2.o(.text) for __use_no_semihosting
    uart1.o(.text) refers to stm32f10x_rcc.o(.text) for RCC_APB2PeriphClockCmd
    uart1.o(.text) refers to stm32f10x_gpio.o(.text) for GPIO_Init
[...]
    .ARM.Collect$$libshutdown$$0000000A      0x080001ea   Section        0  libshutdown2.o(.ARM.Collect$$libshutdown$$0000000A)
    .ARM.Collect$$libshutdown$$0000000C      0x080001ea   Section        0  libshutdown2.o(.ARM.Collect$$libshutdown$$0000000C)
    .ARM.Collect$$libshutdown$$0000000F      0x080001ea   Section        0  libshutdown2.o(.ARM.Collect$$libshutdown$$0000000F)
    .ARM.Collect$$libshutdown$$00000010      0x080001ea   Section        2  libshutdown2.o(.ARM.Collect$$libshutdown$$00000010)
    .ARM.Collect$$rtentry$$00000000          0x080001ec   Section        0  __rtentry.o(.ARM.Collect$$rtentry$$00000000)
    .ARM.Collect$$rtentry$$00000002          0x080001ec   Section        0  __rtentry2.o(.ARM.Collect$$rtentry$$00000002)
    .ARM.Collect$$rtentry$$00000004          0x080001ec   Section        6  __rtentry4.o(.ARM.Collect$$rtentry$$00000004)
    .ARM.Collect$$rtentry$$00000009          0x080001f2   Section        0  __rtentry2.o(.ARM.Collect$$rtentry$$00000009)
    .ARM.Collect$$rtentry$$0000000A          0x080001f2   Section        4  __rtentry2.o(.ARM.Collect$$rtentry$$0000000A)
    .ARM.Collect$$rtentry$$0000000C          0x080001f6   Section        0  __rtentry2.o(.ARM.Collect$$rtentry$$0000000C)
    .ARM.Collect$$rtentry$$0000000D          0x080001f6   Section        8  __rtentry2.o(.ARM.Collect$$rtentry$$0000000D)
    .ARM.Collect$$rtexit$$00000000           0x080001fe   Section        2  rtexit.o(.ARM.Collect$$rtexit$$00000000)
    .ARM.Collect$$rtexit$$00000002           0x08000200   Section        0  rtexit2.o(.ARM.Collect$$rtexit$$00000002)
    .ARM.Collect$$rtexit$$00000003           0x08000200   Section        4  rtexit2.o(.ARM.Collect$$rtexit$$00000003)
    .ARM.Collect$$rtexit$$00000004           0x08000204   Section        6  rtexit2.o(.ARM.Collect$$rtexit$$00000004)
    .text                                    0x0800020c   Section        0  main.o(.text)
    led0_thread_entry                        0x080003d7   Thumb Code    36  main.o(.text)
    main_task_thread_entry                   0x080003fb   Thumb Code    74  main.o(.text)
    .text                                    0x0800051c   Section        0  stm32f10x_it.o(.text)
    .text                                    0x08000530   Section        0  system_stm32f10x.o(.text)
    SetSysClockTo72                          0x08000531   Thumb Code   214  system_stm32f10x.o(.text)
    SetSysClock                              0x08000607   Thumb Code     8  system_stm32f10x.o(.text)
    .text                                    0x08000710   Section        0  led.o(.text)
    .text                                    0x08000744   Section        0  encoder.o(.text)
    .text                                    0x08000a3c   Section        0  motor.o(.text)
    .text                                    0x08000d58   Section        0  servo.o(.text)
    .text                                    0x08000ec8   Section        0  step_motor.o(.text)
    .text                                    0x080013b4   Section        0  exti.o(.text)
    .text                                    0x080015f0   Section        0  delay.o(.text)
    .text                                    0x080016b8   Section        0  usart.o(.text)
    .text                                    0x080017f8   Section        0  uart1.o(.text)
    .text                                    0x08001954   Section        0  usart_3.o(.text)
    .text                                    0x08001ab8   Section       60  startup_stm32f10x_hd.o(.text)
    .text                                    0x08001af4   Section        0  misc.o(.text)
    .text                                    0x08001bd0   Section        0  stm32f10x_gpio.o(.text)
    .text                                    0x08001f2c   Section        0  stm32f10x_rcc.o(.text)
    .text                                    0x080022d0   Section        0  stm32f10x_usart.o(.text)
    .text                                    0x080026d8   Section        0  stm32f10x_tim.o(.text)
    TI4_Config                               0x08002b7f   Thumb Code   130  stm32f10x_tim.o(.text)
    TI3_Config                               0x08002c13   Thumb Code   122  stm32f10x_tim.o(.text)
    TI2_Config                               0x08002ca7   Thumb Code   130  stm32f10x_tim.o(.text)
    TI1_Config                               0x08002d3b   Thumb Code   108  stm32f10x_tim.o(.text)
    .text                                    0x080034f4   Section        0  stm32f10x_dma.o(.text)
    .text                                    0x08003748   Section        0  stm32f10x_exti.o(.text)
    .text                                    0x08003864   Section        0  stm32f10x_flash.o(.text)
    .text                                    0x08003e20   Section      236  context_rvds.o(.text)
    .text                                    0x08003f0c   Section        0  cpuport.o(.text)
    .text                                    0x08004174   Section        0  clock.o(.text)
    .text                                    0x080041d4   Section        0  components.o(.text)
    rti_start                                0x080041d5   Thumb Code     4  components.o(.text)
    rti_board_start                          0x080041d9   Thumb Code     4  components.o(.text)
    rti_board_end                            0x080041dd   Thumb Code     4  components.o(.text)
    rti_end                                  0x080041e1   Thumb Code     4  components.o(.text)
    .text                                    0x0800429c   Section        0  device.o(.text)
    .text                                    0x080044ec   Section        0  idle.o(.text)
    rt_thread_idle_entry                     0x08004553   Thumb Code     8  idle.o(.text)
    _has_defunct_thread                      0x08004585   Thumb Code    16  idle.o(.text)
    .text                                    0x080045ac   Section        0  irq.o(.text)
    .text                                    0x080045ec   Section        0  kservice.o(.text)
    print_number                             0x08004889   Thumb Code   402  kservice.o(.text)
    skip_atoi                                0x08004a1b   Thumb Code    38  kservice.o(.text)
    .text                                    0x08004fa4   Section        0  object.o(.text)
    .text                                    0x08005088   Section        0  scheduler.o(.text)
    rt_list_init                             0x08005229   Thumb Code     6  scheduler.o(.text)
    .text                                    0x0800524c   Section        0  thread.o(.text)
    rt_list_insert_after                     0x0800524d   Thumb Code    14  thread.o(.text)
    rt_list_remove                           0x0800525b   Thumb Code    18  thread.o(.text)
    _rt_thread_init                          0x080052d9   Thumb Code   128  thread.o(.text)
    .text                                    0x080055d4   Section        0  timer.o(.text)
    rt_list_insert_after                     0x080055d5   Thumb Code    14  timer.o(.text)
    _rt_timer_init                           0x080055e3   Thumb Code    66  timer.o(.text)
    rt_timer_list_next_timeout               0x08005625   Thumb Code    28  timer.o(.text)
    _rt_timer_remove                         0x08005641   Thumb Code    46  timer.o(.text)
    rt_list_init                             0x080058ad   Thumb Code     6  timer.o(.text)
    rt_list_isempty                          0x080058b3   Thumb Code    16  timer.o(.text)
    .text                                    0x080058cc   Section        0  board.o(.text)
    .text                                    0x08005950   Section        2  use_no_semi_2.o(.text)
    .text                                    0x08005952   Section        0  heapauxi.o(.text)
    .text                                    0x08005958   Section        2  use_no_semi.o(.text)
    .text                                    0x0800595a   Section       74  sys_stackheap_outer.o(.text)
    .text                                    0x080059a4   Section        0  exit.o(.text)
    .text                                    0x080059b8   Section        8  libspace.o(.text)
    x$fpl$dadd                               0x080059c0   Section      336  daddsub_clz.o(x$fpl$dadd)
    _dadd1                                   0x080059d1   Thumb Code     0  daddsub_clz.o(x$fpl$dadd)
    x$fpl$ddiv                               0x08005b10   Section      688  ddiv.o(x$fpl$ddiv)
    ddiv_entry                               0x08005b17   Thumb Code     0  ddiv.o(x$fpl$ddiv)
    x$fpl$dfix                               0x08005dc0   Section       94  dfix.o(x$fpl$dfix)
    x$fpl$dflt                               0x08005e1e   Section       46  dflt_clz.o(x$fpl$dflt)
    x$fpl$dmul                               0x08005e4c   Section      340  dmul.o(x$fpl$dmul)
    x$fpl$dnaninf                            0x08005fa0   Section      156  dnaninf.o(x$fpl$dnaninf)
    x$fpl$dretinf                            0x0800603c   Section       12  dretinf.o(x$fpl$dretinf)
    x$fpl$drsb                               0x08006048   Section       22  daddsub_clz.o(x$fpl$drsb)
    x$fpl$dsub                               0x08006060   Section      468  daddsub_clz.o(x$fpl$dsub)
    _dsub1                                   0x08006071   Thumb Code     0  daddsub_clz.o(x$fpl$dsub)
    .constdata                               0x08006234   Section      290  kservice.o(.constdata)
    x$fpl$usenofp                            0x08006234   Section        0  usenofp.o(x$fpl$usenofp)
    small_digits                             0x08006334   Data          17  kservice.o(.constdata)
    large_digits                             0x08006345   Data          17  kservice.o(.constdata)
    .rti_fn.0.end                            0x08006358   Section        4  components.o(.rti_fn.0.end)
    .rti_fn.1.end                            0x0800635c   Section        4  components.o(.rti_fn.1.end)
    .rti_fn.6.end                            0x08006360   Section        4  components.o(.rti_fn.6.end)
    .data                                    0x20000000   Section       20  system_stm32f10x.o(.data)
    .data                                    0x20000018   Section       64  encoder.o(.data)
    .data                                    0x20000058   Section       20  motor.o(.data)
    .data                                    0x2000006c   Section        4  servo.o(.data)
    .data                                    0x20000070   Section       28  step_motor.o(.data)
    .data                                    0x2000008c   Section        8  exti.o(.data)
    .data                                    0x20000094   Section        4  delay.o(.data)
    fac_us                                   0x20000094   Data           1  delay.o(.data)
    fac_ms                                   0x20000096   Data           2  delay.o(.data)
    .data                                    0x20000098   Section        6  usart.o(.data)
    .data                                    0x2000009e   Section        8  uart1.o(.data)
    .data                                    0x200000a6   Section        8  usart_3.o(.data)
    .data                                    0x200000ae   Section       20  stm32f10x_rcc.o(.data)
    APBAHBPrescTable                         0x200000ae   Data          16  stm32f10x_rcc.o(.data)
    ADCPrescTable                            0x200000be   Data           4  stm32f10x_rcc.o(.data)
    .data                                    0x200000c4   Section       16  cpuport.o(.data)
    rt_exception_hook                        0x200000d0   Data           4  cpuport.o(.data)
    .data                                    0x200000d4   Section        4  clock.o(.data)
    rt_tick                                  0x200000d4   Data           4  clock.o(.data)
    .data                                    0x200000d8   Section        1  irq.o(.data)
    .data                                    0x200000dc   Section        8  kservice.o(.data)
    _errno                                   0x200000dc   Data           4  kservice.o(.data)
    _console_device                          0x200000e0   Data           4  kservice.o(.data)
    .data                                    0x200000e4   Section       80  object.o(.data)
    .data                                    0x20000134   Section       24  scheduler.o(.data)
    rt_scheduler_lock_nest                   0x20000134   Data           2  scheduler.o(.data)
    .data                                    0x2000014c   Section       12  timer.o(.data)
    rt_timer_list                            0x2000014c   Data           8  timer.o(.data)
    random_nr                                0x20000154   Data           4  timer.o(.data)
    .bss                                     0x20000158   Section     2288  main.o(.bss)
    led0_thread                              0x20000158   Data         120  main.o(.bss)
    main_task_thread                         0x200001d0   Data         120  main.o(.bss)
    rt_led0_thread_stack                     0x20000248   Data        1024  main.o(.bss)
    main_task_thread_stack                   0x20000648   Data        1024  main.o(.bss)
    .bss                                     0x20000a48   Section      200  usart.o(.bss)
    .bss                                     0x20000b10   Section       10  uart1.o(.bss)
    .bss                                     0x20000b1a   Section       10  usart_3.o(.bss)
    .bss                                     0x20000b28   Section      376  components.o(.bss)
    main_stack                               0x20000b28   Data         256  components.o(.bss)
    .bss                                     0x20000ca0   Section      248  idle.o(.bss)
    idle                                     0x20000ca0   Data         120  idle.o(.bss)
    rt_thread_stack                          0x20000d18   Data         128  idle.o(.bss)
    .bss                                     0x20000d98   Section      128  kservice.o(.bss)
    rt_log_buf                               0x20000d98   Data         128  kservice.o(.bss)
    .bss                                     0x20000e18   Section       64  scheduler.o(.bss)
    .bss                                     0x20000e58   Section       96  libspace.o(.bss)
    HEAP                                     0x20000eb8   Section        0  startup_stm32f10x_hd.o(HEAP)
    STACK                                    0x20000eb8   Section     1024  startup_stm32f10x_hd.o(STACK)
    Heap_Mem                                 0x20000eb8   Data           0  startup_stm32f10x_hd.o(HEAP)
    Stack_Mem                                0x20000eb8   Data        1024  startup_stm32f10x_hd.o(STACK)
    __initial_sp                             0x200012b8   Data           0  startup_stm32f10x_hd.o(STACK)

    Global Symbols

    Symbol Name                              Value     Ov Type        Size  Object(Section)

    BuildAttributes$$THM_ISAv4$P$D$K$B$S$PE$A:L22UL41UL21$X:L11$S22US41US21$IEEE1$IW$USESV6$~STKCKD$USESV7$~SHL$OSPACE$ROPI$EBA8$UX$STANDARDLIB$REQ8$PRES8$EABIv2 0x00000000   Number         0  anon$$obj.o ABSOLUTE
    __ARM_use_no_argv                        0x00000000   Number         0  main.o ABSOLUTE
    __ARM_exceptions_init                     - Undefined Weak Reference
    __alloca_initialize                       - Undefined Weak Reference
    __arm_preinit_                            - Undefined Weak Reference
    __cpp_initialize__aeabi_                  - Undefined Weak Reference
    __cxa_finalize                            - Undefined Weak Reference
    __rt_locale                               - Undefined Weak Reference
    __sigvec_lookup                           - Undefined Weak Reference
    _atexit_init                              - Undefined Weak Reference
    _call_atexit_fns                          - Undefined Weak Reference
    _clock_init                               - Undefined Weak Reference
    _fp_trap_init                             - Undefined Weak Reference
    _fp_trap_shutdown                         - Undefined Weak Reference
    _get_lc_collate                           - Undefined Weak Reference
    _get_lc_ctype                             - Undefined Weak Reference
    _get_lc_monetary                          - Undefined Weak Reference
    _get_lc_numeric                           - Undefined Weak Reference
    _get_lc_time                              - Undefined Weak Reference
    _getenv_init                              - Undefined Weak Reference
    _handle_redirection                       - Undefined Weak Reference
    _init_alloc                               - Undefined Weak Reference
    _init_user_alloc                          - Undefined Weak Reference
    _initio                                   - Undefined Weak Reference
    _rand_init                                - Undefined Weak Reference
    _signal_finish                            - Undefined Weak Reference
    _signal_init                              - Undefined Weak Reference
    _terminate_alloc                          - Undefined Weak Reference
    _terminate_user_alloc                     - Undefined Weak Reference
    _terminateio                              - Undefined Weak Reference
    __Vectors_Size                           0x00000130   Number         0  startup_stm32f10x_hd.o ABSOLUTE
    __Vectors                                0x08000000   Data           4  startup_stm32f10x_hd.o(RESET)
    __Vectors_End                            0x08000130   Data           0  startup_stm32f10x_hd.o(RESET)
    __main                                   0x08000131   Thumb Code     8  __main.o(!!!main)
    __scatterload                            0x08000139   Thumb Code     0  __scatter.o(!!!scatter)
    __scatterload_rt2                        0x08000139   Thumb Code    44  __scatter.o(!!!scatter)
    __scatterload_rt2_thumb_only             0x08000139   Thumb Code     0  __scatter.o(!!!scatter)
    __scatterload_null                       0x08000147   Thumb Code     0  __scatter.o(!!!scatter)
    __decompress                             0x0800016d   Thumb Code    90  __dczerorl2.o(!!dczerorl2)
    __decompress1                            0x0800016d   Thumb Code     0  __dczerorl2.o(!!dczerorl2)
    __scatterload_zeroinit                   0x080001c9   Thumb Code    28  __scatter_zi.o(!!handler_zi)
    __rt_lib_init                            0x080001e5   Thumb Code     0  libinit.o(.ARM.Collect$$libinit$$00000000)
    __rt_lib_init_alloca_1                   0x080001e7   Thumb Code     0  libinit2.o(.ARM.Collect$$libinit$$0000002E)
    __rt_lib_init_argv_1                     0x080001e7   Thumb Code     0  libinit2.o(.ARM.Collect$$libinit$$0000002C)
    __rt_lib_init_atexit_1                   0x080001e7   Thumb Code     0  libinit2.o(.ARM.Collect$$libinit$$0000001B)
    __rt_lib_init_clock_1                    0x080001e7   Thumb Code     0  libinit2.o(.ARM.Collect$$libinit$$00000021)
    __rt_lib_init_cpp_1                      0x080001e7   Thumb Code     0  libinit2.o(.ARM.Collect$$libinit$$00000032)
    __rt_lib_init_exceptions_1               0x080001e7   Thumb Code     0  libinit2.o(.ARM.Collect$$libinit$$00000030)
    __rt_lib_init_fp_1                       0x080001e7   Thumb Code     0  libinit2.o(.ARM.Collect$$libinit$$00000002)
    __rt_lib_init_fp_trap_1                  0x080001e7   Thumb Code     0  libinit2.o(.ARM.Collect$$libinit$$0000001F)
    __rt_lib_init_getenv_1                   0x080001e7   Thumb Code     0  libinit2.o(.ARM.Collect$$libinit$$00000023)
    __rt_lib_init_heap_1                     0x080001e7   Thumb Code     0  libinit2.o(.ARM.Collect$$libinit$$0000000A)
    __rt_lib_init_lc_collate_1               0x080001e7   Thumb Code     0  libinit2.o(.ARM.Collect$$libinit$$00000011)
    __rt_lib_init_lc_ctype_1                 0x080001e7   Thumb Code     0  libinit2.o(.ARM.Collect$$libinit$$00000013)
    __rt_lib_init_lc_monetary_1              0x080001e7   Thumb Code     0  libinit2.o(.ARM.Collect$$libinit$$00000015)
    __rt_lib_init_lc_numeric_1               0x080001e7   Thumb Code     0  libinit2.o(.ARM.Collect$$libinit$$00000017)
    __rt_lib_init_lc_time_1                  0x080001e7   Thumb Code     0  libinit2.o(.ARM.Collect$$libinit$$00000019)
    __rt_lib_init_preinit_1                  0x080001e7   Thumb Code     0  libinit2.o(.ARM.Collect$$libinit$$00000004)
    __rt_lib_init_rand_1                     0x080001e7   Thumb Code     0  libinit2.o(.ARM.Collect$$libinit$$0000000E)
    __rt_lib_init_return                     0x080001e7   Thumb Code     0  libinit2.o(.ARM.Collect$$libinit$$00000033)
    __rt_lib_init_signal_1                   0x080001e7   Thumb Code     0  libinit2.o(.ARM.Collect$$libinit$$0000001D)
    __rt_lib_init_stdio_1                    0x080001e7   Thumb Code     0  libinit2.o(.ARM.Collect$$libinit$$00000025)
    __rt_lib_init_user_alloc_1               0x080001e7   Thumb Code     0  libinit2.o(.ARM.Collect$$libinit$$0000000C)
    __rt_lib_shutdown                        0x080001e9   Thumb Code     0  libshutdown.o(.ARM.Collect$$libshutdown$$00000000)
    __rt_lib_shutdown_cpp_1                  0x080001eb   Thumb Code     0  libshutdown2.o(.ARM.Collect$$libshutdown$$00000002)
    __rt_lib_shutdown_fp_trap_1              0x080001eb   Thumb Code     0  libshutdown2.o(.ARM.Collect$$libshutdown$$00000007)
    __rt_lib_shutdown_heap_1                 0x080001eb   Thumb Code     0  libshutdown2.o(.ARM.Collect$$libshutdown$$0000000F)
    __rt_lib_shutdown_return                 0x080001eb   Thumb Code     0  libshutdown2.o(.ARM.Collect$$libshutdown$$00000010)
    __rt_lib_shutdown_signal_1               0x080001eb   Thumb Code     0  libshutdown2.o(.ARM.Collect$$libshutdown$$0000000A)
    __rt_lib_shutdown_stdio_1                0x080001eb   Thumb Code     0  libshutdown2.o(.ARM.Collect$$libshutdown$$00000004)
    __rt_lib_shutdown_user_alloc_1           0x080001eb   Thumb Code     0  libshutdown2.o(.ARM.Collect$$libshutdown$$0000000C)
    __rt_entry                               0x080001ed   Thumb Code     0  __rtentry.o(.ARM.Collect$$rtentry$$00000000)
    __rt_entry_presh_1                       0x080001ed   Thumb Code     0  __rtentry2.o(.ARM.Collect$$rtentry$$00000002)
    __rt_entry_sh                            0x080001ed   Thumb Code     0  __rtentry4.o(.ARM.Collect$$rtentry$$00000004)
    __rt_entry_li                            0x080001f3   Thumb Code     0  __rtentry2.o(.ARM.Collect$$rtentry$$0000000A)
    __rt_entry_postsh_1                      0x080001f3   Thumb Code     0  __rtentry2.o(.ARM.Collect$$rtentry$$00000009)
    __rt_entry_main                          0x080001f7   Thumb Code     0  __rtentry2.o(.ARM.Collect$$rtentry$$0000000D)
    __rt_entry_postli_1                      0x080001f7   Thumb Code     0  __rtentry2.o(.ARM.Collect$$rtentry$$0000000C)
    __rt_exit                                0x080001ff   Thumb Code     0  rtexit.o(.ARM.Collect$$rtexit$$00000000)
    __rt_exit_ls                             0x08000201   Thumb Code     0  rtexit2.o(.ARM.Collect$$rtexit$$00000003)
    __rt_exit_prels_1                        0x08000201   Thumb Code     0  rtexit2.o(.ARM.Collect$$rtexit$$00000002)
    __rt_exit_exit                           0x08000205   Thumb Code     0  rtexit2.o(.ARM.Collect$$rtexit$$00000004)
    state1                                   0x0800020d   Thumb Code   458  main.o(.text)
    $Super$$main                             0x08000445   Thumb Code   126  main.o(.text)
    NMI_Handler                              0x0800051d   Thumb Code     2  stm32f10x_it.o(.text)
    MemManage_Handler                        0x0800051f   Thumb Code     4  stm32f10x_it.o(.text)
    BusFault_Handler                         0x08000523   Thumb Code     4  stm32f10x_it.o(.text)
    UsageFault_Handler                       0x08000527   Thumb Code     4  stm32f10x_it.o(.text)
    SVC_Handler                              0x0800052b   Thumb Code     2  stm32f10x_it.o(.text)
    DebugMon_Handler                         0x0800052d   Thumb Code     2  stm32f10x_it.o(.text)
    SystemInit                               0x0800060f   Thumb Code    78  system_stm32f10x.o(.text)
    SystemCoreClockUpdate                    0x0800065d   Thumb Code   142  system_stm32f10x.o(.text)
    LED_Init                                 0x08000711   Thumb Code    46  led.o(.text)
    QEI_Init                                 0x08000745   Thumb Code   198  encoder.o(.text)
    TIM4_GPIO_Config                         0x0800080b   Thumb Code    44  encoder.o(.text)
    Int32Abs                                 0x08000837   Thumb Code    14  encoder.o(.text)
    TIM4_IRQHandler                          0x08000845   Thumb Code    48  encoder.o(.text)
    GET_ENCODER                              0x08000875   Thumb Code    22  encoder.o(.text)
    Encoder_Update                           0x0800088b   Thumb Code   124  encoder.o(.text)
    Encoder_Init                             0x08000907   Thumb Code    26  encoder.o(.text)
    TIM6_Int_Init                            0x08000921   Thumb Code    96  encoder.o(.text)
    TIM6_IRQHandler                          0x08000981   Thumb Code    26  encoder.o(.text)
    RCC_Configuration                        0x0800099b   Thumb Code   100  encoder.o(.text)
    Encoder_Configuration                    0x080009ff   Thumb Code    16  encoder.o(.text)
    GPIO_init_motor                          0x08000a3d   Thumb Code    46  motor.o(.text)
    PWM_init_motor                           0x08000a6b   Thumb Code   182  motor.o(.text)
    TIM7_delay_1ms                           0x08000b21   Thumb Code    46  motor.o(.text)
    setspeed_motor1                          0x08000b4f   Thumb Code   198  motor.o(.text)
    TIM2_IRQHandler                          0x08000c15   Thumb Code    66  motor.o(.text)
    TIM7_Int_Init                            0x08000c57   Thumb Code   106  motor.o(.text)
    TIM7_IRQHandler                          0x08000cc1   Thumb Code    32  motor.o(.text)
    DC_Motor_init_motor                      0x08000ce1   Thumb Code    22  motor.o(.text)
    DC_Motor_positive                        0x08000cf7   Thumb Code    16  motor.o(.text)
    DC_Motor_negative                        0x08000d07   Thumb Code    16  motor.o(.text)
    DC_Motor_reset                           0x08000d17   Thumb Code    34  motor.o(.text)
    my_delay                                 0x08000d59   Thumb Code    14  servo.o(.text)
    mode_init                                0x08000d67   Thumb Code   100  servo.o(.text)
    gpio_init                                0x08000dcb   Thumb Code    46  servo.o(.text)
    Servo_init                               0x08000df9   Thumb Code    16  servo.o(.text)
    set_Servp_angle                          0x08000e09   Thumb Code    64  servo.o(.text)
    set_servo_angle                          0x08000e49   Thumb Code    98  servo.o(.text)
    TIM5_Init                                0x08000ec9   Thumb Code   174  step_motor.o(.text)
    TIM8_Init                                0x08000f77   Thumb Code   218  step_motor.o(.text)
    TIM1_Init                                0x08001051   Thumb Code   226  step_motor.o(.text)
    step_dir_init                            0x08001133   Thumb Code    80  step_motor.o(.text)
    step_motor_1                             0x08001183   Thumb Code    74  step_motor.o(.text)
    step_motor_2                             0x080011cd   Thumb Code    74  step_motor.o(.text)
    step_motor_3                             0x08001217   Thumb Code    64  step_motor.o(.text)
    step_motor_3_work                        0x08001257   Thumb Code    34  step_motor.o(.text)
    unlimit_step_1                           0x08001279   Thumb Code    28  step_motor.o(.text)
    unlimit_step_2                           0x08001295   Thumb Code    22  step_motor.o(.text)
    unlimit_step_3                           0x080012ab   Thumb Code    22  step_motor.o(.text)
    TIM5_IRQHandler                          0x080012c1   Thumb Code   114  step_motor.o(.text)
    TIM8_UP_IRQHandler                       0x08001333   Thumb Code    56  step_motor.o(.text)
    TIM1_UP_IRQHandler                       0x0800136b   Thumb Code    20  step_motor.o(.text)
    Step_Motor_Init                          0x0800137f   Thumb Code    26  step_motor.o(.text)
    KEY_Init                                 0x080013b5   Thumb Code    38  exti.o(.text)
    My_EXTI_Init                             0x080013db   Thumb Code   232  exti.o(.text)
    EXTI0_IRQHandler                         0x080014c3   Thumb Code    40  exti.o(.text)
    EXTI3_IRQHandler                         0x080014eb   Thumb Code    64  exti.o(.text)
    EXTI2_IRQHandler                         0x0800152b   Thumb Code    76  exti.o(.text)
    EXTI4_IRQHandler                         0x08001577   Thumb Code    60  exti.o(.text)
    delay_init                               0x080015f1   Thumb Code    40  delay.o(.text)
    delay_us                                 0x08001619   Thumb Code    72  delay.o(.text)
    delay_ms                                 0x08001661   Thumb Code    72  delay.o(.text)
    _sys_exit                                0x080016b9   Thumb Code     6  usart.o(.text)
    fputc                                    0x080016bf   Thumb Code    24  usart.o(.text)
    uart_init                                0x080016d7   Thumb Code   152  usart.o(.text)
    USART1_IRQHandler                        0x0800176f   Thumb Code   122  usart.o(.text)
    USART1_DMA_Init                          0x080017f9   Thumb Code   242  uart1.o(.text)
    USART1_SendByte                          0x080018eb   Thumb Code    32  uart1.o(.text)
    USART1_Sendstring                        0x0800190b   Thumb Code    24  uart1.o(.text)
    DMA1_Channel5_IRQHandler                 0x08001923   Thumb Code    30  uart1.o(.text)
    USART3_DMA_Init                          0x08001955   Thumb Code   248  usart_3.o(.text)
    USART3_SendByte                          0x08001a4d   Thumb Code    32  usart_3.o(.text)
    USART3_Sendstring                        0x08001a6d   Thumb Code    24  usart_3.o(.text)
    DMA1_Channel3_IRQHandler                 0x08001a85   Thumb Code    30  usart_3.o(.text)
    Reset_Handler                            0x08001ab9   Thumb Code     8  startup_stm32f10x_hd.o(.text)
    ADC1_2_IRQHandler                        0x08001ad3   Thumb Code     0  startup_stm32f10x_hd.o(.text)
    ADC3_IRQHandler                          0x08001ad3   Thumb Code     0  startup_stm32f10x_hd.o(.text)
    CAN1_RX1_IRQHandler                      0x08001ad3   Thumb Code     0  startup_stm32f10x_hd.o(.text)
    CAN1_SCE_IRQHandler                      0x08001ad3   Thumb Code     0  startup_stm32f10x_hd.o(.text)
    DMA1_Channel1_IRQHandler                 0x08001ad3   Thumb Code     0  startup_stm32f10x_hd.o(.text)
    DMA1_Channel2_IRQHandler                 0x08001ad3   Thumb Code     0  startup_stm32f10x_hd.o(.text)
    DMA1_Channel4_IRQHandler                 0x08001ad3   Thumb Code     0  startup_stm32f10x_hd.o(.text)
    DMA1_Channel6_IRQHandler                 0x08001ad3   Thumb Code     0  startup_stm32f10x_hd.o(.text)
    DMA1_Channel7_IRQHandler                 0x08001ad3   Thumb Code     0  startup_stm32f10x_hd.o(.text)
    DMA2_Channel1_IRQHandler                 0x08001ad3   Thumb Code     0  startup_stm32f10x_hd.o(.text)
    DMA2_Channel2_IRQHandler                 0x08001ad3   Thumb Code     0  startup_stm32f10x_hd.o(.text)
    DMA2_Channel3_IRQHandler                 0x08001ad3   Thumb Code     0  startup_stm32f10x_hd.o(.text)
    DMA2_Channel4_5_IRQHandler               0x08001ad3   Thumb Code     0  startup_stm32f10x_hd.o(.text)
    EXTI15_10_IRQHandler                     0x08001ad3   Thumb Code     0  startup_stm32f10x_hd.o(.text)
    EXTI1_IRQHandler                         0x08001ad3   Thumb Code     0  startup_stm32f10x_hd.o(.text)
    EXTI9_5_IRQHandler                       0x08001ad3   Thumb Code     0  startup_stm32f10x_hd.o(.text)
    FLASH_IRQHandler                         0x08001ad3   Thumb Code     0  startup_stm32f10x_hd.o(.text)
    FSMC_IRQHandler                          0x08001ad3   Thumb Code     0  startup_stm32f10x_hd.o(.text)
    I2C1_ER_IRQHandler                       0x08001ad3   Thumb Code     0  startup_stm32f10x_hd.o(.text)
    I2C1_EV_IRQHandler                       0x08001ad3   Thumb Code     0  startup_stm32f10x_hd.o(.text)
    I2C2_ER_IRQHandler                       0x08001ad3   Thumb Code     0  startup_stm32f10x_hd.o(.text)
    I2C2_EV_IRQHandler                       0x08001ad3   Thumb Code     0  startup_stm32f10x_hd.o(.text)
    PVD_IRQHandler                           0x08001ad3   Thumb Code     0  startup_stm32f10x_hd.o(.text)
    RCC_IRQHandler                           0x08001ad3   Thumb Code     0  startup_stm32f10x_hd.o(.text)
    RTCAlarm_IRQHandler                      0x08001ad3   Thumb Code     0  startup_stm32f10x_hd.o(.text)
    RTC_IRQHandler                           0x08001ad3   Thumb Code     0  startup_stm32f10x_hd.o(.text)
    SDIO_IRQHandler                          0x08001ad3   Thumb Code     0  startup_stm32f10x_hd.o(.text)
    SPI1_IRQHandler                          0x08001ad3   Thumb Code     0  startup_stm32f10x_hd.o(.text)
    SPI2_IRQHandler                          0x08001ad3   Thumb Code     0  startup_stm32f10x_hd.o(.text)
    SPI3_IRQHandler                          0x08001ad3   Thumb Code     0  startup_stm32f10x_hd.o(.text)
    TAMPER_IRQHandler                        0x08001ad3   Thumb Code     0  startup_stm32f10x_hd.o(.text)
    TIM1_BRK_IRQHandler                      0x08001ad3   Thumb Code     0  startup_stm32f10x_hd.o(.text)
    TIM1_CC_IRQHandler                       0x08001ad3   Thumb Code     0  startup_stm32f10x_hd.o(.text)
    TIM1_TRG_COM_IRQHandler                  0x08001ad3   Thumb Code     0  startup_stm32f10x_hd.o(.text)
    TIM3_IRQHandler                          0x08001ad3   Thumb Code     0  startup_stm32f10x_hd.o(.text)
    TIM8_BRK_IRQHandler                      0x08001ad3   Thumb Code     0  startup_stm32f10x_hd.o(.text)
    TIM8_CC_IRQHandler                       0x08001ad3   Thumb Code     0  startup_stm32f10x_hd.o(.text)
    TIM8_TRG_COM_IRQHandler                  0x08001ad3   Thumb Code     0  startup_stm32f10x_hd.o(.text)
    UART4_IRQHandler                         0x08001ad3   Thumb Code     0  startup_stm32f10x_hd.o(.text)
    UART5_IRQHandler                         0x08001ad3   Thumb Code     0  startup_stm32f10x_hd.o(.text)
    USART2_IRQHandler                        0x08001ad3   Thumb Code     0  startup_stm32f10x_hd.o(.text)
    USART3_IRQHandler                        0x08001ad3   Thumb Code     0  startup_stm32f10x_hd.o(.text)
    USBWakeUp_IRQHandler                     0x08001ad3   Thumb Code     0  startup_stm32f10x_hd.o(.text)
    USB_HP_CAN1_TX_IRQHandler                0x08001ad3   Thumb Code     0  startup_stm32f10x_hd.o(.text)
    USB_LP_CAN1_RX0_IRQHandler               0x08001ad3   Thumb Code     0  startup_stm32f10x_hd.o(.text)
    WWDG_IRQHandler                          0x08001ad3   Thumb Code     0  startup_stm32f10x_hd.o(.text)
    __user_initial_stackheap                 0x08001ad5   Thumb Code     0  startup_stm32f10x_hd.o(.text)
    NVIC_PriorityGroupConfig                 0x08001af5   Thumb Code    10  misc.o(.text)
    NVIC_Init                                0x08001aff   Thumb Code   100  misc.o(.text)
    NVIC_SetVectorTable                      0x08001b63   Thumb Code    14  misc.o(.text)
    NVIC_SystemLPConfig                      0x08001b71   Thumb Code    34  misc.o(.text)
    SysTick_CLKSourceConfig                  0x08001b93   Thumb Code    40  misc.o(.text)
    GPIO_DeInit                              0x08001bd1   Thumb Code   172  stm32f10x_gpio.o(.text)
    GPIO_AFIODeInit                          0x08001c7d   Thumb Code    20  stm32f10x_gpio.o(.text)
    GPIO_Init                                0x08001c91   Thumb Code   278  stm32f10x_gpio.o(.text)
    GPIO_StructInit                          0x08001da7   Thumb Code    16  stm32f10x_gpio.o(.text)
    GPIO_ReadInputDataBit                    0x08001db7   Thumb Code    18  stm32f10x_gpio.o(.text)
    GPIO_ReadInputData                       0x08001dc9   Thumb Code     8  stm32f10x_gpio.o(.text)
    GPIO_ReadOutputDataBit                   0x08001dd1   Thumb Code    18  stm32f10x_gpio.o(.text)
    GPIO_ReadOutputData                      0x08001de3   Thumb Code     8  stm32f10x_gpio.o(.text)
    GPIO_SetBits                             0x08001deb   Thumb Code     4  stm32f10x_gpio.o(.text)
    GPIO_ResetBits                           0x08001def   Thumb Code     4  stm32f10x_gpio.o(.text)
    GPIO_WriteBit                            0x08001df3   Thumb Code    10  stm32f10x_gpio.o(.text)
    GPIO_Write                               0x08001dfd   Thumb Code     4  stm32f10x_gpio.o(.text)
    GPIO_PinLockConfig                       0x08001e01   Thumb Code    18  stm32f10x_gpio.o(.text)
    GPIO_EventOutputConfig                   0x08001e13   Thumb Code    26  stm32f10x_gpio.o(.text)
    GPIO_EventOutputCmd                      0x08001e2d   Thumb Code     6  stm32f10x_gpio.o(.text)
    GPIO_PinRemapConfig                      0x08001e33   Thumb Code   138  stm32f10x_gpio.o(.text)
    GPIO_EXTILineConfig                      0x08001ebd   Thumb Code    66  stm32f10x_gpio.o(.text)
    GPIO_ETH_MediaInterfaceConfig            0x08001eff   Thumb Code     8  stm32f10x_gpio.o(.text)
    RCC_DeInit                               0x08001f2d   Thumb Code    64  stm32f10x_rcc.o(.text)
    RCC_HSEConfig                            0x08001f6d   Thumb Code    70  stm32f10x_rcc.o(.text)
    RCC_GetFlagStatus                        0x08001fb3   Thumb Code    56  stm32f10x_rcc.o(.text)
    RCC_WaitForHSEStartUp                    0x08001feb   Thumb Code    56  stm32f10x_rcc.o(.text)
    RCC_AdjustHSICalibrationValue            0x08002023   Thumb Code    20  stm32f10x_rcc.o(.text)
    RCC_HSICmd                               0x08002037   Thumb Code     6  stm32f10x_rcc.o(.text)
    RCC_PLLConfig                            0x0800203d   Thumb Code    24  stm32f10x_rcc.o(.text)
    RCC_PLLCmd                               0x08002055   Thumb Code     6  stm32f10x_rcc.o(.text)
    RCC_SYSCLKConfig                         0x0800205b   Thumb Code    18  stm32f10x_rcc.o(.text)
    RCC_GetSYSCLKSource                      0x0800206d   Thumb Code    10  stm32f10x_rcc.o(.text)
    RCC_HCLKConfig                           0x08002077   Thumb Code    18  stm32f10x_rcc.o(.text)
    RCC_PCLK1Config                          0x08002089   Thumb Code    18  stm32f10x_rcc.o(.text)
    RCC_PCLK2Config                          0x0800209b   Thumb Code    20  stm32f10x_rcc.o(.text)
    RCC_ITConfig                             0x080020af   Thumb Code    26  stm32f10x_rcc.o(.text)
    RCC_USBCLKConfig                         0x080020c9   Thumb Code     8  stm32f10x_rcc.o(.text)
    RCC_ADCCLKConfig                         0x080020d1   Thumb Code    18  stm32f10x_rcc.o(.text)
    RCC_LSEConfig                            0x080020e3   Thumb Code    50  stm32f10x_rcc.o(.text)
    RCC_LSICmd                               0x08002115   Thumb Code     6  stm32f10x_rcc.o(.text)
    RCC_RTCCLKConfig                         0x0800211b   Thumb Code    12  stm32f10x_rcc.o(.text)
    RCC_RTCCLKCmd                            0x08002127   Thumb Code     8  stm32f10x_rcc.o(.text)
    RCC_GetClocksFreq                        0x0800212f   Thumb Code   192  stm32f10x_rcc.o(.text)
    RCC_AHBPeriphClockCmd                    0x080021ef   Thumb Code    26  stm32f10x_rcc.o(.text)
    RCC_APB2PeriphClockCmd                   0x08002209   Thumb Code    26  stm32f10x_rcc.o(.text)
    RCC_APB1PeriphClockCmd                   0x08002223   Thumb Code    26  stm32f10x_rcc.o(.text)
    RCC_APB2PeriphResetCmd                   0x0800223d   Thumb Code    26  stm32f10x_rcc.o(.text)
    RCC_APB1PeriphResetCmd                   0x08002257   Thumb Code    26  stm32f10x_rcc.o(.text)
    RCC_BackupResetCmd                       0x08002271   Thumb Code     8  stm32f10x_rcc.o(.text)
    RCC_ClockSecuritySystemCmd               0x08002279   Thumb Code     6  stm32f10x_rcc.o(.text)
    RCC_MCOConfig                            0x0800227f   Thumb Code     6  stm32f10x_rcc.o(.text)
    RCC_ClearFlag                            0x08002285   Thumb Code    14  stm32f10x_rcc.o(.text)
    RCC_GetITStatus                          0x08002293   Thumb Code    20  stm32f10x_rcc.o(.text)
    RCC_ClearITPendingBit                    0x080022a7   Thumb Code     6  stm32f10x_rcc.o(.text)
    USART_DeInit                             0x080022d1   Thumb Code   134  stm32f10x_usart.o(.text)
    USART_Init                               0x08002357   Thumb Code   210  stm32f10x_usart.o(.text)
    USART_StructInit                         0x08002429   Thumb Code    24  stm32f10x_usart.o(.text)
    USART_ClockInit                          0x08002441   Thumb Code    34  stm32f10x_usart.o(.text)
    USART_ClockStructInit                    0x08002463   Thumb Code    12  stm32f10x_usart.o(.text)
    USART_Cmd                                0x0800246f   Thumb Code    24  stm32f10x_usart.o(.text)
    USART_ITConfig                           0x08002487   Thumb Code    74  stm32f10x_usart.o(.text)
    USART_DMACmd                             0x080024d1   Thumb Code    18  stm32f10x_usart.o(.text)
    USART_SetAddress                         0x080024e3   Thumb Code    18  stm32f10x_usart.o(.text)
    USART_WakeUpConfig                       0x080024f5   Thumb Code    18  stm32f10x_usart.o(.text)
    USART_ReceiverWakeUpCmd                  0x08002507   Thumb Code    24  stm32f10x_usart.o(.text)
    USART_LINBreakDetectLengthConfig         0x0800251f   Thumb Code    18  stm32f10x_usart.o(.text)
    USART_LINCmd                             0x08002531   Thumb Code    24  stm32f10x_usart.o(.text)
    USART_SendData                           0x08002549   Thumb Code     8  stm32f10x_usart.o(.text)
    USART_ReceiveData                        0x08002551   Thumb Code    10  stm32f10x_usart.o(.text)
    USART_SendBreak                          0x0800255b   Thumb Code    10  stm32f10x_usart.o(.text)
    USART_SetGuardTime                       0x08002565   Thumb Code    16  stm32f10x_usart.o(.text)
    USART_SetPrescaler                       0x08002575   Thumb Code    16  stm32f10x_usart.o(.text)
    USART_SmartCardCmd                       0x08002585   Thumb Code    24  stm32f10x_usart.o(.text)
    USART_SmartCardNACKCmd                   0x0800259d   Thumb Code    24  stm32f10x_usart.o(.text)
    USART_HalfDuplexCmd                      0x080025b5   Thumb Code    24  stm32f10x_usart.o(.text)
    USART_OverSampling8Cmd                   0x080025cd   Thumb Code    22  stm32f10x_usart.o(.text)
    USART_OneBitMethodCmd                    0x080025e3   Thumb Code    24  stm32f10x_usart.o(.text)
    USART_IrDAConfig                         0x080025fb   Thumb Code    18  stm32f10x_usart.o(.text)
    USART_IrDACmd                            0x0800260d   Thumb Code    24  stm32f10x_usart.o(.text)
    USART_GetFlagStatus                      0x08002625   Thumb Code    26  stm32f10x_usart.o(.text)
    USART_ClearFlag                          0x0800263f   Thumb Code    18  stm32f10x_usart.o(.text)
    USART_GetITStatus                        0x08002651   Thumb Code    84  stm32f10x_usart.o(.text)
    USART_ClearITPendingBit                  0x080026a5   Thumb Code    52  stm32f10x_usart.o(.text)
    TIM_DeInit                               0x080026d9   Thumb Code   424  stm32f10x_tim.o(.text)
    TIM_TimeBaseInit                         0x08002881   Thumb Code   122  stm32f10x_tim.o(.text)
    TIM_OC1Init                              0x080028fb   Thumb Code   132  stm32f10x_tim.o(.text)
    TIM_OC2Init                              0x0800297f   Thumb Code   154  stm32f10x_tim.o(.text)
    TIM_OC3Init                              0x08002a19   Thumb Code   150  stm32f10x_tim.o(.text)
    TIM_OC4Init                              0x08002aaf   Thumb Code   182  stm32f10x_tim.o(.text)
    TIM_SetIC4Prescaler                      0x08002b65   Thumb Code    26  stm32f10x_tim.o(.text)
    TIM_SetIC3Prescaler                      0x08002c01   Thumb Code    18  stm32f10x_tim.o(.text)
    TIM_SetIC2Prescaler                      0x08002c8d   Thumb Code    26  stm32f10x_tim.o(.text)
    TIM_SetIC1Prescaler                      0x08002d29   Thumb Code    18  stm32f10x_tim.o(.text)
    TIM_ICInit                               0x08002da7   Thumb Code   150  stm32f10x_tim.o(.text)
    TIM_PWMIConfig                           0x08002e3d   Thumb Code   124  stm32f10x_tim.o(.text)
    TIM_BDTRConfig                           0x08002eb9   Thumb Code    32  stm32f10x_tim.o(.text)
    TIM_TimeBaseStructInit                   0x08002ed9   Thumb Code    18  stm32f10x_tim.o(.text)
    TIM_OCStructInit                         0x08002eeb   Thumb Code    20  stm32f10x_tim.o(.text)
    TIM_ICStructInit                         0x08002eff   Thumb Code    18  stm32f10x_tim.o(.text)
    TIM_BDTRStructInit                       0x08002f11   Thumb Code    40  stm32f10x_tim.o(.text)
    TIM_Cmd                                  0x08002f39   Thumb Code    24  stm32f10x_tim.o(.text)
    TIM_CtrlPWMOutputs                       0x08002f51   Thumb Code    30  stm32f10x_tim.o(.text)
    TIM_ITConfig                             0x08002f6f   Thumb Code    18  stm32f10x_tim.o(.text)
    TIM_GenerateEvent                        0x08002f81   Thumb Code     4  stm32f10x_tim.o(.text)
    TIM_DMAConfig                            0x08002f85   Thumb Code    10  stm32f10x_tim.o(.text)
    TIM_DMACmd                               0x08002f8f   Thumb Code    18  stm32f10x_tim.o(.text)
    TIM_InternalClockConfig                  0x08002fa1   Thumb Code    12  stm32f10x_tim.o(.text)
    TIM_SelectInputTrigger                   0x08002fad   Thumb Code    18  stm32f10x_tim.o(.text)
    TIM_ITRxExternalClockConfig              0x08002fbf   Thumb Code    24  stm32f10x_tim.o(.text)
    TIM_TIxExternalClockConfig               0x08002fd7   Thumb Code    62  stm32f10x_tim.o(.text)
    TIM_ETRConfig                            0x08003015   Thumb Code    28  stm32f10x_tim.o(.text)
    TIM_ETRClockMode1Config                  0x08003031   Thumb Code    54  stm32f10x_tim.o(.text)
    TIM_ETRClockMode2Config                  0x08003067   Thumb Code    32  stm32f10x_tim.o(.text)
    TIM_PrescalerConfig                      0x08003087   Thumb Code     6  stm32f10x_tim.o(.text)
    TIM_CounterModeConfig                    0x0800308d   Thumb Code    18  stm32f10x_tim.o(.text)
    TIM_EncoderInterfaceConfig               0x0800309f   Thumb Code    66  stm32f10x_tim.o(.text)
    TIM_ForcedOC1Config                      0x080030e1   Thumb Code    18  stm32f10x_tim.o(.text)
    TIM_ForcedOC2Config                      0x080030f3   Thumb Code    26  stm32f10x_tim.o(.text)
    TIM_ForcedOC3Config                      0x0800310d   Thumb Code    18  stm32f10x_tim.o(.text)
    TIM_ForcedOC4Config                      0x0800311f   Thumb Code    26  stm32f10x_tim.o(.text)
    TIM_ARRPreloadConfig                     0x08003139   Thumb Code    24  stm32f10x_tim.o(.text)
    TIM_SelectCOM                            0x08003151   Thumb Code    24  stm32f10x_tim.o(.text)
    TIM_SelectCCDMA                          0x08003169   Thumb Code    24  stm32f10x_tim.o(.text)
    TIM_CCPreloadControl                     0x08003181   Thumb Code    24  stm32f10x_tim.o(.text)
    TIM_OC1PreloadConfig                     0x08003199   Thumb Code    18  stm32f10x_tim.o(.text)
    TIM_OC2PreloadConfig                     0x080031ab   Thumb Code    26  stm32f10x_tim.o(.text)
    TIM_OC3PreloadConfig                     0x080031c5   Thumb Code    18  stm32f10x_tim.o(.text)
    TIM_OC4PreloadConfig                     0x080031d7   Thumb Code    26  stm32f10x_tim.o(.text)
    TIM_OC1FastConfig                        0x080031f1   Thumb Code    18  stm32f10x_tim.o(.text)
    TIM_OC2FastConfig                        0x08003203   Thumb Code    26  stm32f10x_tim.o(.text)
    TIM_OC3FastConfig                        0x0800321d   Thumb Code    18  stm32f10x_tim.o(.text)
    TIM_OC4FastConfig                        0x0800322f   Thumb Code    26  stm32f10x_tim.o(.text)
    TIM_ClearOC1Ref                          0x08003249   Thumb Code    18  stm32f10x_tim.o(.text)
    TIM_ClearOC2Ref                          0x0800325b   Thumb Code    24  stm32f10x_tim.o(.text)
    TIM_ClearOC3Ref                          0x08003273   Thumb Code    18  stm32f10x_tim.o(.text)
    TIM_ClearOC4Ref                          0x08003285   Thumb Code    24  stm32f10x_tim.o(.text)
    TIM_OC1PolarityConfig                    0x0800329d   Thumb Code    18  stm32f10x_tim.o(.text)
    TIM_OC1NPolarityConfig                   0x080032af   Thumb Code    18  stm32f10x_tim.o(.text)
    TIM_OC2PolarityConfig                    0x080032c1   Thumb Code    26  stm32f10x_tim.o(.text)
    TIM_OC2NPolarityConfig                   0x080032db   Thumb Code    26  stm32f10x_tim.o(.text)
    TIM_OC3PolarityConfig                    0x080032f5   Thumb Code    26  stm32f10x_tim.o(.text)
    TIM_OC3NPolarityConfig                   0x0800330f   Thumb Code    26  stm32f10x_tim.o(.text)
    TIM_OC4PolarityConfig                    0x08003329   Thumb Code    26  stm32f10x_tim.o(.text)
    TIM_CCxCmd                               0x08003343   Thumb Code    30  stm32f10x_tim.o(.text)
    TIM_CCxNCmd                              0x08003361   Thumb Code    30  stm32f10x_tim.o(.text)
    TIM_SelectOCxM                           0x0800337f   Thumb Code    82  stm32f10x_tim.o(.text)
    TIM_UpdateDisableConfig                  0x080033d1   Thumb Code    24  stm32f10x_tim.o(.text)
    TIM_UpdateRequestConfig                  0x080033e9   Thumb Code    24  stm32f10x_tim.o(.text)
    TIM_SelectHallSensor                     0x08003401   Thumb Code    24  stm32f10x_tim.o(.text)
    TIM_SelectOnePulseMode                   0x08003419   Thumb Code    18  stm32f10x_tim.o(.text)
    TIM_SelectOutputTrigger                  0x0800342b   Thumb Code    18  stm32f10x_tim.o(.text)
    TIM_SelectSlaveMode                      0x0800343d   Thumb Code    18  stm32f10x_tim.o(.text)
    TIM_SelectMasterSlaveMode                0x0800344f   Thumb Code    18  stm32f10x_tim.o(.text)
    TIM_SetCounter                           0x08003461   Thumb Code     4  stm32f10x_tim.o(.text)
    TIM_SetAutoreload                        0x08003465   Thumb Code     4  stm32f10x_tim.o(.text)
    TIM_SetCompare1                          0x08003469   Thumb Code     4  stm32f10x_tim.o(.text)
    TIM_SetCompare2                          0x0800346d   Thumb Code     4  stm32f10x_tim.o(.text)
    TIM_SetCompare3                          0x08003471   Thumb Code     4  stm32f10x_tim.o(.text)
    TIM_SetCompare4                          0x08003475   Thumb Code     6  stm32f10x_tim.o(.text)
    TIM_SetClockDivision                     0x0800347b   Thumb Code    18  stm32f10x_tim.o(.text)
    TIM_GetCapture1                          0x0800348d   Thumb Code     6  stm32f10x_tim.o(.text)
    TIM_GetCapture2                          0x08003493   Thumb Code     6  stm32f10x_tim.o(.text)
    TIM_GetCapture3                          0x08003499   Thumb Code     6  stm32f10x_tim.o(.text)
    TIM_GetCapture4                          0x0800349f   Thumb Code     8  stm32f10x_tim.o(.text)
    TIM_GetCounter                           0x080034a7   Thumb Code     6  stm32f10x_tim.o(.text)
    TIM_GetPrescaler                         0x080034ad   Thumb Code     6  stm32f10x_tim.o(.text)
    TIM_GetFlagStatus                        0x080034b3   Thumb Code    18  stm32f10x_tim.o(.text)
    TIM_ClearFlag                            0x080034c5   Thumb Code     6  stm32f10x_tim.o(.text)
    TIM_GetITStatus                          0x080034cb   Thumb Code    34  stm32f10x_tim.o(.text)
    TIM_ClearITPendingBit                    0x080034ed   Thumb Code     6  stm32f10x_tim.o(.text)
    DMA_DeInit                               0x080034f5   Thumb Code   324  stm32f10x_dma.o(.text)
    DMA_Init                                 0x08003639   Thumb Code    60  stm32f10x_dma.o(.text)
    DMA_StructInit                           0x08003675   Thumb Code    26  stm32f10x_dma.o(.text)
    DMA_Cmd                                  0x0800368f   Thumb Code    24  stm32f10x_dma.o(.text)
    DMA_ITConfig                             0x080036a7   Thumb Code    18  stm32f10x_dma.o(.text)
    DMA_SetCurrDataCounter                   0x080036b9   Thumb Code     4  stm32f10x_dma.o(.text)
    DMA_GetCurrDataCounter                   0x080036bd   Thumb Code     8  stm32f10x_dma.o(.text)
    DMA_GetFlagStatus                        0x080036c5   Thumb Code    40  stm32f10x_dma.o(.text)
    DMA_ClearFlag                            0x080036ed   Thumb Code    22  stm32f10x_dma.o(.text)
    DMA_GetITStatus                          0x08003703   Thumb Code    40  stm32f10x_dma.o(.text)
    DMA_ClearITPendingBit                    0x0800372b   Thumb Code    22  stm32f10x_dma.o(.text)
    EXTI_DeInit                              0x08003749   Thumb Code    28  stm32f10x_exti.o(.text)
    EXTI_Init                                0x08003765   Thumb Code   142  stm32f10x_exti.o(.text)
    EXTI_StructInit                          0x080037f3   Thumb Code    16  stm32f10x_exti.o(.text)
    EXTI_GenerateSWInterrupt                 0x08003803   Thumb Code    16  stm32f10x_exti.o(.text)
    EXTI_GetFlagStatus                       0x08003813   Thumb Code    22  stm32f10x_exti.o(.text)
    EXTI_ClearFlag                           0x08003829   Thumb Code     8  stm32f10x_exti.o(.text)
    EXTI_GetITStatus                         0x08003831   Thumb Code    34  stm32f10x_exti.o(.text)
    EXTI_ClearITPendingBit                   0x08003853   Thumb Code     8  stm32f10x_exti.o(.text)
    FLASH_SetLatency                         0x08003865   Thumb Code    18  stm32f10x_flash.o(.text)
    FLASH_HalfCycleAccessCmd                 0x08003877   Thumb Code    22  stm32f10x_flash.o(.text)
    FLASH_PrefetchBufferCmd                  0x0800388d   Thumb Code    22  stm32f10x_flash.o(.text)
    FLASH_Unlock                             0x080038a3   Thumb Code    12  stm32f10x_flash.o(.text)
    FLASH_UnlockBank1                        0x080038af   Thumb Code    12  stm32f10x_flash.o(.text)
    FLASH_Lock                               0x080038bb   Thumb Code    14  stm32f10x_flash.o(.text)
    FLASH_LockBank1                          0x080038c9   Thumb Code    14  stm32f10x_flash.o(.text)
    FLASH_GetBank1Status                     0x080038d7   Thumb Code    48  stm32f10x_flash.o(.text)
    FLASH_WaitForLastOperation               0x08003907   Thumb Code    38  stm32f10x_flash.o(.text)
    FLASH_ErasePage                          0x0800392d   Thumb Code    72  stm32f10x_flash.o(.text)
    FLASH_EraseAllPages                      0x08003975   Thumb Code    68  stm32f10x_flash.o(.text)
    FLASH_WaitForLastBank1Operation          0x080039b9   Thumb Code    38  stm32f10x_flash.o(.text)
    FLASH_EraseAllBank1Pages                 0x080039df   Thumb Code    68  stm32f10x_flash.o(.text)
    FLASH_GetReadOutProtectionStatus         0x08003a23   Thumb Code    20  stm32f10x_flash.o(.text)
    FLASH_EraseOptionBytes                   0x08003a37   Thumb Code   150  stm32f10x_flash.o(.text)
    FLASH_ProgramWord                        0x08003acd   Thumb Code   102  stm32f10x_flash.o(.text)
    FLASH_ProgramHalfWord                    0x08003b33   Thumb Code    60  stm32f10x_flash.o(.text)
    FLASH_ProgramOptionByteData              0x08003b6f   Thumb Code    72  stm32f10x_flash.o(.text)
    FLASH_EnableWriteProtection              0x08003bb7   Thumb Code   200  stm32f10x_flash.o(.text)
    FLASH_ReadOutProtection                  0x08003c7f   Thumb Code   156  stm32f10x_flash.o(.text)
    FLASH_UserOptionByteConfig               0x08003d1b   Thumb Code    88  stm32f10x_flash.o(.text)
    FLASH_GetUserOptionByte                  0x08003d73   Thumb Code     8  stm32f10x_flash.o(.text)
    FLASH_GetWriteProtectionOptionByte       0x08003d7b   Thumb Code     6  stm32f10x_flash.o(.text)
    FLASH_GetPrefetchBufferStatus            0x08003d81   Thumb Code    20  stm32f10x_flash.o(.text)
    FLASH_ITConfig                           0x08003d95   Thumb Code    26  stm32f10x_flash.o(.text)
    FLASH_GetFlagStatus                      0x08003daf   Thumb Code    42  stm32f10x_flash.o(.text)
    FLASH_ClearFlag                          0x08003dd9   Thumb Code     6  stm32f10x_flash.o(.text)
    FLASH_GetStatus                          0x08003ddf   Thumb Code    48  stm32f10x_flash.o(.text)
    rt_hw_interrupt_disable                  0x08003e21   Thumb Code     8  context_rvds.o(.text)
    rt_hw_interrupt_enable                   0x08003e29   Thumb Code     6  context_rvds.o(.text)
    rt_hw_context_switch                     0x08003e2f   Thumb Code    32  context_rvds.o(.text)
    rt_hw_context_switch_interrupt           0x08003e2f   Thumb Code     0  context_rvds.o(.text)
    PendSV_Handler                           0x08003e4f   Thumb Code    60  context_rvds.o(.text)
    rt_hw_context_switch_to                  0x08003e8b   Thumb Code    56  context_rvds.o(.text)
    rt_hw_interrupt_thread_switch            0x08003ec3   Thumb Code     2  context_rvds.o(.text)
    HardFault_Handler                        0x08003ec5   Thumb Code    48  context_rvds.o(.text)
    rt_hw_stack_init                         0x08003f0d   Thumb Code    70  cpuport.o(.text)
    rt_hw_exception_install                  0x08003f53   Thumb Code     6  cpuport.o(.text)
    rt_hw_hard_fault_exception               0x08003f59   Thumb Code   190  cpuport.o(.text)
    rt_hw_cpu_shutdown                       0x08004017   Thumb Code    10  cpuport.o(.text)
    rt_system_tick_init                      0x08004175   Thumb Code     2  clock.o(.text)
    rt_tick_get                              0x08004177   Thumb Code     6  clock.o(.text)
    rt_tick_set                              0x0800417d   Thumb Code    22  clock.o(.text)
    rt_tick_increase                         0x08004193   Thumb Code    42  clock.o(.text)
    rt_tick_from_millisecond                 0x080041bd   Thumb Code    20  clock.o(.text)
    rt_components_board_init                 0x080041e5   Thumb Code    20  components.o(.text)
    rt_components_init                       0x080041f9   Thumb Code    20  components.o(.text)
    main_thread_entry                        0x0800420d   Thumb Code    14  components.o(.text)
    rt_application_init                      0x0800421b   Thumb Code    44  components.o(.text)
    rtthread_startup                         0x08004247   Thumb Code    42  components.o(.text)
    main                                     0x08004271   Thumb Code    14  components.o(.text)
    rt_device_find                           0x0800429d   Thumb Code    76  device.o(.text)
    rt_device_register                       0x080042e9   Thumb Code    52  device.o(.text)
    rt_device_unregister                     0x0800431d   Thumb Code    14  device.o(.text)
    rt_device_init_all                       0x0800432b   Thumb Code     4  device.o(.text)
    rt_device_init                           0x0800432f   Thumb Code    52  device.o(.text)
    rt_device_open                           0x08004363   Thumb Code   110  device.o(.text)
    rt_device_close                          0x080043d1   Thumb Code    54  device.o(.text)
    rt_device_read                           0x08004407   Thumb Code    62  device.o(.text)
    rt_device_write                          0x08004445   Thumb Code    62  device.o(.text)
    rt_device_control                        0x08004483   Thumb Code    28  device.o(.text)
    rt_device_set_rx_indicate                0x0800449f   Thumb Code     8  device.o(.text)
    rt_device_set_tx_complete                0x080044a7   Thumb Code     8  device.o(.text)
    rt_thread_idle_excute                    0x080044ed   Thumb Code   102  idle.o(.text)
    rt_thread_idle_init                      0x0800455b   Thumb Code    38  idle.o(.text)
    rt_thread_idle_gethandler                0x08004581   Thumb Code     4  idle.o(.text)
    rt_interrupt_enter                       0x080045ad   Thumb Code    26  irq.o(.text)
    rt_interrupt_leave                       0x080045c7   Thumb Code    26  irq.o(.text)
    rt_interrupt_get_nest                    0x080045e1   Thumb Code     6  irq.o(.text)
    rt_get_errno                             0x080045ed   Thumb Code    32  kservice.o(.text)
    rt_set_errno                             0x0800460d   Thumb Code    36  kservice.o(.text)
    _rt_errno                                0x08004631   Thumb Code    30  kservice.o(.text)
    rt_memset                                0x0800464f   Thumb Code    72  kservice.o(.text)
    rt_memcpy                                0x08004697   Thumb Code   124  kservice.o(.text)
    rt_memmove                               0x08004713   Thumb Code    66  kservice.o(.text)
    rt_memcmp                                0x08004755   Thumb Code    38  kservice.o(.text)
    rt_strlen                                0x0800477b   Thumb Code    18  kservice.o(.text)
    rt_strstr                                0x0800478d   Thumb Code    58  kservice.o(.text)
    rt_strcasecmp                            0x080047c7   Thumb Code    48  kservice.o(.text)
    rt_strncpy                               0x080047f7   Thumb Code    52  kservice.o(.text)
    rt_strncmp                               0x0800482b   Thumb Code    40  kservice.o(.text)
    rt_strcmp                                0x08004853   Thumb Code    28  kservice.o(.text)
    rt_strnlen                               0x0800486f   Thumb Code    24  kservice.o(.text)
    rt_hw_console_output                     0x08004887   Thumb Code     2  kservice.o(.text)
    rt_vsnprintf                             0x08004a41   Thumb Code   800  kservice.o(.text)
    rt_kprintf                               0x08004d61   Thumb Code    96  kservice.o(.text)
    rt_show_version                          0x08004dc1   Thumb Code    38  kservice.o(.text)
    rt_snprintf                              0x08004de7   Thumb Code    38  kservice.o(.text)
    rt_vsprintf                              0x08004e0d   Thumb Code    22  kservice.o(.text)
    rt_sprintf                               0x08004e23   Thumb Code    34  kservice.o(.text)
    rt_console_get_device                    0x08004e45   Thumb Code     6  kservice.o(.text)
    rt_console_set_device                    0x08004e4b   Thumb Code    48  kservice.o(.text)
    rt_kputs                                 0x08004e7b   Thumb Code    72  kservice.o(.text)
    __rt_ffs                                 0x08004ec3   Thumb Code    70  kservice.o(.text)
    rt_system_object_init                    0x08004fa5   Thumb Code     2  object.o(.text)
    rt_object_get_information                0x08004fa7   Thumb Code    10  object.o(.text)
    rt_object_init                           0x08004fb1   Thumb Code    68  object.o(.text)
    rt_object_detach                         0x08004ff5   Thumb Code    40  object.o(.text)
    rt_object_is_systemobject                0x0800501d   Thumb Code    18  object.o(.text)
    rt_object_find                           0x0800502f   Thumb Code    84  object.o(.text)
    rt_system_scheduler_init                 0x08005089   Thumb Code    52  scheduler.o(.text)
    rt_system_scheduler_start                0x080050bd   Thumb Code    36  scheduler.o(.text)
    rt_schedule                              0x080050e1   Thumb Code    98  scheduler.o(.text)
    rt_schedule_insert_thread                0x08005143   Thumb Code    64  scheduler.o(.text)
    rt_schedule_remove_thread                0x08005183   Thumb Code    76  scheduler.o(.text)
    rt_enter_critical                        0x080051cf   Thumb Code    28  scheduler.o(.text)
    rt_exit_critical                         0x080051eb   Thumb Code    54  scheduler.o(.text)
    rt_critical_level                        0x08005221   Thumb Code     8  scheduler.o(.text)
    rt_thread_exit                           0x0800526d   Thumb Code    76  thread.o(.text)
    rt_thread_timeout                        0x080052b9   Thumb Code    32  thread.o(.text)
    rt_thread_init                           0x08005359   Thumb Code    52  thread.o(.text)
    rt_thread_self                           0x0800538d   Thumb Code     6  thread.o(.text)
    rt_thread_resume                         0x08005393   Thumb Code    56  thread.o(.text)
    rt_thread_startup                        0x080053cb   Thumb Code    44  thread.o(.text)
    rt_thread_detach                         0x080053f7   Thumb Code    66  thread.o(.text)
    rt_thread_yield                          0x08005439   Thumb Code    88  thread.o(.text)
    rt_thread_suspend                        0x08005491   Thumb Code    54  thread.o(.text)
    rt_thread_sleep                          0x080054c7   Thumb Code    62  thread.o(.text)
    rt_thread_delay                          0x08005505   Thumb Code    12  thread.o(.text)
    rt_thread_control                        0x08005511   Thumb Code   102  thread.o(.text)
    rt_thread_find                           0x08005577   Thumb Code    76  thread.o(.text)
    rt_timer_init                            0x0800566f   Thumb Code    46  timer.o(.text)
    rt_timer_detach                          0x0800569d   Thumb Code    32  timer.o(.text)
    rt_timer_start                           0x080056bd   Thumb Code   238  timer.o(.text)
    rt_timer_stop                            0x080057ab   Thumb Code    48  timer.o(.text)
    rt_timer_control                         0x080057db   Thumb Code    56  timer.o(.text)
    rt_timer_check                           0x08005813   Thumb Code   118  timer.o(.text)
    rt_timer_next_timeout_tick               0x08005889   Thumb Code    10  timer.o(.text)
    rt_system_timer_init                     0x08005893   Thumb Code    24  timer.o(.text)
    rt_system_timer_thread_init              0x080058ab   Thumb Code     2  timer.o(.text)
    rt_hw_board_init                         0x080058cd   Thumb Code    94  board.o(.text)
    SysTick_Handler                          0x0800592b   Thumb Code    16  board.o(.text)
    __use_no_semihosting                     0x08005951   Thumb Code     2  use_no_semi_2.o(.text)
    __use_two_region_memory                  0x08005953   Thumb Code     2  heapauxi.o(.text)
    __rt_heap_escrow$2region                 0x08005955   Thumb Code     2  heapauxi.o(.text)
    __rt_heap_expand$2region                 0x08005957   Thumb Code     2  heapauxi.o(.text)
    __I$use$semihosting                      0x08005959   Thumb Code     0  use_no_semi.o(.text)
    __use_no_semihosting_swi                 0x08005959   Thumb Code     2  use_no_semi.o(.text)
    __user_setup_stackheap                   0x0800595b   Thumb Code    74  sys_stackheap_outer.o(.text)
    exit                                     0x080059a5   Thumb Code    18  exit.o(.text)
    __user_libspace                          0x080059b9   Thumb Code     8  libspace.o(.text)
    __user_perproc_libspace                  0x080059b9   Thumb Code     0  libspace.o(.text)
    __user_perthread_libspace                0x080059b9   Thumb Code     0  libspace.o(.text)
    __aeabi_dadd                             0x080059c1   Thumb Code     0  daddsub_clz.o(x$fpl$dadd)
    _dadd                                    0x080059c1   Thumb Code   332  daddsub_clz.o(x$fpl$dadd)
    __aeabi_ddiv                             0x08005b11   Thumb Code     0  ddiv.o(x$fpl$ddiv)
    _ddiv                                    0x08005b11   Thumb Code   552  ddiv.o(x$fpl$ddiv)
    __aeabi_d2iz                             0x08005dc1   Thumb Code     0  dfix.o(x$fpl$dfix)
    _dfix                                    0x08005dc1   Thumb Code    94  dfix.o(x$fpl$dfix)
    __aeabi_i2d                              0x08005e1f   Thumb Code     0  dflt_clz.o(x$fpl$dflt)
    _dflt                                    0x08005e1f   Thumb Code    46  dflt_clz.o(x$fpl$dflt)
    __aeabi_dmul                             0x08005e4d   Thumb Code     0  dmul.o(x$fpl$dmul)
    _dmul                                    0x08005e4d   Thumb Code   332  dmul.o(x$fpl$dmul)
    __fpl_dnaninf                            0x08005fa1   Thumb Code   156  dnaninf.o(x$fpl$dnaninf)
    __fpl_dretinf                            0x0800603d   Thumb Code    12  dretinf.o(x$fpl$dretinf)
    __aeabi_drsub                            0x08006049   Thumb Code     0  daddsub_clz.o(x$fpl$drsb)
    _drsb                                    0x08006049   Thumb Code    22  daddsub_clz.o(x$fpl$drsb)
    __aeabi_dsub                             0x08006061   Thumb Code     0  daddsub_clz.o(x$fpl$dsub)
    _dsub                                    0x08006061   Thumb Code   464  daddsub_clz.o(x$fpl$dsub)
    __I$use$fp                               0x08006234   Number         0  usenofp.o(x$fpl$usenofp)
    __lowest_bit_bitmap                      0x08006234   Data         256  kservice.o(.constdata)
    __rt_init_rti_board_start                0x08006358   Data           4  components.o(.rti_fn.0.end)
    __rt_init_rti_board_end                  0x0800635c   Data           4  components.o(.rti_fn.1.end)
    __rt_init_rti_end                        0x08006360   Data           4  components.o(.rti_fn.6.end)
    Region$$Table$$Base                      0x08006364   Number         0  anon$$obj.o(Region$$Table)
    Region$$Table$$Limit                     0x08006384   Number         0  anon$$obj.o(Region$$Table)
    SystemCoreClock                          0x20000000   Data           4  system_stm32f10x.o(.data)
    AHBPrescTable                            0x20000004   Data          16  system_stm32f10x.o(.data)
    r_now                                    0x20000018   Data           2  encoder.o(.data)
    Tim_S                                    0x2000001c   Data           4  encoder.o(.data)
    CPR                                      0x20000020   Data           2  encoder.o(.data)
    Encoders                                 0x20000028   Data          48  encoder.o(.data)
    motor1_dir                               0x20000058   Data           1  motor.o(.data)
    delay_flag                               0x2000005c   Data           4  motor.o(.data)
    DC_Motor_flag                            0x20000060   Data           4  motor.o(.data)
    dc_place                                 0x20000064   Data           4  motor.o(.data)
    place_reset                              0x20000068   Data           4  motor.o(.data)
    servo_angle                              0x2000006c   Data           4  servo.o(.data)
    step_num_1                               0x20000070   Data           4  step_motor.o(.data)
    step_num_2                               0x20000074   Data           4  step_motor.o(.data)
    unlimit_flag_1                           0x20000078   Data           1  step_motor.o(.data)
    unlimit_flag_2                           0x20000079   Data           1  step_motor.o(.data)
    unlimit_flag_3                           0x2000007a   Data           1  step_motor.o(.data)
    step_spot_1                              0x2000007c   Data           4  step_motor.o(.data)
    step_spot_2                              0x20000080   Data           4  step_motor.o(.data)
    step_spot_3_target                       0x20000084   Data           4  step_motor.o(.data)
    step_motor_3_flag                        0x20000088   Data           4  step_motor.o(.data)
    exti_flag                                0x2000008c   Data           4  exti.o(.data)
    key_number                               0x20000090   Data           4  exti.o(.data)
    __stdout                                 0x20000098   Data           4  usart.o(.data)
    USART_RX_STA                             0x2000009c   Data           2  usart.o(.data)
    USART1_TxBuffer                          0x2000009e   Data           8  uart1.o(.data)
    USART3_TxBuffer                          0x200000a6   Data           8  usart_3.o(.data)
    rt_interrupt_from_thread                 0x200000c4   Data           4  cpuport.o(.data)
    rt_interrupt_to_thread                   0x200000c8   Data           4  cpuport.o(.data)
    rt_thread_switch_interrupt_flag          0x200000cc   Data           4  cpuport.o(.data)
    rt_interrupt_nest                        0x200000d8   Data           1  irq.o(.data)
    rt_object_container                      0x200000e4   Data          80  object.o(.data)
    rt_current_thread                        0x20000138   Data           4  scheduler.o(.data)
    rt_current_priority                      0x2000013c   Data           1  scheduler.o(.data)
    rt_thread_ready_priority_group           0x20000140   Data           4  scheduler.o(.data)
    rt_thread_defunct                        0x20000144   Data           8  scheduler.o(.data)
    USART_RX_BUF                             0x20000a48   Data         200  usart.o(.bss)
    USART1_RxBuffer                          0x20000b10   Data          10  uart1.o(.bss)
    USART3_RxBuffer                          0x20000b1a   Data          10  usart_3.o(.bss)
    main_thread                              0x20000c28   Data         120  components.o(.bss)
    rt_thread_priority_table                 0x20000e18   Data          64  scheduler.o(.bss)
    __libspace_start                         0x20000e58   Data          96  libspace.o(.bss)
    __temporary_stack_top$libspace           0x20000eb8   Data           0  libspace.o(.bss)



==============================================================================

Memory Map of the image

  Image Entry point : 0x08000131

  Load Region LR_IROM1 (Base: 0x08000000, Size: 0x000064dc, Max: 0x00080000, ABSOLUTE, COMPRESSED[0x000063ec])

    Execution Region ER_IROM1 (Base: 0x08000000, Size: 0x00006384, Max: 0x00080000, ABSOLUTE)

    Base Addr    Size         Type   Attr      Idx    E Section Name        Object

    0x08000000   0x00000130   Data   RO          456    RESET               startup_stm32f10x_hd.o
    0x08000130   0x00000008   Code   RO          972  * !!!main             c_w.l(__main.o)
    0x08000138   0x00000034   Code   RO         1156    !!!scatter          c_w.l(__scatter.o)
    0x0800016c   0x0000005a   Code   RO         1154    !!dczerorl2         c_w.l(__dczerorl2.o)
    0x080001c6   0x00000002   PAD
    0x080001c8   0x0000001c   Code   RO         1158    !!handler_zi        c_w.l(__scatter_zi.o)
    0x080001e4   0x00000002   Code   RO         1028    .ARM.Collect$$libinit$$00000000  c_w.l(libinit.o)
    0x080001e6   0x00000000   Code   RO         1035    .ARM.Collect$$libinit$$00000002  c_w.l(libinit2.o)
    0x080001e6   0x00000000   Code   RO         1037    .ARM.Collect$$libinit$$00000004  c_w.l(libinit2.o)
    0x080001e6   0x00000000   Code   RO         1040    .ARM.Collect$$libinit$$0000000A  c_w.l(libinit2.o)
    0x080001e6   0x00000000   Code   RO         1042    .ARM.Collect$$libinit$$0000000C  c_w.l(libinit2.o)
    0x080001e6   0x00000000   Code   RO         1044    .ARM.Collect$$libinit$$0000000E  c_w.l(libinit2.o)
    0x080001e6   0x00000000   Code   RO         1047    .ARM.Collect$$libinit$$00000011  c_w.l(libinit2.o)
    0x080001e6   0x00000000   Code   RO         1049    .ARM.Collect$$libinit$$00000013  c_w.l(libinit2.o)
    0x080001e6   0x00000000   Code   RO         1051    .ARM.Collect$$libinit$$00000015  c_w.l(libinit2.o)
    0x080001e6   0x00000000   Code   RO         1053    .ARM.Collect$$libinit$$00000017  c_w.l(libinit2.o)
    0x080001e6   0x00000000   Code   RO         1055    .ARM.Collect$$libinit$$00000019  c_w.l(libinit2.o)
    0x080001e6   0x00000000   Code   RO         1057    .ARM.Collect$$libinit$$0000001B  c_w.l(libinit2.o)
    0x080001e6   0x00000000   Code   RO         1059    .ARM.Collect$$libinit$$0000001D  c_w.l(libinit2.o)
    0x080001e6   0x00000000   Code   RO         1061    .ARM.Collect$$libinit$$0000001F  c_w.l(libinit2.o)
    0x080001e6   0x00000000   Code   RO         1063    .ARM.Collect$$libinit$$00000021  c_w.l(libinit2.o)
    0x080001e6   0x00000000   Code   RO         1065    .ARM.Collect$$libinit$$00000023  c_w.l(libinit2.o)
    0x080001e6   0x00000000   Code   RO         1067    .ARM.Collect$$libinit$$00000025  c_w.l(libinit2.o)
    0x080001e6   0x00000000   Code   RO         1071    .ARM.Collect$$libinit$$0000002C  c_w.l(libinit2.o)
    0x080001e6   0x00000000   Code   RO         1073    .ARM.Collect$$libinit$$0000002E  c_w.l(libinit2.o)
    0x080001e6   0x00000000   Code   RO         1075    .ARM.Collect$$libinit$$00000030  c_w.l(libinit2.o)
    0x080001e6   0x00000000   Code   RO         1077    .ARM.Collect$$libinit$$00000032  c_w.l(libinit2.o)
    0x080001e6   0x00000002   Code   RO         1078    .ARM.Collect$$libinit$$00000033  c_w.l(libinit2.o)
    0x080001e8   0x00000002   Code   RO         1096    .ARM.Collect$$libshutdown$$00000000  c_w.l(libshutdown.o)
    0x080001ea   0x00000000   Code   RO         1106    .ARM.Collect$$libshutdown$$00000002  c_w.l(libshutdown2.o)
    0x080001ea   0x00000000   Code   RO         1108    .ARM.Collect$$libshutdown$$00000004  c_w.l(libshutdown2.o)
    0x080001ea   0x00000000   Code   RO         1111    .ARM.Collect$$libshutdown$$00000007  c_w.l(libshutdown2.o)
    0x080001ea   0x00000000   Code   RO         1114    .ARM.Collect$$libshutdown$$0000000A  c_w.l(libshutdown2.o)
    0x080001ea   0x00000000   Code   RO         1116    .ARM.Collect$$libshutdown$$0000000C  c_w.l(libshutdown2.o)
    0x080001ea   0x00000000   Code   RO         1119    .ARM.Collect$$libshutdown$$0000000F  c_w.l(libshutdown2.o)
    0x080001ea   0x00000002   Code   RO         1120    .ARM.Collect$$libshutdown$$00000010  c_w.l(libshutdown2.o)
    0x080001ec   0x00000000   Code   RO          998    .ARM.Collect$$rtentry$$00000000  c_w.l(__rtentry.o)
    0x080001ec   0x00000000   Code   RO         1005    .ARM.Collect$$rtentry$$00000002  c_w.l(__rtentry2.o)
    0x080001ec   0x00000006   Code   RO         1017    .ARM.Collect$$rtentry$$00000004  c_w.l(__rtentry4.o)
    0x080001f2   0x00000000   Code   RO         1007    .ARM.Collect$$rtentry$$00000009  c_w.l(__rtentry2.o)
    0x080001f2   0x00000004   Code   RO         1008    .ARM.Collect$$rtentry$$0000000A  c_w.l(__rtentry2.o)
    0x080001f6   0x00000000   Code   RO         1010    .ARM.Collect$$rtentry$$0000000C  c_w.l(__rtentry2.o)
    0x080001f6   0x00000008   Code   RO         1011    .ARM.Collect$$rtentry$$0000000D  c_w.l(__rtentry2.o)
    0x080001fe   0x00000002   Code   RO         1032    .ARM.Collect$$rtexit$$00000000  c_w.l(rtexit.o)
    0x08000200   0x00000000   Code   RO         1080    .ARM.Collect$$rtexit$$00000002  c_w.l(rtexit2.o)
    0x08000200   0x00000004   Code   RO         1081    .ARM.Collect$$rtexit$$00000003  c_w.l(rtexit2.o)
    0x08000204   0x00000006   Code   RO         1082    .ARM.Collect$$rtexit$$00000004  c_w.l(rtexit2.o)
    0x0800020a   0x00000002   PAD
    0x0800020c   0x00000310   Code   RO            1    .text               main.o
    0x0800051c   0x00000012   Code   RO          176    .text               stm32f10x_it.o
    0x0800052e   0x00000002   PAD
    0x08000530   0x000001e0   Code   RO          217    .text               system_stm32f10x.o
    0x08000710   0x00000034   Code   RO          235    .text               led.o
    0x08000744   0x000002f8   Code   RO          247    .text               encoder.o
    0x08000a3c   0x0000031c   Code   RO          288    .text               motor.o
    0x08000d58   0x00000170   Code   RO          309    .text               servo.o
    0x08000ec8   0x000004ec   Code   RO          324    .text               step_motor.o
    0x080013b4   0x0000023c   Code   RO          342    .text               exti.o
    0x080015f0   0x000000c8   Code   RO          358    .text               delay.o
    0x080016b8   0x00000140   Code   RO          389    .text               usart.o
    0x080017f8   0x0000015c   Code   RO          412    .text               uart1.o
    0x08001954   0x00000164   Code   RO          428    .text               usart_3.o
    0x08001ab8   0x0000003c   Code   RO          457    .text               startup_stm32f10x_hd.o
    0x08001af4   0x000000dc   Code   RO          461    .text               misc.o
    0x08001bd0   0x0000035c   Code   RO          473    .text               stm32f10x_gpio.o
    0x08001f2c   0x000003a4   Code   RO          497    .text               stm32f10x_rcc.o
    0x080022d0   0x00000408   Code   RO          511    .text               stm32f10x_usart.o
    0x080026d8   0x00000e1a   Code   RO          523    .text               stm32f10x_tim.o
    0x080034f2   0x00000002   PAD
    0x080034f4   0x00000254   Code   RO          607    .text               stm32f10x_dma.o
    0x08003748   0x0000011c   Code   RO          619    .text               stm32f10x_exti.o
    0x08003864   0x000005bc   Code   RO          631    .text               stm32f10x_flash.o
    0x08003e20   0x000000ec   Code   RO          739    .text               context_rvds.o
    0x08003f0c   0x00000268   Code   RO          743    .text               cpuport.o
    0x08004174   0x00000060   Code   RO          758    .text               clock.o
    0x080041d4   0x000000c8   Code   RO          775    .text               components.o
    0x0800429c   0x00000250   Code   RO          794    .text               device.o
    0x080044ec   0x000000c0   Code   RO          807    .text               idle.o
    0x080045ac   0x00000040   Code   RO          840    .text               irq.o
    0x080045ec   0x000009b8   Code   RO          855    .text               kservice.o
    0x08004fa4   0x000000e4   Code   RO          878    .text               object.o
    0x08005088   0x000001c4   Code   RO          896    .text               scheduler.o
    0x0800524c   0x00000388   Code   RO          916    .text               thread.o
    0x080055d4   0x000002f8   Code   RO          932    .text               timer.o
    0x080058cc   0x00000084   Code   RO          949    .text               board.o
    0x08005950   0x00000002   Code   RO          968    .text               c_w.l(use_no_semi_2.o)
    0x08005952   0x00000006   Code   RO          970    .text               c_w.l(heapauxi.o)
    0x08005958   0x00000002   Code   RO          996    .text               c_w.l(use_no_semi.o)
    0x0800595a   0x0000004a   Code   RO         1019    .text               c_w.l(sys_stackheap_outer.o)
    0x080059a4   0x00000012   Code   RO         1021    .text               c_w.l(exit.o)
    0x080059b6   0x00000002   PAD
    0x080059b8   0x00000008   Code   RO         1029    .text               c_w.l(libspace.o)
    0x080059c0   0x00000150   Code   RO          974    x$fpl$dadd          fz_ws.l(daddsub_clz.o)
    0x08005b10   0x000002b0   Code   RO          981    x$fpl$ddiv          fz_ws.l(ddiv.o)
    0x08005dc0   0x0000005e   Code   RO          984    x$fpl$dfix          fz_ws.l(dfix.o)
    0x08005e1e   0x0000002e   Code   RO          989    x$fpl$dflt          fz_ws.l(dflt_clz.o)
    0x08005e4c   0x00000154   Code   RO          994    x$fpl$dmul          fz_ws.l(dmul.o)
    0x08005fa0   0x0000009c   Code   RO          999    x$fpl$dnaninf       fz_ws.l(dnaninf.o)
    0x0800603c   0x0000000c   Code   RO         1001    x$fpl$dretinf       fz_ws.l(dretinf.o)
    0x08006048   0x00000016   Code   RO          975    x$fpl$drsb          fz_ws.l(daddsub_clz.o)
    0x0800605e   0x00000002   PAD
    0x08006060   0x000001d4   Code   RO          976    x$fpl$dsub          fz_ws.l(daddsub_clz.o)
    0x08006234   0x00000000   Code   RO         1003    x$fpl$usenofp       fz_ws.l(usenofp.o)
    0x08006234   0x00000122   Data   RO          857    .constdata          kservice.o
    0x08006356   0x00000002   PAD
    0x08006358   0x00000004   Data   RO          778    .rti_fn.0.end       components.o
    0x0800635c   0x00000004   Data   RO          779    .rti_fn.1.end       components.o
    0x08006360   0x00000004   Data   RO          780    .rti_fn.6.end       components.o
    0x08006364   0x00000020   Data   RO         1152    Region$$Table       anon$$obj.o


    Execution Region RW_IRAM1 (Base: 0x20000000, Size: 0x000012b8, Max: 0x00010000, ABSOLUTE, COMPRESSED[0x00000068])

    Base Addr    Size         Type   Attr      Idx    E Section Name        Object

    0x20000000   0x00000014   Data   RW          218    .data               system_stm32f10x.o
    0x20000014   0x00000004   PAD
    0x20000018   0x00000040   Data   RW          248    .data               encoder.o
    0x20000058   0x00000014   Data   RW          289    .data               motor.o
    0x2000006c   0x00000004   Data   RW          310    .data               servo.o
    0x20000070   0x0000001c   Data   RW          325    .data               step_motor.o
    0x2000008c   0x00000008   Data   RW          343    .data               exti.o
    0x20000094   0x00000004   Data   RW          359    .data               delay.o
    0x20000098   0x00000006   Data   RW          391    .data               usart.o
    0x2000009e   0x00000008   Data   RW          414    .data               uart1.o
    0x200000a6   0x00000008   Data   RW          430    .data               usart_3.o
    0x200000ae   0x00000014   Data   RW          498    .data               stm32f10x_rcc.o
    0x200000c2   0x00000002   PAD
    0x200000c4   0x00000010   Data   RW          744    .data               cpuport.o
    0x200000d4   0x00000004   Data   RW          759    .data               clock.o
    0x200000d8   0x00000001   Data   RW          841    .data               irq.o
    0x200000d9   0x00000003   PAD
    0x200000dc   0x00000008   Data   RW          858    .data               kservice.o
    0x200000e4   0x00000050   Data   RW          879    .data               object.o
    0x20000134   0x00000018   Data   RW          898    .data               scheduler.o
    0x2000014c   0x0000000c   Data   RW          933    .data               timer.o
    0x20000158   0x000008f0   Zero   RW            2    .bss                main.o
    0x20000a48   0x000000c8   Zero   RW          390    .bss                usart.o
    0x20000b10   0x0000000a   Zero   RW          413    .bss                uart1.o
    0x20000b1a   0x0000000a   Zero   RW          429    .bss                usart_3.o
    0x20000b24   0x00000004   PAD
    0x20000b28   0x00000178   Zero   RW          776    .bss                components.o
    0x20000ca0   0x000000f8   Zero   RW          808    .bss                idle.o
    0x20000d98   0x00000080   Zero   RW          856    .bss                kservice.o
    0x20000e18   0x00000040   Zero   RW          897    .bss                scheduler.o
    0x20000e58   0x00000060   Zero   RW         1030    .bss                c_w.l(libspace.o)
    0x20000eb8   0x00000000   Zero   RW          455    HEAP                startup_stm32f10x_hd.o
    0x20000eb8   0x00000400   Zero   RW          454    STACK               startup_stm32f10x_hd.o


==============================================================================

Image component sizes


      Code (inc. data)   RO Data    RW Data    ZI Data      Debug   Object Name

       132         22          0          0          0      15822   board.o
        96          4          0          4          0       1428   clock.o
       200         30         12          0        376       2622   components.o
       236         24          0          0          0        820   context_rvds.o
       616        340          0         16          0       3151   cpuport.o
       200         16          0          4          0       1027   delay.o
       592         62          0          0          0       4585   device.o
       760         46          0         64          0       3737   encoder.o
       572         62          0          8          0       1695   exti.o
       192         24          0          0        248       3054   idle.o
        64          6          0          1          0       1386   irq.o
      2488        170        290          8        128      10800   kservice.o
        52          6          0          0          0        467   led.o
       784         90          0          0       2288     281885   main.o
       220         22          0          0          0       1761   misc.o
       796         32          0         20          0       3312   motor.o
       228          6          0         80          0       3861   object.o
       452         30          0         24         64       4356   scheduler.o
       368         30          0          4          0       1828   servo.o
        60         22        304          0       1024        784   startup_stm32f10x_hd.o
      1260         84          0         28          0       4128   step_motor.o
       596          8          0          0          0       4326   stm32f10x_dma.o
       284         10          0          0          0       2215   stm32f10x_exti.o
      1468         34          0          0          0       8170   stm32f10x_flash.o
       860         38          0          0          0       5693   stm32f10x_gpio.o
        18          0          0          0          0        873   stm32f10x_it.o
       932         36          0         20          0       8852   stm32f10x_rcc.o
      3610         88          0          0          0      22800   stm32f10x_tim.o
      1032         22          0          0          0       8420   stm32f10x_usart.o
         0          0          0          0          0         32   sys.o
       480         38          0         20          0       1683   system_stm32f10x.o
       904         18          0          0          0       6691   thread.o
       760         10          0         12          0       5749   timer.o
       348         20          0          8         10       2055   uart1.o
       320         16          0          6        200       3114   usart.o
       356         22          0          8         10       1995   usart_3.o

    ----------------------------------------------------------------------
     22340       1488        640        344       4352     435177   Object Totals
         0          0         32          0          0          0   (incl. Generated)
         4          0          2          9          4          0   (incl. Padding)

    ----------------------------------------------------------------------

      Code (inc. data)   RO Data    RW Data    ZI Data      Debug   Library Member Name

        90          0          0          0          0          0   __dczerorl2.o
         8          0          0          0          0         68   __main.o
         0          0          0          0          0          0   __rtentry.o
        12          0          0          0          0          0   __rtentry2.o
         6          0          0          0          0          0   __rtentry4.o
        52          8          0          0          0          0   __scatter.o
        28          0          0          0          0          0   __scatter_zi.o
        18          0          0          0          0         80   exit.o
         6          0          0          0          0        152   heapauxi.o
         2          0          0          0          0          0   libinit.o
         2          0          0          0          0          0   libinit2.o
         2          0          0          0          0          0   libshutdown.o
         2          0          0          0          0          0   libshutdown2.o
         8          4          0          0         96         68   libspace.o
         2          0          0          0          0          0   rtexit.o
        10          0          0          0          0          0   rtexit2.o
        74          0          0          0          0         80   sys_stackheap_outer.o
         2          0          0          0          0         68   use_no_semi.o
         2          0          0          0          0         68   use_no_semi_2.o
       826         16          0          0          0        348   daddsub_clz.o
       688        140          0          0          0        208   ddiv.o
        94          4          0          0          0         92   dfix.o
        46          0          0          0          0         68   dflt_clz.o
       340         12          0          0          0        104   dmul.o
       156          4          0          0          0         92   dnaninf.o
        12          0          0          0          0         68   dretinf.o
         0          0          0          0          0          0   usenofp.o

    ----------------------------------------------------------------------
      2496        188          0          0         96       1564   Library Totals
         8          0          0          0          0          0   (incl. Padding)

    ----------------------------------------------------------------------

      Code (inc. data)   RO Data    RW Data    ZI Data      Debug   Library Name

       326         12          0          0         96        584   c_w.l
      2162        176          0          0          0        980   fz_ws.l

    ----------------------------------------------------------------------
      2496        188          0          0         96       1564   Library Totals

    ----------------------------------------------------------------------

==============================================================================


      Code (inc. data)   RO Data    RW Data    ZI Data      Debug   

     24836       1676        640        344       4448     432681   Grand Totals
     24836       1676        640        104       4448     432681   ELF Image Totals (compressed)
     24836       1676        640        104          0          0   ROM Totals

==============================================================================

    Total RO  Size (Code + RO Data)                25476 (  24.88kB)
    Total RW  Size (RW Data + ZI Data)              4792 (   4.68kB)
    Total ROM Size (Code + RO Data + RW Data)      25580 (  24.98kB)

==============================================================================

