Component: ARM Compiler 5.06 update 4 (build 422) Tool: armlink [4d35d2]

==============================================================================

Section Cross References

    main.o(.text) refers to thread.o(.text) for rt_thread_delay
    main.o(.text) refers to led.o(.text) for LED_Init
    main.o(.text) refers to remote.o(.text) for Remote_Init
    main.o(.text) refers to main.o(.bss) for rt_led0_thread_stack
    system_stm32f10x.o(.text) refers to system_stm32f10x.o(.data) for SystemCoreClock
    led.o(.text) refers to stm32f10x_rcc.o(.text) for RCC_APB2PeriphClockCmd
    led.o(.text) refers to stm32f10x_gpio.o(.text) for GPIO_Init
    remote.o(.text) refers to stm32f10x_rcc.o(.text) for RCC_APB2PeriphClockCmd
    remote.o(.text) refers to stm32f10x_gpio.o(.text) for GPIO_Init
    remote.o(.text) refers to stm32f10x_tim.o(.text) for TIM_TimeBaseInit
    remote.o(.text) refers to misc.o(.text) for NVIC_Init
    remote.o(.text) refers to remote.o(.data) for RmtRec
    delay.o(.text) refers to misc.o(.text) for SysTick_CLKSourceConfig
    delay.o(.text) refers to system_stm32f10x.o(.data) for SystemCoreClock
    delay.o(.text) refers to delay.o(.data) for fac_us
    usart.o(.text) refers (Special) to use_no_semi_2.o(.text) for __use_no_semihosting
    usart.o(.text) refers to stm32f10x_rcc.o(.text) for RCC_APB2PeriphClockCmd
    usart.o(.text) refers to stm32f10x_gpio.o(.text) for GPIO_Init
    usart.o(.text) refers to misc.o(.text) for NVIC_Init
    usart.o(.text) refers to stm32f10x_usart.o(.text) for USART_Init
    usart.o(.text) refers to usart.o(.data) for USART_RX_STA
    usart.o(.text) refers to usart.o(.bss) for USART_RX_BUF
    usart.o(.bss) refers (Special) to use_no_semi_2.o(.text) for __use_no_semihosting
    usart.o(.data) refers (Special) to use_no_semi_2.o(.text) for __use_no_semihosting
    startup_stm32f10x_hd.o(STACK) refers (Special) to heapauxi.o(.text) for __use_two_region_memory
    startup_stm32f10x_hd.o(HEAP) refers (Special) to heapauxi.o(.text) for __use_two_region_memory
    startup_stm32f10x_hd.o(RESET) refers (Special) to heapauxi.o(.text) for __use_two_region_memory
    startup_stm32f10x_hd.o(RESET) refers to startup_stm32f10x_hd.o(STACK) for __initial_sp
    startup_stm32f10x_hd.o(RESET) refers to startup_stm32f10x_hd.o(.text) for Reset_Handler
    startup_stm32f10x_hd.o(RESET) refers to stm32f10x_it.o(.text) for NMI_Handler
    startup_stm32f10x_hd.o(RESET) refers to context_rvds.o(.text) for HardFault_Handler
    startup_stm32f10x_hd.o(RESET) refers to board.o(.text) for SysTick_Handler
    startup_stm32f10x_hd.o(RESET) refers to remote.o(.text) for TIM4_IRQHandler
    startup_stm32f10x_hd.o(RESET) refers to usart.o(.text) for USART1_IRQHandler
    startup_stm32f10x_hd.o(.text) refers (Special) to heapauxi.o(.text) for __use_two_region_memory
    startup_stm32f10x_hd.o(.text) refers to system_stm32f10x.o(.text) for SystemInit
    startup_stm32f10x_hd.o(.text) refers to __main.o(!!!main) for __main
    startup_stm32f10x_hd.o(.text) refers to startup_stm32f10x_hd.o(HEAP) for Heap_Mem
    startup_stm32f10x_hd.o(.text) refers to startup_stm32f10x_hd.o(STACK) for Stack_Mem
    stm32f10x_gpio.o(.text) refers to stm32f10x_rcc.o(.text) for RCC_APB2PeriphResetCmd
    stm32f10x_rcc.o(.text) refers to stm32f10x_rcc.o(.data) for APBAHBPrescTable
    stm32f10x_usart.o(.text) refers to stm32f10x_rcc.o(.text) for RCC_APB2PeriphResetCmd
    stm32f10x_tim.o(.text) refers to stm32f10x_rcc.o(.text) for RCC_APB2PeriphResetCmd
    context_rvds.o(.text) refers to cpuport.o(.text) for rt_hw_hard_fault_exception
    context_rvds.o(.text) refers to cpuport.o(.data) for rt_thread_switch_interrupt_flag
    cpuport.o(.text) refers to kservice.o(.text) for rt_kprintf
    cpuport.o(.text) refers to thread.o(.text) for rt_thread_self
    cpuport.o(.text) refers to cpuport.o(.data) for rt_exception_hook
    clock.o(.text) refers to context_rvds.o(.text) for rt_hw_interrupt_disable
    clock.o(.text) refers to thread.o(.text) for rt_thread_self
    clock.o(.text) refers to timer.o(.text) for rt_timer_check
    clock.o(.text) refers to clock.o(.data) for rt_tick
    components.o(.text) refers to main.o(.text) for $Super$$main
    components.o(.text) refers to thread.o(.text) for rt_thread_init
    components.o(.text) refers to context_rvds.o(.text) for rt_hw_interrupt_disable
    components.o(.text) refers to board.o(.text) for rt_hw_board_init
    components.o(.text) refers to kservice.o(.text) for rt_show_version
    components.o(.text) refers to timer.o(.text) for rt_system_timer_init
    components.o(.text) refers to scheduler.o(.text) for rt_system_scheduler_init
    components.o(.text) refers to idle.o(.text) for rt_thread_idle_init
    components.o(.text) refers to components.o(.rti_fn.0.end) for __rt_init_rti_board_start
    components.o(.text) refers to components.o(.rti_fn.1.end) for __rt_init_rti_board_end
[...]
    libinit.o(.ARM.Collect$$libinit$$00000000) refers (Special) to libinit2.o(.ARM.Collect$$libinit$$00000011) for __rt_lib_init_lc_collate_1
    libinit.o(.ARM.Collect$$libinit$$00000000) refers (Special) to libinit2.o(.ARM.Collect$$libinit$$00000013) for __rt_lib_init_lc_ctype_1
    libinit.o(.ARM.Collect$$libinit$$00000000) refers (Special) to libinit2.o(.ARM.Collect$$libinit$$00000015) for __rt_lib_init_lc_monetary_1
    libinit.o(.ARM.Collect$$libinit$$00000000) refers (Special) to libinit2.o(.ARM.Collect$$libinit$$00000017) for __rt_lib_init_lc_numeric_1
    libinit.o(.ARM.Collect$$libinit$$00000000) refers (Special) to libinit2.o(.ARM.Collect$$libinit$$00000019) for __rt_lib_init_lc_time_1
    libinit.o(.ARM.Collect$$libinit$$00000000) refers (Special) to libinit2.o(.ARM.Collect$$libinit$$00000004) for __rt_lib_init_preinit_1
    libinit.o(.ARM.Collect$$libinit$$00000000) refers (Special) to libinit2.o(.ARM.Collect$$libinit$$0000000E) for __rt_lib_init_rand_1
    libinit.o(.ARM.Collect$$libinit$$00000000) refers (Special) to libinit2.o(.ARM.Collect$$libinit$$00000033) for __rt_lib_init_return
    libinit.o(.ARM.Collect$$libinit$$00000000) refers (Special) to libinit2.o(.ARM.Collect$$libinit$$0000001D) for __rt_lib_init_signal_1
    libinit.o(.ARM.Collect$$libinit$$00000000) refers (Special) to libinit2.o(.ARM.Collect$$libinit$$00000025) for __rt_lib_init_stdio_1
    libinit.o(.ARM.Collect$$libinit$$00000000) refers (Special) to libinit2.o(.ARM.Collect$$libinit$$0000000C) for __rt_lib_init_user_alloc_1
    libspace.o(.text) refers to libspace.o(.bss) for __libspace_start
    rtexit.o(.ARM.Collect$$rtexit$$00000000) refers (Special) to rtexit2.o(.ARM.Collect$$rtexit$$00000004) for __rt_exit_exit
    rtexit.o(.ARM.Collect$$rtexit$$00000000) refers (Special) to rtexit2.o(.ARM.Collect$$rtexit$$00000003) for __rt_exit_ls
    rtexit.o(.ARM.Collect$$rtexit$$00000000) refers (Special) to rtexit2.o(.ARM.Collect$$rtexit$$00000002) for __rt_exit_prels_1
    rtexit.o(.ARM.exidx) refers (Special) to rtexit2.o(.ARM.Collect$$rtexit$$00000004) for __rt_exit_exit
    rtexit.o(.ARM.exidx) refers (Special) to rtexit2.o(.ARM.Collect$$rtexit$$00000003) for __rt_exit_ls
    rtexit.o(.ARM.exidx) refers (Special) to rtexit2.o(.ARM.Collect$$rtexit$$00000002) for __rt_exit_prels_1
    rtexit.o(.ARM.exidx) refers to rtexit.o(.ARM.Collect$$rtexit$$00000000) for .ARM.Collect$$rtexit$$00000000
    libinit2.o(.ARM.Collect$$libinit$$00000010) refers to libinit2.o(.ARM.Collect$$libinit$$0000000F) for .ARM.Collect$$libinit$$0000000F
    libinit2.o(.ARM.Collect$$libinit$$00000012) refers to libinit2.o(.ARM.Collect$$libinit$$0000000F) for .ARM.Collect$$libinit$$0000000F
    libinit2.o(.ARM.Collect$$libinit$$00000014) refers to libinit2.o(.ARM.Collect$$libinit$$0000000F) for .ARM.Collect$$libinit$$0000000F
    libinit2.o(.ARM.Collect$$libinit$$00000016) refers to libinit2.o(.ARM.Collect$$libinit$$0000000F) for .ARM.Collect$$libinit$$0000000F
    libinit2.o(.ARM.Collect$$libinit$$00000018) refers to libinit2.o(.ARM.Collect$$libinit$$0000000F) for .ARM.Collect$$libinit$$0000000F
    libinit2.o(.ARM.Collect$$libinit$$00000026) refers to argv_veneer.o(.emb_text) for __ARM_argv_veneer
    libinit2.o(.ARM.Collect$$libinit$$00000027) refers to argv_veneer.o(.emb_text) for __ARM_argv_veneer
    rtexit2.o(.ARM.Collect$$rtexit$$00000003) refers to libshutdown.o(.ARM.Collect$$libshutdown$$00000000) for __rt_lib_shutdown
    rtexit2.o(.ARM.Collect$$rtexit$$00000004) refers to usart.o(.text) for _sys_exit
    rtexit2.o(.ARM.exidx) refers to rtexit2.o(.ARM.Collect$$rtexit$$00000001) for .ARM.Collect$$rtexit$$00000001
    rtexit2.o(.ARM.exidx) refers to rtexit2.o(.ARM.Collect$$rtexit$$00000003) for .ARM.Collect$$rtexit$$00000003
    rtexit2.o(.ARM.exidx) refers to rtexit2.o(.ARM.Collect$$rtexit$$00000004) for .ARM.Collect$$rtexit$$00000004
    argv_veneer.o(.emb_text) refers to no_argv.o(.text) for __ARM_get_argv
    _get_argv_nomalloc.o(.text) refers (Special) to hrguard.o(.text) for __heap_region$guard
    _get_argv_nomalloc.o(.text) refers to defsig_rtmem_outer.o(.text) for __rt_SIGRTMEM
    _get_argv_nomalloc.o(.text) refers to sys_command.o(.text) for _sys_command_string
    libshutdown.o(.ARM.Collect$$libshutdown$$00000000) refers (Special) to libshutdown2.o(.ARM.Collect$$libshutdown$$00000002) for __rt_lib_shutdown_cpp_1
    libshutdown.o(.ARM.Collect$$libshutdown$$00000000) refers (Special) to libshutdown2.o(.ARM.Collect$$libshutdown$$00000007) for __rt_lib_shutdown_fp_trap_1
    libshutdown.o(.ARM.Collect$$libshutdown$$00000000) refers (Special) to libshutdown2.o(.ARM.Collect$$libshutdown$$0000000F) for __rt_lib_shutdown_heap_1
    libshutdown.o(.ARM.Collect$$libshutdown$$00000000) refers (Special) to libshutdown2.o(.ARM.Collect$$libshutdown$$00000010) for __rt_lib_shutdown_return
    libshutdown.o(.ARM.Collect$$libshutdown$$00000000) refers (Special) to libshutdown2.o(.ARM.Collect$$libshutdown$$0000000A) for __rt_lib_shutdown_signal_1
    libshutdown.o(.ARM.Collect$$libshutdown$$00000000) refers (Special) to libshutdown2.o(.ARM.Collect$$libshutdown$$00000004) for __rt_lib_shutdown_stdio_1
    libshutdown.o(.ARM.Collect$$libshutdown$$00000000) refers (Special) to libshutdown2.o(.ARM.Collect$$libshutdown$$0000000C) for __rt_lib_shutdown_user_alloc_1
    sys_command.o(.text) refers (Special) to use_no_semi.o(.text) for __I$use$semihosting
    sys_command.o(.text) refers (Special) to indicate_semi.o(.text) for __semihosting_library_function
    defsig_rtmem_outer.o(.text) refers to defsig_rtmem_inner.o(.text) for __rt_SIGRTMEM_inner
    defsig_rtmem_outer.o(.text) refers to defsig_exit.o(.text) for __sig_exit
    defsig_rtmem_formal.o(.text) refers to rt_raise.o(.text) for __rt_raise
    rt_raise.o(.text) refers to __raise.o(.text) for __raise
    rt_raise.o(.text) refers to usart.o(.text) for _sys_exit
    defsig_exit.o(.text) refers to usart.o(.text) for _sys_exit
    defsig_rtmem_inner.o(.text) refers to defsig_general.o(.text) for __default_signal_display
    __raise.o(.text) refers to defsig.o(CL$$defsig) for __default_signal_handler
    defsig_general.o(.text) refers to sys_wrch.o(.text) for _ttywrch
    sys_wrch.o(.text) refers (Special) to use_no_semi.o(.text) for __I$use$semihosting
    sys_wrch.o(.text) refers (Special) to indicate_semi.o(.text) for __semihosting_library_function
    defsig.o(CL$$defsig) refers to defsig_rtmem_inner.o(.text) for __rt_SIGRTMEM_inner
    defsig_abrt_inner.o(.text) refers to defsig_general.o(.text) for __default_signal_display
    defsig_fpe_inner.o(.text) refers to defsig_general.o(.text) for __default_signal_display
    defsig_rtred_inner.o(.text) refers to defsig_general.o(.text) for __default_signal_display
    defsig_stak_inner.o(.text) refers to defsig_general.o(.text) for __default_signal_display
    defsig_pvfn_inner.o(.text) refers to defsig_general.o(.text) for __default_signal_display
    defsig_cppl_inner.o(.text) refers to defsig_general.o(.text) for __default_signal_display
    defsig_segv_inner.o(.text) refers to defsig_general.o(.text) for __default_signal_display
    defsig_other.o(.text) refers to defsig_general.o(.text) for __default_signal_display


==============================================================================

Removing Unused input sections from the image.

    Removing delay.o(.text), (212 bytes).
    Removing delay.o(.data), (4 bytes).
    Removing sys.o(.emb_text), (6 bytes).
    Removing sys.o(.text), (12 bytes).
    Removing core_cm3.o(.emb_text), (32 bytes).
    Removing stm32f10x_dbgmcu.o(.text), (48 bytes).
    Removing components.o(.rti_fn.0), (4 bytes).
    Removing ipc.o(.text), (1198 bytes).

8 unused section(s) (total 1516 bytes) removed from the image.

==============================================================================

Image Symbol Table

    Local Symbols

    Symbol Name                              Value     Ov Type        Size  Object(Section)

    ../clib/angel/boardlib.s                 0x00000000   Number         0  boardinit2.o ABSOLUTE
    ../clib/angel/boardlib.s                 0x00000000   Number         0  boardinit3.o ABSOLUTE
    ../clib/angel/boardlib.s                 0x00000000   Number         0  boardinit1.o ABSOLUTE
    ../clib/angel/boardlib.s                 0x00000000   Number         0  boardshut.o ABSOLUTE
    ../clib/angel/handlers.s                 0x00000000   Number         0  __scatter_copy.o ABSOLUTE
    ../clib/angel/handlers.s                 0x00000000   Number         0  __scatter_zi.o ABSOLUTE
    ../clib/angel/kernel.s                   0x00000000   Number         0  __rtentry4.o ABSOLUTE
    ../clib/angel/kernel.s                   0x00000000   Number         0  __rtentry2.o ABSOLUTE
    ../clib/angel/kernel.s                   0x00000000   Number         0  __rtentry.o ABSOLUTE
    ../clib/angel/kernel.s                   0x00000000   Number         0  rtexit2.o ABSOLUTE
    ../clib/angel/kernel.s                   0x00000000   Number         0  rtexit.o ABSOLUTE
    ../clib/angel/rt.s                       0x00000000   Number         0  rt_raise.o ABSOLUTE
    ../clib/angel/scatter.s                  0x00000000   Number         0  __scatter.o ABSOLUTE
    ../clib/angel/startup.s                  0x00000000   Number         0  __main.o ABSOLUTE
    ../clib/angel/sys.s                      0x00000000   Number         0  sys_stackheap_outer.o ABSOLUTE
    ../clib/angel/sys.s                      0x00000000   Number         0  use_no_semi.o ABSOLUTE
    ../clib/angel/sys.s                      0x00000000   Number         0  use_no_semi_2.o ABSOLUTE
    ../clib/angel/sys.s                      0x00000000   Number         0  indicate_semi.o ABSOLUTE
    ../clib/angel/sys.s                      0x00000000   Number         0  libspace.o ABSOLUTE
    ../clib/angel/sysapp.c                   0x00000000   Number         0  sys_wrch.o ABSOLUTE
    ../clib/angel/sysapp.c                   0x00000000   Number         0  sys_command.o ABSOLUTE
    ../clib/armsys.c                         0x00000000   Number         0  _get_argv_nomalloc.o ABSOLUTE
    ../clib/armsys.c                         0x00000000   Number         0  no_argv.o ABSOLUTE
    ../clib/armsys.c                         0x00000000   Number         0  argv_veneer.o ABSOLUTE
    ../clib/armsys.c                         0x00000000   Number         0  argv_veneer.o ABSOLUTE
    ../clib/heapalloc.c                      0x00000000   Number         0  hrguard.o ABSOLUTE
    ../clib/heapaux.c                        0x00000000   Number         0  heapauxi.o ABSOLUTE
    ../clib/libinit.s                        0x00000000   Number         0  libshutdown2.o ABSOLUTE
    ../clib/libinit.s                        0x00000000   Number         0  libshutdown.o ABSOLUTE
    ../clib/libinit.s                        0x00000000   Number         0  libinit.o ABSOLUTE
    ../clib/libinit.s                        0x00000000   Number         0  libinit2.o ABSOLUTE
    ../clib/signal.c                         0x00000000   Number         0  defsig_stak_inner.o ABSOLUTE
    ../clib/signal.c                         0x00000000   Number         0  defsig_rtred_inner.o ABSOLUTE
    ../clib/signal.c                         0x00000000   Number         0  defsig_fpe_inner.o ABSOLUTE
    ../clib/signal.c                         0x00000000   Number         0  defsig_abrt_inner.o ABSOLUTE
    ../clib/signal.c                         0x00000000   Number         0  defsig_cppl_inner.o ABSOLUTE
    ../clib/signal.c                         0x00000000   Number         0  defsig_general.o ABSOLUTE
    ../clib/signal.c                         0x00000000   Number         0  __raise.o ABSOLUTE
    ../clib/signal.c                         0x00000000   Number         0  defsig_rtmem_inner.o ABSOLUTE
    ../clib/signal.c                         0x00000000   Number         0  defsig_exit.o ABSOLUTE
    ../clib/signal.c                         0x00000000   Number         0  defsig_rtmem_formal.o ABSOLUTE
    ../clib/signal.c                         0x00000000   Number         0  defsig_rtmem_outer.o ABSOLUTE
    ../clib/signal.c                         0x00000000   Number         0  defsig_other.o ABSOLUTE
    ../clib/signal.c                         0x00000000   Number         0  defsig_segv_inner.o ABSOLUTE
    ../clib/signal.c                         0x00000000   Number         0  defsig_pvfn_inner.o ABSOLUTE
    ../clib/signal.s                         0x00000000   Number         0  defsig.o ABSOLUTE
    ../clib/stdlib.c                         0x00000000   Number         0  exit.o ABSOLUTE
    ../fplib/fpinit.s                        0x00000000   Number         0  fpinit.o ABSOLUTE
    ..\CORE\core_cm3.c                       0x00000000   Number         0  core_cm3.o ABSOLUTE
    ..\CORE\startup_stm32f10x_hd.s           0x00000000   Number         0  startup_stm32f10x_hd.o ABSOLUTE
    ..\HARDWARE\LED\led.c                    0x00000000   Number         0  led.o ABSOLUTE
    ..\HARDWARE\REMOTE\remote.c              0x00000000   Number         0  remote.o ABSOLUTE
    ..\STM32F10x_FWLib\src\misc.c            0x00000000   Number         0  misc.o ABSOLUTE
    ..\STM32F10x_FWLib\src\stm32f10x_dbgmcu.c 0x00000000   Number         0  stm32f10x_dbgmcu.o ABSOLUTE
    ..\STM32F10x_FWLib\src\stm32f10x_gpio.c  0x00000000   Number         0  stm32f10x_gpio.o ABSOLUTE
    ..\STM32F10x_FWLib\src\stm32f10x_rcc.c   0x00000000   Number         0  stm32f10x_rcc.o ABSOLUTE
    ..\STM32F10x_FWLib\src\stm32f10x_tim.c   0x00000000   Number         0  stm32f10x_tim.o ABSOLUTE
    ..\STM32F10x_FWLib\src\stm32f10x_usart.c 0x00000000   Number         0  stm32f10x_usart.o ABSOLUTE
    ..\SYSTEM\delay\delay.c                  0x00000000   Number         0  delay.o ABSOLUTE
    ..\SYSTEM\sys\sys.c                      0x00000000   Number         0  sys.o ABSOLUTE
    ..\SYSTEM\usart\usart.c                  0x00000000   Number         0  usart.o ABSOLUTE
    ..\\CORE\\core_cm3.c                     0x00000000   Number         0  core_cm3.o ABSOLUTE
    ..\\SYSTEM\\sys\\sys.c                   0x00000000   Number         0  sys.o ABSOLUTE
    D:\Keil_v5\ARM\PACK\rt-thread\rtthread\2.1.1\libcpu\arm\cortex-m3\context_rvds.S 0x00000000   Number         0  context_rvds.o ABSOLUTE
    D:\Keil_v5\ARM\PACK\rt-thread\rtthread\2.1.1\libcpu\arm\cortex-m3\cpuport.c 0x00000000   Number         0  cpuport.o ABSOLUTE
    D:\Keil_v5\ARM\PACK\rt-thread\rtthread\2.1.1\src\clock.c 0x00000000   Number         0  clock.o ABSOLUTE
    D:\Keil_v5\ARM\PACK\rt-thread\rtthread\2.1.1\src\components.c 0x00000000   Number         0  components.o ABSOLUTE
    D:\Keil_v5\ARM\PACK\rt-thread\rtthread\2.1.1\src\device.c 0x00000000   Number         0  device.o ABSOLUTE
    D:\Keil_v5\ARM\PACK\rt-thread\rtthread\2.1.1\src\idle.c 0x00000000   Number         0  idle.o ABSOLUTE
    D:\Keil_v5\ARM\PACK\rt-thread\rtthread\2.1.1\src\ipc.c 0x00000000   Number         0  ipc.o ABSOLUTE
    D:\Keil_v5\ARM\PACK\rt-thread\rtthread\2.1.1\src\irq.c 0x00000000   Number         0  irq.o ABSOLUTE
    D:\Keil_v5\ARM\PACK\rt-thread\rtthread\2.1.1\src\kservice.c 0x00000000   Number         0  kservice.o ABSOLUTE
    D:\Keil_v5\ARM\PACK\rt-thread\rtthread\2.1.1\src\mem.c 0x00000000   Number         0  mem.o ABSOLUTE
    D:\Keil_v5\ARM\PACK\rt-thread\rtthread\2.1.1\src\object.c 0x00000000   Number         0  object.o ABSOLUTE
    D:\Keil_v5\ARM\PACK\rt-thread\rtthread\2.1.1\src\scheduler.c 0x00000000   Number         0  scheduler.o ABSOLUTE
    D:\Keil_v5\ARM\PACK\rt-thread\rtthread\2.1.1\src\thread.c 0x00000000   Number         0  thread.o ABSOLUTE
    D:\Keil_v5\ARM\PACK\rt-thread\rtthread\2.1.1\src\timer.c 0x00000000   Number         0  timer.o ABSOLUTE
    RTE\RTOS\board.c                         0x00000000   Number         0  board.o ABSOLUTE
    dc.s                                     0x00000000   Number         0  dc.o ABSOLUTE
    main.c                                   0x00000000   Number         0  main.o ABSOLUTE
    stm32f10x_it.c                           0x00000000   Number         0  stm32f10x_it.o ABSOLUTE
    system_stm32f10x.c                       0x00000000   Number         0  system_stm32f10x.o ABSOLUTE
    RESET                                    0x08000000   Section      304  startup_stm32f10x_hd.o(RESET)
    !!!main                                  0x08000130   Section        8  __main.o(!!!main)
    !!!scatter                               0x08000138   Section       52  __scatter.o(!!!scatter)
    !!handler_copy                           0x0800016c   Section       26  __scatter_copy.o(!!handler_copy)
    !!handler_zi                             0x08000188   Section       28  __scatter_zi.o(!!handler_zi)
    .ARM.Collect$$libinit$$00000000          0x080001a4   Section        2  libinit.o(.ARM.Collect$$libinit$$00000000)
    .ARM.Collect$$libinit$$00000002          0x080001a6   Section        0  libinit2.o(.ARM.Collect$$libinit$$00000002)
    .ARM.Collect$$libinit$$00000004          0x080001a6   Section        0  libinit2.o(.ARM.Collect$$libinit$$00000004)
    .ARM.Collect$$libinit$$0000000A          0x080001a6   Section        0  libinit2.o(.ARM.Collect$$libinit$$0000000A)
    .ARM.Collect$$libinit$$0000000C          0x080001a6   Section        0  libinit2.o(.ARM.Collect$$libinit$$0000000C)
    .ARM.Collect$$libinit$$0000000E          0x080001a6   Section        0  libinit2.o(.ARM.Collect$$libinit$$0000000E)
    .ARM.Collect$$libinit$$00000011          0x080001a6   Section        0  libinit2.o(.ARM.Collect$$libinit$$00000011)
    .ARM.Collect$$libinit$$00000013          0x080001a6   Section        0  libinit2.o(.ARM.Collect$$libinit$$00000013)
    .ARM.Collect$$libinit$$00000015          0x080001a6   Section        0  libinit2.o(.ARM.Collect$$libinit$$00000015)
    .ARM.Collect$$libinit$$00000017          0x080001a6   Section        0  libinit2.o(.ARM.Collect$$libinit$$00000017)
    .ARM.Collect$$libinit$$00000019          0x080001a6   Section        0  libinit2.o(.ARM.Collect$$libinit$$00000019)
    .ARM.Collect$$libinit$$0000001B          0x080001a6   Section        0  libinit2.o(.ARM.Collect$$libinit$$0000001B)
    .ARM.Collect$$libinit$$0000001D          0x080001a6   Section        0  libinit2.o(.ARM.Collect$$libinit$$0000001D)
    .ARM.Collect$$libinit$$0000001F          0x080001a6   Section        0  libinit2.o(.ARM.Collect$$libinit$$0000001F)
    .ARM.Collect$$libinit$$00000021          0x080001a6   Section        0  libinit2.o(.ARM.Collect$$libinit$$00000021)
    .ARM.Collect$$libinit$$00000023          0x080001a6   Section        0  libinit2.o(.ARM.Collect$$libinit$$00000023)
    .ARM.Collect$$libinit$$00000025          0x080001a6   Section        0  libinit2.o(.ARM.Collect$$libinit$$00000025)
    .ARM.Collect$$libinit$$0000002C          0x080001a6   Section        0  libinit2.o(.ARM.Collect$$libinit$$0000002C)
    .ARM.Collect$$libinit$$0000002E          0x080001a6   Section        0  libinit2.o(.ARM.Collect$$libinit$$0000002E)
    .ARM.Collect$$libinit$$00000030          0x080001a6   Section        0  libinit2.o(.ARM.Collect$$libinit$$00000030)
    .ARM.Collect$$libinit$$00000032          0x080001a6   Section        0  libinit2.o(.ARM.Collect$$libinit$$00000032)
    .ARM.Collect$$libinit$$00000033          0x080001a6   Section        2  libinit2.o(.ARM.Collect$$libinit$$00000033)
    .ARM.Collect$$libshutdown$$00000000      0x080001a8   Section        2  libshutdown.o(.ARM.Collect$$libshutdown$$00000000)
    .ARM.Collect$$libshutdown$$00000002      0x080001aa   Section        0  libshutdown2.o(.ARM.Collect$$libshutdown$$00000002)
    .ARM.Collect$$libshutdown$$00000004      0x080001aa   Section        0  libshutdown2.o(.ARM.Collect$$libshutdown$$00000004)
    .ARM.Collect$$libshutdown$$00000007      0x080001aa   Section        0  libshutdown2.o(.ARM.Collect$$libshutdown$$00000007)
    .ARM.Collect$$libshutdown$$0000000A      0x080001aa   Section        0  libshutdown2.o(.ARM.Collect$$libshutdown$$0000000A)
    .ARM.Collect$$libshutdown$$0000000C      0x080001aa   Section        0  libshutdown2.o(.ARM.Collect$$libshutdown$$0000000C)
    .ARM.Collect$$libshutdown$$0000000F      0x080001aa   Section        0  libshutdown2.o(.ARM.Collect$$libshutdown$$0000000F)
    .ARM.Collect$$libshutdown$$00000010      0x080001aa   Section        2  libshutdown2.o(.ARM.Collect$$libshutdown$$00000010)
    .ARM.Collect$$rtentry$$00000000          0x080001ac   Section        0  __rtentry.o(.ARM.Collect$$rtentry$$00000000)
    .ARM.Collect$$rtentry$$00000002          0x080001ac   Section        0  __rtentry2.o(.ARM.Collect$$rtentry$$00000002)
    .ARM.Collect$$rtentry$$00000004          0x080001ac   Section        6  __rtentry4.o(.ARM.Collect$$rtentry$$00000004)
    .ARM.Collect$$rtentry$$00000009          0x080001b2   Section        0  __rtentry2.o(.ARM.Collect$$rtentry$$00000009)
    .ARM.Collect$$rtentry$$0000000A          0x080001b2   Section        4  __rtentry2.o(.ARM.Collect$$rtentry$$0000000A)
    .ARM.Collect$$rtentry$$0000000C          0x080001b6   Section        0  __rtentry2.o(.ARM.Collect$$rtentry$$0000000C)
    .ARM.Collect$$rtentry$$0000000D          0x080001b6   Section        8  __rtentry2.o(.ARM.Collect$$rtentry$$0000000D)
    .ARM.Collect$$rtexit$$00000000           0x080001be   Section        2  rtexit.o(.ARM.Collect$$rtexit$$00000000)
    .ARM.Collect$$rtexit$$00000002           0x080001c0   Section        0  rtexit2.o(.ARM.Collect$$rtexit$$00000002)
    .ARM.Collect$$rtexit$$00000003           0x080001c0   Section        4  rtexit2.o(.ARM.Collect$$rtexit$$00000003)
    .ARM.Collect$$rtexit$$00000004           0x080001c4   Section        6  rtexit2.o(.ARM.Collect$$rtexit$$00000004)
    .text                                    0x080001cc   Section        0  main.o(.text)
    led0_thread_entry                        0x080001cd   Thumb Code    34  main.o(.text)
    led1_thread_entry                        0x080001ef   Thumb Code    36  main.o(.text)
    .text                                    0x08000298   Section        0  stm32f10x_it.o(.text)
    .text                                    0x080002ac   Section        0  system_stm32f10x.o(.text)
    SetSysClockTo72                          0x080002ad   Thumb Code   214  system_stm32f10x.o(.text)
    SetSysClock                              0x08000383   Thumb Code     8  system_stm32f10x.o(.text)
    .text                                    0x0800048c   Section        0  led.o(.text)
    .text                                    0x080004c0   Section        0  remote.o(.text)
    .text                                    0x0800077c   Section        0  usart.o(.text)
    .text                                    0x080008bc   Section       60  startup_stm32f10x_hd.o(.text)
    .text                                    0x080008f8   Section        0  misc.o(.text)
    .text                                    0x080009d4   Section        0  stm32f10x_gpio.o(.text)
    .text                                    0x08000d30   Section        0  stm32f10x_rcc.o(.text)
    .text                                    0x080010d4   Section        0  stm32f10x_usart.o(.text)
    .text                                    0x080014dc   Section        0  stm32f10x_tim.o(.text)
    TI4_Config                               0x08001983   Thumb Code   130  stm32f10x_tim.o(.text)
    TI3_Config                               0x08001a17   Thumb Code   122  stm32f10x_tim.o(.text)
    TI2_Config                               0x08001aab   Thumb Code   130  stm32f10x_tim.o(.text)
    TI1_Config                               0x08001b3f   Thumb Code   108  stm32f10x_tim.o(.text)
    .text                                    0x080022f8   Section      236  context_rvds.o(.text)
    .text                                    0x080023e4   Section        0  cpuport.o(.text)
    .text                                    0x0800264c   Section        0  clock.o(.text)
    .text                                    0x080026ac   Section        0  components.o(.text)
    rti_start                                0x080026ad   Thumb Code     4  components.o(.text)
    rti_board_start                          0x080026b1   Thumb Code     4  components.o(.text)
    rti_board_end                            0x080026b5   Thumb Code     4  components.o(.text)
    rti_end                                  0x080026b9   Thumb Code     4  components.o(.text)
    .text                                    0x08002774   Section        0  device.o(.text)
    .text                                    0x080029c4   Section        0  idle.o(.text)
    rt_thread_idle_entry                     0x08002a2b   Thumb Code     8  idle.o(.text)
    _has_defunct_thread                      0x08002a5d   Thumb Code    16  idle.o(.text)
    .text                                    0x08002a84   Section        0  irq.o(.text)
    .text                                    0x08002ac4   Section        0  kservice.o(.text)
    print_number                             0x08002d61   Thumb Code   402  kservice.o(.text)
    skip_atoi                                0x08002ef3   Thumb Code    38  kservice.o(.text)
    .text                                    0x0800347c   Section        0  object.o(.text)
    .text                                    0x08003560   Section        0  scheduler.o(.text)
    rt_list_init                             0x08003701   Thumb Code     6  scheduler.o(.text)
    .text                                    0x08003724   Section        0  thread.o(.text)
    rt_list_insert_after                     0x08003725   Thumb Code    14  thread.o(.text)
    rt_list_remove                           0x08003733   Thumb Code    18  thread.o(.text)
    _rt_thread_init                          0x080037b1   Thumb Code   128  thread.o(.text)
    .text                                    0x08003aac   Section        0  timer.o(.text)
    rt_list_insert_after                     0x08003aad   Thumb Code    14  timer.o(.text)
    _rt_timer_init                           0x08003abb   Thumb Code    66  timer.o(.text)
    rt_timer_list_next_timeout               0x08003afd   Thumb Code    28  timer.o(.text)
    _rt_timer_remove                         0x08003b19   Thumb Code    46  timer.o(.text)
    rt_list_init                             0x08003d85   Thumb Code     6  timer.o(.text)
    rt_list_isempty                          0x08003d8b   Thumb Code    16  timer.o(.text)
    .text                                    0x08003da4   Section        0  board.o(.text)
    .text                                    0x08003e28   Section        2  use_no_semi_2.o(.text)
    .text                                    0x08003e2a   Section        0  heapauxi.o(.text)
    .text                                    0x08003e30   Section        2  use_no_semi.o(.text)
    .text                                    0x08003e32   Section       74  sys_stackheap_outer.o(.text)
    .text                                    0x08003e7c   Section        0  exit.o(.text)
    .text                                    0x08003e90   Section        8  libspace.o(.text)
    .constdata                               0x08003e98   Section      290  kservice.o(.constdata)
    small_digits                             0x08003f98   Data          17  kservice.o(.constdata)
    large_digits                             0x08003fa9   Data          17  kservice.o(.constdata)
    .rti_fn.0.end                            0x08003fbc   Section        4  components.o(.rti_fn.0.end)
    .rti_fn.1.end                            0x08003fc0   Section        4  components.o(.rti_fn.1.end)
    .rti_fn.6.end                            0x08003fc4   Section        4  components.o(.rti_fn.6.end)
    .data                                    0x20000000   Section       20  system_stm32f10x.o(.data)
    .data                                    0x20000014   Section        9  remote.o(.data)
    .data                                    0x20000020   Section        6  usart.o(.data)
    .data                                    0x20000026   Section       20  stm32f10x_rcc.o(.data)
    APBAHBPrescTable                         0x20000026   Data          16  stm32f10x_rcc.o(.data)
    ADCPrescTable                            0x20000036   Data           4  stm32f10x_rcc.o(.data)
    .data                                    0x2000003c   Section       16  cpuport.o(.data)
    rt_exception_hook                        0x20000048   Data           4  cpuport.o(.data)
    .data                                    0x2000004c   Section        4  clock.o(.data)
    rt_tick                                  0x2000004c   Data           4  clock.o(.data)
    .data                                    0x20000050   Section        1  irq.o(.data)
    .data                                    0x20000054   Section        8  kservice.o(.data)
    _errno                                   0x20000054   Data           4  kservice.o(.data)
    _console_device                          0x20000058   Data           4  kservice.o(.data)
    .data                                    0x2000005c   Section       80  object.o(.data)
    .data                                    0x200000ac   Section       24  scheduler.o(.data)
    rt_scheduler_lock_nest                   0x200000ac   Data           2  scheduler.o(.data)
    .data                                    0x200000c4   Section       12  timer.o(.data)
    rt_timer_list                            0x200000c4   Data           8  timer.o(.data)
    random_nr                                0x200000cc   Data           4  timer.o(.data)
    .bss                                     0x200000d0   Section     2288  main.o(.bss)
    led0_thread                              0x200000d0   Data         120  main.o(.bss)
    led1_thread                              0x20000148   Data         120  main.o(.bss)
    rt_led0_thread_stack                     0x200001c0   Data        1024  main.o(.bss)
    rt_led1_thread_stack                     0x200005c0   Data        1024  main.o(.bss)
    .bss                                     0x200009c0   Section      200  usart.o(.bss)
    .bss                                     0x20000a88   Section      376  components.o(.bss)
    main_stack                               0x20000a88   Data         256  components.o(.bss)
    .bss                                     0x20000c00   Section      248  idle.o(.bss)
    idle                                     0x20000c00   Data         120  idle.o(.bss)
    rt_thread_stack                          0x20000c78   Data         128  idle.o(.bss)
    .bss                                     0x20000cf8   Section      128  kservice.o(.bss)
    rt_log_buf                               0x20000cf8   Data         128  kservice.o(.bss)
    .bss                                     0x20000d78   Section       64  scheduler.o(.bss)
    .bss                                     0x20000db8   Section       96  libspace.o(.bss)
    HEAP                                     0x20000e18   Section        0  startup_stm32f10x_hd.o(HEAP)
    STACK                                    0x20000e18   Section     1024  startup_stm32f10x_hd.o(STACK)
    Heap_Mem                                 0x20000e18   Data           0  startup_stm32f10x_hd.o(HEAP)
    Stack_Mem                                0x20000e18   Data        1024  startup_stm32f10x_hd.o(STACK)
    __initial_sp                             0x20001218   Data           0  startup_stm32f10x_hd.o(STACK)

    Global Symbols

    Symbol Name                              Value     Ov Type        Size  Object(Section)

    BuildAttributes$$THM_ISAv4$P$D$K$B$S$PE$A:L22UL41UL21$X:L11$S22US41US21$IEEE1$IW$USESV6$~STKCKD$USESV7$~SHL$OSPACE$ROPI$EBA8$UX$STANDARDLIB$REQ8$PRES8$EABIv2 0x00000000   Number         0  anon$$obj.o ABSOLUTE
    __ARM_use_no_argv                        0x00000000   Number         0  main.o ABSOLUTE
    __ARM_exceptions_init                     - Undefined Weak Reference
    __alloca_initialize                       - Undefined Weak Reference
    __arm_preinit_                            - Undefined Weak Reference
    __cpp_initialize__aeabi_                  - Undefined Weak Reference
    __cxa_finalize                            - Undefined Weak Reference
    __rt_locale                               - Undefined Weak Reference
    __sigvec_lookup                           - Undefined Weak Reference
    _atexit_init                              - Undefined Weak Reference
    _call_atexit_fns                          - Undefined Weak Reference
    _clock_init                               - Undefined Weak Reference
    _fp_trap_init                             - Undefined Weak Reference
    _fp_trap_shutdown                         - Undefined Weak Reference
    _get_lc_collate                           - Undefined Weak Reference
    _get_lc_ctype                             - Undefined Weak Reference
    _get_lc_monetary                          - Undefined Weak Reference
    _get_lc_numeric                           - Undefined Weak Reference
    _get_lc_time                              - Undefined Weak Reference
    _getenv_init                              - Undefined Weak Reference
    _handle_redirection                       - Undefined Weak Reference
    _init_alloc                               - Undefined Weak Reference
    _init_user_alloc                          - Undefined Weak Reference
    _initio                                   - Undefined Weak Reference
    _rand_init                                - Undefined Weak Reference
    _signal_finish                            - Undefined Weak Reference
    _signal_init                              - Undefined Weak Reference
    _terminate_alloc                          - Undefined Weak Reference
    _terminate_user_alloc                     - Undefined Weak Reference
    _terminateio                              - Undefined Weak Reference
    __Vectors_Size                           0x00000130   Number         0  startup_stm32f10x_hd.o ABSOLUTE
    __Vectors                                0x08000000   Data           4  startup_stm32f10x_hd.o(RESET)
    __Vectors_End                            0x08000130   Data           0  startup_stm32f10x_hd.o(RESET)
    __main                                   0x08000131   Thumb Code     8  __main.o(!!!main)
    __scatterload                            0x08000139   Thumb Code     0  __scatter.o(!!!scatter)
    __scatterload_rt2                        0x08000139   Thumb Code    44  __scatter.o(!!!scatter)
    __scatterload_rt2_thumb_only             0x08000139   Thumb Code     0  __scatter.o(!!!scatter)
    __scatterload_null                       0x08000147   Thumb Code     0  __scatter.o(!!!scatter)
    __scatterload_copy                       0x0800016d   Thumb Code    26  __scatter_copy.o(!!handler_copy)
    __scatterload_zeroinit                   0x08000189   Thumb Code    28  __scatter_zi.o(!!handler_zi)
    __rt_lib_init                            0x080001a5   Thumb Code     0  libinit.o(.ARM.Collect$$libinit$$00000000)
    __rt_lib_init_alloca_1                   0x080001a7   Thumb Code     0  libinit2.o(.ARM.Collect$$libinit$$0000002E)
    __rt_lib_init_argv_1                     0x080001a7   Thumb Code     0  libinit2.o(.ARM.Collect$$libinit$$0000002C)
    __rt_lib_init_atexit_1                   0x080001a7   Thumb Code     0  libinit2.o(.ARM.Collect$$libinit$$0000001B)
    __rt_lib_init_clock_1                    0x080001a7   Thumb Code     0  libinit2.o(.ARM.Collect$$libinit$$00000021)
    __rt_lib_init_cpp_1                      0x080001a7   Thumb Code     0  libinit2.o(.ARM.Collect$$libinit$$00000032)
    __rt_lib_init_exceptions_1               0x080001a7   Thumb Code     0  libinit2.o(.ARM.Collect$$libinit$$00000030)
    __rt_lib_init_fp_1                       0x080001a7   Thumb Code     0  libinit2.o(.ARM.Collect$$libinit$$00000002)
    __rt_lib_init_fp_trap_1                  0x080001a7   Thumb Code     0  libinit2.o(.ARM.Collect$$libinit$$0000001F)
    __rt_lib_init_getenv_1                   0x080001a7   Thumb Code     0  libinit2.o(.ARM.Collect$$libinit$$00000023)
    __rt_lib_init_heap_1                     0x080001a7   Thumb Code     0  libinit2.o(.ARM.Collect$$libinit$$0000000A)
    __rt_lib_init_lc_collate_1               0x080001a7   Thumb Code     0  libinit2.o(.ARM.Collect$$libinit$$00000011)
    __rt_lib_init_lc_ctype_1                 0x080001a7   Thumb Code     0  libinit2.o(.ARM.Collect$$libinit$$00000013)
    __rt_lib_init_lc_monetary_1              0x080001a7   Thumb Code     0  libinit2.o(.ARM.Collect$$libinit$$00000015)
    __rt_lib_init_lc_numeric_1               0x080001a7   Thumb Code     0  libinit2.o(.ARM.Collect$$libinit$$00000017)
    __rt_lib_init_lc_time_1                  0x080001a7   Thumb Code     0  libinit2.o(.ARM.Collect$$libinit$$00000019)
    __rt_lib_init_preinit_1                  0x080001a7   Thumb Code     0  libinit2.o(.ARM.Collect$$libinit$$00000004)
    __rt_lib_init_rand_1                     0x080001a7   Thumb Code     0  libinit2.o(.ARM.Collect$$libinit$$0000000E)
    __rt_lib_init_return                     0x080001a7   Thumb Code     0  libinit2.o(.ARM.Collect$$libinit$$00000033)
    __rt_lib_init_signal_1                   0x080001a7   Thumb Code     0  libinit2.o(.ARM.Collect$$libinit$$0000001D)
    __rt_lib_init_stdio_1                    0x080001a7   Thumb Code     0  libinit2.o(.ARM.Collect$$libinit$$00000025)
    __rt_lib_init_user_alloc_1               0x080001a7   Thumb Code     0  libinit2.o(.ARM.Collect$$libinit$$0000000C)
    __rt_lib_shutdown                        0x080001a9   Thumb Code     0  libshutdown.o(.ARM.Collect$$libshutdown$$00000000)
    __rt_lib_shutdown_cpp_1                  0x080001ab   Thumb Code     0  libshutdown2.o(.ARM.Collect$$libshutdown$$00000002)
    __rt_lib_shutdown_fp_trap_1              0x080001ab   Thumb Code     0  libshutdown2.o(.ARM.Collect$$libshutdown$$00000007)
    __rt_lib_shutdown_heap_1                 0x080001ab   Thumb Code     0  libshutdown2.o(.ARM.Collect$$libshutdown$$0000000F)
    __rt_lib_shutdown_return                 0x080001ab   Thumb Code     0  libshutdown2.o(.ARM.Collect$$libshutdown$$00000010)
    __rt_lib_shutdown_signal_1               0x080001ab   Thumb Code     0  libshutdown2.o(.ARM.Collect$$libshutdown$$0000000A)
    __rt_lib_shutdown_stdio_1                0x080001ab   Thumb Code     0  libshutdown2.o(.ARM.Collect$$libshutdown$$00000004)
    __rt_lib_shutdown_user_alloc_1           0x080001ab   Thumb Code     0  libshutdown2.o(.ARM.Collect$$libshutdown$$0000000C)
    __rt_entry                               0x080001ad   Thumb Code     0  __rtentry.o(.ARM.Collect$$rtentry$$00000000)
    __rt_entry_presh_1                       0x080001ad   Thumb Code     0  __rtentry2.o(.ARM.Collect$$rtentry$$00000002)
    __rt_entry_sh                            0x080001ad   Thumb Code     0  __rtentry4.o(.ARM.Collect$$rtentry$$00000004)
    __rt_entry_li                            0x080001b3   Thumb Code     0  __rtentry2.o(.ARM.Collect$$rtentry$$0000000A)
    __rt_entry_postsh_1                      0x080001b3   Thumb Code     0  __rtentry2.o(.ARM.Collect$$rtentry$$00000009)
    __rt_entry_main                          0x080001b7   Thumb Code     0  __rtentry2.o(.ARM.Collect$$rtentry$$0000000D)
    __rt_entry_postli_1                      0x080001b7   Thumb Code     0  __rtentry2.o(.ARM.Collect$$rtentry$$0000000C)
    __rt_exit                                0x080001bf   Thumb Code     0  rtexit.o(.ARM.Collect$$rtexit$$00000000)
    __rt_exit_ls                             0x080001c1   Thumb Code     0  rtexit2.o(.ARM.Collect$$rtexit$$00000003)
    __rt_exit_prels_1                        0x080001c1   Thumb Code     0  rtexit2.o(.ARM.Collect$$rtexit$$00000002)
    __rt_exit_exit                           0x080001c5   Thumb Code     0  rtexit2.o(.ARM.Collect$$rtexit$$00000004)
    $Super$$main                             0x08000213   Thumb Code    86  main.o(.text)
    NMI_Handler                              0x08000299   Thumb Code     2  stm32f10x_it.o(.text)
    MemManage_Handler                        0x0800029b   Thumb Code     4  stm32f10x_it.o(.text)
    BusFault_Handler                         0x0800029f   Thumb Code     4  stm32f10x_it.o(.text)
    UsageFault_Handler                       0x080002a3   Thumb Code     4  stm32f10x_it.o(.text)
    SVC_Handler                              0x080002a7   Thumb Code     2  stm32f10x_it.o(.text)
    DebugMon_Handler                         0x080002a9   Thumb Code     2  stm32f10x_it.o(.text)
    SystemInit                               0x0800038b   Thumb Code    78  system_stm32f10x.o(.text)
    SystemCoreClockUpdate                    0x080003d9   Thumb Code   142  system_stm32f10x.o(.text)
    LED_Init                                 0x0800048d   Thumb Code    46  led.o(.text)
    Remote_Init                              0x080004c1   Thumb Code   180  remote.o(.text)
    Remote_Scan                              0x08000575   Thumb Code    82  remote.o(.text)
    TIM4_IRQHandler                          0x080005c7   Thumb Code   406  remote.o(.text)
    _sys_exit                                0x0800077d   Thumb Code     6  usart.o(.text)
    fputc                                    0x08000783   Thumb Code    24  usart.o(.text)
    uart_init                                0x0800079b   Thumb Code   152  usart.o(.text)
    USART1_IRQHandler                        0x08000833   Thumb Code   122  usart.o(.text)
    Reset_Handler                            0x080008bd   Thumb Code     8  startup_stm32f10x_hd.o(.text)
    ADC1_2_IRQHandler                        0x080008d7   Thumb Code     0  startup_stm32f10x_hd.o(.text)
    ADC3_IRQHandler                          0x080008d7   Thumb Code     0  startup_stm32f10x_hd.o(.text)
    CAN1_RX1_IRQHandler                      0x080008d7   Thumb Code     0  startup_stm32f10x_hd.o(.text)
    CAN1_SCE_IRQHandler                      0x080008d7   Thumb Code     0  startup_stm32f10x_hd.o(.text)
    DMA1_Channel1_IRQHandler                 0x080008d7   Thumb Code     0  startup_stm32f10x_hd.o(.text)
    DMA1_Channel2_IRQHandler                 0x080008d7   Thumb Code     0  startup_stm32f10x_hd.o(.text)
    DMA1_Channel3_IRQHandler                 0x080008d7   Thumb Code     0  startup_stm32f10x_hd.o(.text)
    DMA1_Channel4_IRQHandler                 0x080008d7   Thumb Code     0  startup_stm32f10x_hd.o(.text)
    DMA1_Channel5_IRQHandler                 0x080008d7   Thumb Code     0  startup_stm32f10x_hd.o(.text)
    DMA1_Channel6_IRQHandler                 0x080008d7   Thumb Code     0  startup_stm32f10x_hd.o(.text)
    DMA1_Channel7_IRQHandler                 0x080008d7   Thumb Code     0  startup_stm32f10x_hd.o(.text)
    DMA2_Channel1_IRQHandler                 0x080008d7   Thumb Code     0  startup_stm32f10x_hd.o(.text)
    DMA2_Channel2_IRQHandler                 0x080008d7   Thumb Code     0  startup_stm32f10x_hd.o(.text)
    DMA2_Channel3_IRQHandler                 0x080008d7   Thumb Code     0  startup_stm32f10x_hd.o(.text)
    DMA2_Channel4_5_IRQHandler               0x080008d7   Thumb Code     0  startup_stm32f10x_hd.o(.text)
    EXTI0_IRQHandler                         0x080008d7   Thumb Code     0  startup_stm32f10x_hd.o(.text)
    EXTI15_10_IRQHandler                     0x080008d7   Thumb Code     0  startup_stm32f10x_hd.o(.text)
    EXTI1_IRQHandler                         0x080008d7   Thumb Code     0  startup_stm32f10x_hd.o(.text)
    EXTI2_IRQHandler                         0x080008d7   Thumb Code     0  startup_stm32f10x_hd.o(.text)
    EXTI3_IRQHandler                         0x080008d7   Thumb Code     0  startup_stm32f10x_hd.o(.text)
    EXTI4_IRQHandler                         0x080008d7   Thumb Code     0  startup_stm32f10x_hd.o(.text)
    EXTI9_5_IRQHandler                       0x080008d7   Thumb Code     0  startup_stm32f10x_hd.o(.text)
    FLASH_IRQHandler                         0x080008d7   Thumb Code     0  startup_stm32f10x_hd.o(.text)
    FSMC_IRQHandler                          0x080008d7   Thumb Code     0  startup_stm32f10x_hd.o(.text)
    I2C1_ER_IRQHandler                       0x080008d7   Thumb Code     0  startup_stm32f10x_hd.o(.text)
    I2C1_EV_IRQHandler                       0x080008d7   Thumb Code     0  startup_stm32f10x_hd.o(.text)
    I2C2_ER_IRQHandler                       0x080008d7   Thumb Code     0  startup_stm32f10x_hd.o(.text)
    I2C2_EV_IRQHandler                       0x080008d7   Thumb Code     0  startup_stm32f10x_hd.o(.text)
    PVD_IRQHandler                           0x080008d7   Thumb Code     0  startup_stm32f10x_hd.o(.text)
    RCC_IRQHandler                           0x080008d7   Thumb Code     0  startup_stm32f10x_hd.o(.text)
    RTCAlarm_IRQHandler                      0x080008d7   Thumb Code     0  startup_stm32f10x_hd.o(.text)
    RTC_IRQHandler                           0x080008d7   Thumb Code     0  startup_stm32f10x_hd.o(.text)
    SDIO_IRQHandler                          0x080008d7   Thumb Code     0  startup_stm32f10x_hd.o(.text)
    SPI1_IRQHandler                          0x080008d7   Thumb Code     0  startup_stm32f10x_hd.o(.text)
    SPI2_IRQHandler                          0x080008d7   Thumb Code     0  startup_stm32f10x_hd.o(.text)
    SPI3_IRQHandler                          0x080008d7   Thumb Code     0  startup_stm32f10x_hd.o(.text)
    TAMPER_IRQHandler                        0x080008d7   Thumb Code     0  startup_stm32f10x_hd.o(.text)
    TIM1_BRK_IRQHandler                      0x080008d7   Thumb Code     0  startup_stm32f10x_hd.o(.text)
    TIM1_CC_IRQHandler                       0x080008d7   Thumb Code     0  startup_stm32f10x_hd.o(.text)
    TIM1_TRG_COM_IRQHandler                  0x080008d7   Thumb Code     0  startup_stm32f10x_hd.o(.text)
    TIM1_UP_IRQHandler                       0x080008d7   Thumb Code     0  startup_stm32f10x_hd.o(.text)
    TIM2_IRQHandler                          0x080008d7   Thumb Code     0  startup_stm32f10x_hd.o(.text)
    TIM3_IRQHandler                          0x080008d7   Thumb Code     0  startup_stm32f10x_hd.o(.text)
    TIM5_IRQHandler                          0x080008d7   Thumb Code     0  startup_stm32f10x_hd.o(.text)
    TIM6_IRQHandler                          0x080008d7   Thumb Code     0  startup_stm32f10x_hd.o(.text)
    TIM7_IRQHandler                          0x080008d7   Thumb Code     0  startup_stm32f10x_hd.o(.text)
    TIM8_BRK_IRQHandler                      0x080008d7   Thumb Code     0  startup_stm32f10x_hd.o(.text)
    TIM8_CC_IRQHandler                       0x080008d7   Thumb Code     0  startup_stm32f10x_hd.o(.text)
    TIM8_TRG_COM_IRQHandler                  0x080008d7   Thumb Code     0  startup_stm32f10x_hd.o(.text)
    TIM8_UP_IRQHandler                       0x080008d7   Thumb Code     0  startup_stm32f10x_hd.o(.text)
    UART4_IRQHandler                         0x080008d7   Thumb Code     0  startup_stm32f10x_hd.o(.text)
    UART5_IRQHandler                         0x080008d7   Thumb Code     0  startup_stm32f10x_hd.o(.text)
    USART2_IRQHandler                        0x080008d7   Thumb Code     0  startup_stm32f10x_hd.o(.text)
    USART3_IRQHandler                        0x080008d7   Thumb Code     0  startup_stm32f10x_hd.o(.text)
    USBWakeUp_IRQHandler                     0x080008d7   Thumb Code     0  startup_stm32f10x_hd.o(.text)
    USB_HP_CAN1_TX_IRQHandler                0x080008d7   Thumb Code     0  startup_stm32f10x_hd.o(.text)
    USB_LP_CAN1_RX0_IRQHandler               0x080008d7   Thumb Code     0  startup_stm32f10x_hd.o(.text)
    WWDG_IRQHandler                          0x080008d7   Thumb Code     0  startup_stm32f10x_hd.o(.text)
    __user_initial_stackheap                 0x080008d9   Thumb Code     0  startup_stm32f10x_hd.o(.text)
    NVIC_PriorityGroupConfig                 0x080008f9   Thumb Code    10  misc.o(.text)
    NVIC_Init                                0x08000903   Thumb Code   100  misc.o(.text)
    NVIC_SetVectorTable                      0x08000967   Thumb Code    14  misc.o(.text)
    NVIC_SystemLPConfig                      0x08000975   Thumb Code    34  misc.o(.text)
    SysTick_CLKSourceConfig                  0x08000997   Thumb Code    40  misc.o(.text)
    GPIO_DeInit                              0x080009d5   Thumb Code   172  stm32f10x_gpio.o(.text)
    GPIO_AFIODeInit                          0x08000a81   Thumb Code    20  stm32f10x_gpio.o(.text)
    GPIO_Init                                0x08000a95   Thumb Code   278  stm32f10x_gpio.o(.text)
    GPIO_StructInit                          0x08000bab   Thumb Code    16  stm32f10x_gpio.o(.text)
    GPIO_ReadInputDataBit                    0x08000bbb   Thumb Code    18  stm32f10x_gpio.o(.text)
    GPIO_ReadInputData                       0x08000bcd   Thumb Code     8  stm32f10x_gpio.o(.text)
    GPIO_ReadOutputDataBit                   0x08000bd5   Thumb Code    18  stm32f10x_gpio.o(.text)
    GPIO_ReadOutputData                      0x08000be7   Thumb Code     8  stm32f10x_gpio.o(.text)
    GPIO_SetBits                             0x08000bef   Thumb Code     4  stm32f10x_gpio.o(.text)
    GPIO_ResetBits                           0x08000bf3   Thumb Code     4  stm32f10x_gpio.o(.text)
    GPIO_WriteBit                            0x08000bf7   Thumb Code    10  stm32f10x_gpio.o(.text)
    GPIO_Write                               0x08000c01   Thumb Code     4  stm32f10x_gpio.o(.text)
    GPIO_PinLockConfig                       0x08000c05   Thumb Code    18  stm32f10x_gpio.o(.text)
    GPIO_EventOutputConfig                   0x08000c17   Thumb Code    26  stm32f10x_gpio.o(.text)
    GPIO_EventOutputCmd                      0x08000c31   Thumb Code     6  stm32f10x_gpio.o(.text)
    GPIO_PinRemapConfig                      0x08000c37   Thumb Code   138  stm32f10x_gpio.o(.text)
    GPIO_EXTILineConfig                      0x08000cc1   Thumb Code    66  stm32f10x_gpio.o(.text)
    GPIO_ETH_MediaInterfaceConfig            0x08000d03   Thumb Code     8  stm32f10x_gpio.o(.text)
    RCC_DeInit                               0x08000d31   Thumb Code    64  stm32f10x_rcc.o(.text)
    RCC_HSEConfig                            0x08000d71   Thumb Code    70  stm32f10x_rcc.o(.text)
    RCC_GetFlagStatus                        0x08000db7   Thumb Code    56  stm32f10x_rcc.o(.text)
    RCC_WaitForHSEStartUp                    0x08000def   Thumb Code    56  stm32f10x_rcc.o(.text)
    RCC_AdjustHSICalibrationValue            0x08000e27   Thumb Code    20  stm32f10x_rcc.o(.text)
    RCC_HSICmd                               0x08000e3b   Thumb Code     6  stm32f10x_rcc.o(.text)
    RCC_PLLConfig                            0x08000e41   Thumb Code    24  stm32f10x_rcc.o(.text)
    RCC_PLLCmd                               0x08000e59   Thumb Code     6  stm32f10x_rcc.o(.text)
    RCC_SYSCLKConfig                         0x08000e5f   Thumb Code    18  stm32f10x_rcc.o(.text)
    RCC_GetSYSCLKSource                      0x08000e71   Thumb Code    10  stm32f10x_rcc.o(.text)
    RCC_HCLKConfig                           0x08000e7b   Thumb Code    18  stm32f10x_rcc.o(.text)
    RCC_PCLK1Config                          0x08000e8d   Thumb Code    18  stm32f10x_rcc.o(.text)
    RCC_PCLK2Config                          0x08000e9f   Thumb Code    20  stm32f10x_rcc.o(.text)
    RCC_ITConfig                             0x08000eb3   Thumb Code    26  stm32f10x_rcc.o(.text)
    RCC_USBCLKConfig                         0x08000ecd   Thumb Code     8  stm32f10x_rcc.o(.text)
    RCC_ADCCLKConfig                         0x08000ed5   Thumb Code    18  stm32f10x_rcc.o(.text)
    RCC_LSEConfig                            0x08000ee7   Thumb Code    50  stm32f10x_rcc.o(.text)
    RCC_LSICmd                               0x08000f19   Thumb Code     6  stm32f10x_rcc.o(.text)
    RCC_RTCCLKConfig                         0x08000f1f   Thumb Code    12  stm32f10x_rcc.o(.text)
    RCC_RTCCLKCmd                            0x08000f2b   Thumb Code     8  stm32f10x_rcc.o(.text)
    RCC_GetClocksFreq                        0x08000f33   Thumb Code   192  stm32f10x_rcc.o(.text)
    RCC_AHBPeriphClockCmd                    0x08000ff3   Thumb Code    26  stm32f10x_rcc.o(.text)
    RCC_APB2PeriphClockCmd                   0x0800100d   Thumb Code    26  stm32f10x_rcc.o(.text)
    RCC_APB1PeriphClockCmd                   0x08001027   Thumb Code    26  stm32f10x_rcc.o(.text)
    RCC_APB2PeriphResetCmd                   0x08001041   Thumb Code    26  stm32f10x_rcc.o(.text)
    RCC_APB1PeriphResetCmd                   0x0800105b   Thumb Code    26  stm32f10x_rcc.o(.text)
    RCC_BackupResetCmd                       0x08001075   Thumb Code     8  stm32f10x_rcc.o(.text)
    RCC_ClockSecuritySystemCmd               0x0800107d   Thumb Code     6  stm32f10x_rcc.o(.text)
    RCC_MCOConfig                            0x08001083   Thumb Code     6  stm32f10x_rcc.o(.text)
    RCC_ClearFlag                            0x08001089   Thumb Code    14  stm32f10x_rcc.o(.text)
    RCC_GetITStatus                          0x08001097   Thumb Code    20  stm32f10x_rcc.o(.text)
    RCC_ClearITPendingBit                    0x080010ab   Thumb Code     6  stm32f10x_rcc.o(.text)
    USART_DeInit                             0x080010d5   Thumb Code   134  stm32f10x_usart.o(.text)
    USART_Init                               0x0800115b   Thumb Code   210  stm32f10x_usart.o(.text)
    USART_StructInit                         0x0800122d   Thumb Code    24  stm32f10x_usart.o(.text)
    USART_ClockInit                          0x08001245   Thumb Code    34  stm32f10x_usart.o(.text)
    USART_ClockStructInit                    0x08001267   Thumb Code    12  stm32f10x_usart.o(.text)
    USART_Cmd                                0x08001273   Thumb Code    24  stm32f10x_usart.o(.text)
    USART_ITConfig                           0x0800128b   Thumb Code    74  stm32f10x_usart.o(.text)
    USART_DMACmd                             0x080012d5   Thumb Code    18  stm32f10x_usart.o(.text)
    USART_SetAddress                         0x080012e7   Thumb Code    18  stm32f10x_usart.o(.text)
    USART_WakeUpConfig                       0x080012f9   Thumb Code    18  stm32f10x_usart.o(.text)
    USART_ReceiverWakeUpCmd                  0x0800130b   Thumb Code    24  stm32f10x_usart.o(.text)
    USART_LINBreakDetectLengthConfig         0x08001323   Thumb Code    18  stm32f10x_usart.o(.text)
    USART_LINCmd                             0x08001335   Thumb Code    24  stm32f10x_usart.o(.text)
    USART_SendData                           0x0800134d   Thumb Code     8  stm32f10x_usart.o(.text)
    USART_ReceiveData                        0x08001355   Thumb Code    10  stm32f10x_usart.o(.text)
    USART_SendBreak                          0x0800135f   Thumb Code    10  stm32f10x_usart.o(.text)
    USART_SetGuardTime                       0x08001369   Thumb Code    16  stm32f10x_usart.o(.text)
    USART_SetPrescaler                       0x08001379   Thumb Code    16  stm32f10x_usart.o(.text)
    USART_SmartCardCmd                       0x08001389   Thumb Code    24  stm32f10x_usart.o(.text)
    USART_SmartCardNACKCmd                   0x080013a1   Thumb Code    24  stm32f10x_usart.o(.text)
    USART_HalfDuplexCmd                      0x080013b9   Thumb Code    24  stm32f10x_usart.o(.text)
    USART_OverSampling8Cmd                   0x080013d1   Thumb Code    22  stm32f10x_usart.o(.text)
    USART_OneBitMethodCmd                    0x080013e7   Thumb Code    24  stm32f10x_usart.o(.text)
    USART_IrDAConfig                         0x080013ff   Thumb Code    18  stm32f10x_usart.o(.text)
    USART_IrDACmd                            0x08001411   Thumb Code    24  stm32f10x_usart.o(.text)
    USART_GetFlagStatus                      0x08001429   Thumb Code    26  stm32f10x_usart.o(.text)
    USART_ClearFlag                          0x08001443   Thumb Code    18  stm32f10x_usart.o(.text)
    USART_GetITStatus                        0x08001455   Thumb Code    84  stm32f10x_usart.o(.text)
    USART_ClearITPendingBit                  0x080014a9   Thumb Code    52  stm32f10x_usart.o(.text)
    TIM_DeInit                               0x080014dd   Thumb Code   424  stm32f10x_tim.o(.text)
    TIM_TimeBaseInit                         0x08001685   Thumb Code   122  stm32f10x_tim.o(.text)
    TIM_OC1Init                              0x080016ff   Thumb Code   132  stm32f10x_tim.o(.text)
    TIM_OC2Init                              0x08001783   Thumb Code   154  stm32f10x_tim.o(.text)
    TIM_OC3Init                              0x0800181d   Thumb Code   150  stm32f10x_tim.o(.text)
    TIM_OC4Init                              0x080018b3   Thumb Code   182  stm32f10x_tim.o(.text)
    TIM_SetIC4Prescaler                      0x08001969   Thumb Code    26  stm32f10x_tim.o(.text)
    TIM_SetIC3Prescaler                      0x08001a05   Thumb Code    18  stm32f10x_tim.o(.text)
    TIM_SetIC2Prescaler                      0x08001a91   Thumb Code    26  stm32f10x_tim.o(.text)
    TIM_SetIC1Prescaler                      0x08001b2d   Thumb Code    18  stm32f10x_tim.o(.text)
    TIM_ICInit                               0x08001bab   Thumb Code   150  stm32f10x_tim.o(.text)
    TIM_PWMIConfig                           0x08001c41   Thumb Code   124  stm32f10x_tim.o(.text)
    TIM_BDTRConfig                           0x08001cbd   Thumb Code    32  stm32f10x_tim.o(.text)
    TIM_TimeBaseStructInit                   0x08001cdd   Thumb Code    18  stm32f10x_tim.o(.text)
    TIM_OCStructInit                         0x08001cef   Thumb Code    20  stm32f10x_tim.o(.text)
    TIM_ICStructInit                         0x08001d03   Thumb Code    18  stm32f10x_tim.o(.text)
    TIM_BDTRStructInit                       0x08001d15   Thumb Code    40  stm32f10x_tim.o(.text)
    TIM_Cmd                                  0x08001d3d   Thumb Code    24  stm32f10x_tim.o(.text)
    TIM_CtrlPWMOutputs                       0x08001d55   Thumb Code    30  stm32f10x_tim.o(.text)
    TIM_ITConfig                             0x08001d73   Thumb Code    18  stm32f10x_tim.o(.text)
    TIM_GenerateEvent                        0x08001d85   Thumb Code     4  stm32f10x_tim.o(.text)
    TIM_DMAConfig                            0x08001d89   Thumb Code    10  stm32f10x_tim.o(.text)
    TIM_DMACmd                               0x08001d93   Thumb Code    18  stm32f10x_tim.o(.text)
    TIM_InternalClockConfig                  0x08001da5   Thumb Code    12  stm32f10x_tim.o(.text)
    TIM_SelectInputTrigger                   0x08001db1   Thumb Code    18  stm32f10x_tim.o(.text)
    TIM_ITRxExternalClockConfig              0x08001dc3   Thumb Code    24  stm32f10x_tim.o(.text)
    TIM_TIxExternalClockConfig               0x08001ddb   Thumb Code    62  stm32f10x_tim.o(.text)
    TIM_ETRConfig                            0x08001e19   Thumb Code    28  stm32f10x_tim.o(.text)
    TIM_ETRClockMode1Config                  0x08001e35   Thumb Code    54  stm32f10x_tim.o(.text)
    TIM_ETRClockMode2Config                  0x08001e6b   Thumb Code    32  stm32f10x_tim.o(.text)
    TIM_PrescalerConfig                      0x08001e8b   Thumb Code     6  stm32f10x_tim.o(.text)
    TIM_CounterModeConfig                    0x08001e91   Thumb Code    18  stm32f10x_tim.o(.text)
    TIM_EncoderInterfaceConfig               0x08001ea3   Thumb Code    66  stm32f10x_tim.o(.text)
    TIM_ForcedOC1Config                      0x08001ee5   Thumb Code    18  stm32f10x_tim.o(.text)
    TIM_ForcedOC2Config                      0x08001ef7   Thumb Code    26  stm32f10x_tim.o(.text)
    TIM_ForcedOC3Config                      0x08001f11   Thumb Code    18  stm32f10x_tim.o(.text)
    TIM_ForcedOC4Config                      0x08001f23   Thumb Code    26  stm32f10x_tim.o(.text)
    TIM_ARRPreloadConfig                     0x08001f3d   Thumb Code    24  stm32f10x_tim.o(.text)
    TIM_SelectCOM                            0x08001f55   Thumb Code    24  stm32f10x_tim.o(.text)
    TIM_SelectCCDMA                          0x08001f6d   Thumb Code    24  stm32f10x_tim.o(.text)
    TIM_CCPreloadControl                     0x08001f85   Thumb Code    24  stm32f10x_tim.o(.text)
    TIM_OC1PreloadConfig                     0x08001f9d   Thumb Code    18  stm32f10x_tim.o(.text)
    TIM_OC2PreloadConfig                     0x08001faf   Thumb Code    26  stm32f10x_tim.o(.text)
    TIM_OC3PreloadConfig                     0x08001fc9   Thumb Code    18  stm32f10x_tim.o(.text)
    TIM_OC4PreloadConfig                     0x08001fdb   Thumb Code    26  stm32f10x_tim.o(.text)
    TIM_OC1FastConfig                        0x08001ff5   Thumb Code    18  stm32f10x_tim.o(.text)
    TIM_OC2FastConfig                        0x08002007   Thumb Code    26  stm32f10x_tim.o(.text)
    TIM_OC3FastConfig                        0x08002021   Thumb Code    18  stm32f10x_tim.o(.text)
    TIM_OC4FastConfig                        0x08002033   Thumb Code    26  stm32f10x_tim.o(.text)
    TIM_ClearOC1Ref                          0x0800204d   Thumb Code    18  stm32f10x_tim.o(.text)
    TIM_ClearOC2Ref                          0x0800205f   Thumb Code    24  stm32f10x_tim.o(.text)
    TIM_ClearOC3Ref                          0x08002077   Thumb Code    18  stm32f10x_tim.o(.text)
    TIM_ClearOC4Ref                          0x08002089   Thumb Code    24  stm32f10x_tim.o(.text)
    TIM_OC1PolarityConfig                    0x080020a1   Thumb Code    18  stm32f10x_tim.o(.text)
    TIM_OC1NPolarityConfig                   0x080020b3   Thumb Code    18  stm32f10x_tim.o(.text)
    TIM_OC2PolarityConfig                    0x080020c5   Thumb Code    26  stm32f10x_tim.o(.text)
    TIM_OC2NPolarityConfig                   0x080020df   Thumb Code    26  stm32f10x_tim.o(.text)
    TIM_OC3PolarityConfig                    0x080020f9   Thumb Code    26  stm32f10x_tim.o(.text)
    TIM_OC3NPolarityConfig                   0x08002113   Thumb Code    26  stm32f10x_tim.o(.text)
    TIM_OC4PolarityConfig                    0x0800212d   Thumb Code    26  stm32f10x_tim.o(.text)
    TIM_CCxCmd                               0x08002147   Thumb Code    30  stm32f10x_tim.o(.text)
    TIM_CCxNCmd                              0x08002165   Thumb Code    30  stm32f10x_tim.o(.text)
    TIM_SelectOCxM                           0x08002183   Thumb Code    82  stm32f10x_tim.o(.text)
    TIM_UpdateDisableConfig                  0x080021d5   Thumb Code    24  stm32f10x_tim.o(.text)
    TIM_UpdateRequestConfig                  0x080021ed   Thumb Code    24  stm32f10x_tim.o(.text)
    TIM_SelectHallSensor                     0x08002205   Thumb Code    24  stm32f10x_tim.o(.text)
    TIM_SelectOnePulseMode                   0x0800221d   Thumb Code    18  stm32f10x_tim.o(.text)
    TIM_SelectOutputTrigger                  0x0800222f   Thumb Code    18  stm32f10x_tim.o(.text)
    TIM_SelectSlaveMode                      0x08002241   Thumb Code    18  stm32f10x_tim.o(.text)
    TIM_SelectMasterSlaveMode                0x08002253   Thumb Code    18  stm32f10x_tim.o(.text)
    TIM_SetCounter                           0x08002265   Thumb Code     4  stm32f10x_tim.o(.text)
    TIM_SetAutoreload                        0x08002269   Thumb Code     4  stm32f10x_tim.o(.text)
    TIM_SetCompare1                          0x0800226d   Thumb Code     4  stm32f10x_tim.o(.text)
    TIM_SetCompare2                          0x08002271   Thumb Code     4  stm32f10x_tim.o(.text)
    TIM_SetCompare3                          0x08002275   Thumb Code     4  stm32f10x_tim.o(.text)
    TIM_SetCompare4                          0x08002279   Thumb Code     6  stm32f10x_tim.o(.text)
    TIM_SetClockDivision                     0x0800227f   Thumb Code    18  stm32f10x_tim.o(.text)
    TIM_GetCapture1                          0x08002291   Thumb Code     6  stm32f10x_tim.o(.text)
    TIM_GetCapture2                          0x08002297   Thumb Code     6  stm32f10x_tim.o(.text)
    TIM_GetCapture3                          0x0800229d   Thumb Code     6  stm32f10x_tim.o(.text)
    TIM_GetCapture4                          0x080022a3   Thumb Code     8  stm32f10x_tim.o(.text)
    TIM_GetCounter                           0x080022ab   Thumb Code     6  stm32f10x_tim.o(.text)
    TIM_GetPrescaler                         0x080022b1   Thumb Code     6  stm32f10x_tim.o(.text)
    TIM_GetFlagStatus                        0x080022b7   Thumb Code    18  stm32f10x_tim.o(.text)
    TIM_ClearFlag                            0x080022c9   Thumb Code     6  stm32f10x_tim.o(.text)
    TIM_GetITStatus                          0x080022cf   Thumb Code    34  stm32f10x_tim.o(.text)
    TIM_ClearITPendingBit                    0x080022f1   Thumb Code     6  stm32f10x_tim.o(.text)
    rt_hw_interrupt_disable                  0x080022f9   Thumb Code     8  context_rvds.o(.text)
    rt_hw_interrupt_enable                   0x08002301   Thumb Code     6  context_rvds.o(.text)
    rt_hw_context_switch                     0x08002307   Thumb Code    32  context_rvds.o(.text)
    rt_hw_context_switch_interrupt           0x08002307   Thumb Code     0  context_rvds.o(.text)
    PendSV_Handler                           0x08002327   Thumb Code    60  context_rvds.o(.text)
    rt_hw_context_switch_to                  0x08002363   Thumb Code    56  context_rvds.o(.text)
    rt_hw_interrupt_thread_switch            0x0800239b   Thumb Code     2  context_rvds.o(.text)
    HardFault_Handler                        0x0800239d   Thumb Code    48  context_rvds.o(.text)
    rt_hw_stack_init                         0x080023e5   Thumb Code    70  cpuport.o(.text)
    rt_hw_exception_install                  0x0800242b   Thumb Code     6  cpuport.o(.text)
    rt_hw_hard_fault_exception               0x08002431   Thumb Code   190  cpuport.o(.text)
    rt_hw_cpu_shutdown                       0x080024ef   Thumb Code    10  cpuport.o(.text)
    rt_system_tick_init                      0x0800264d   Thumb Code     2  clock.o(.text)
    rt_tick_get                              0x0800264f   Thumb Code     6  clock.o(.text)
    rt_tick_set                              0x08002655   Thumb Code    22  clock.o(.text)
    rt_tick_increase                         0x0800266b   Thumb Code    42  clock.o(.text)
    rt_tick_from_millisecond                 0x08002695   Thumb Code    20  clock.o(.text)
    rt_components_board_init                 0x080026bd   Thumb Code    20  components.o(.text)
    rt_components_init                       0x080026d1   Thumb Code    20  components.o(.text)
    main_thread_entry                        0x080026e5   Thumb Code    14  components.o(.text)
    rt_application_init                      0x080026f3   Thumb Code    44  components.o(.text)
    rtthread_startup                         0x0800271f   Thumb Code    42  components.o(.text)
    main                                     0x08002749   Thumb Code    14  components.o(.text)
    rt_device_find                           0x08002775   Thumb Code    76  device.o(.text)
    rt_device_register                       0x080027c1   Thumb Code    52  device.o(.text)
    rt_device_unregister                     0x080027f5   Thumb Code    14  device.o(.text)
    rt_device_init_all                       0x08002803   Thumb Code     4  device.o(.text)
    rt_device_init                           0x08002807   Thumb Code    52  device.o(.text)
    rt_device_open                           0x0800283b   Thumb Code   110  device.o(.text)
    rt_device_close                          0x080028a9   Thumb Code    54  device.o(.text)
    rt_device_read                           0x080028df   Thumb Code    62  device.o(.text)
    rt_device_write                          0x0800291d   Thumb Code    62  device.o(.text)
    rt_device_control                        0x0800295b   Thumb Code    28  device.o(.text)
    rt_device_set_rx_indicate                0x08002977   Thumb Code     8  device.o(.text)
    rt_device_set_tx_complete                0x0800297f   Thumb Code     8  device.o(.text)
    rt_thread_idle_excute                    0x080029c5   Thumb Code   102  idle.o(.text)
    rt_thread_idle_init                      0x08002a33   Thumb Code    38  idle.o(.text)
    rt_thread_idle_gethandler                0x08002a59   Thumb Code     4  idle.o(.text)
    rt_interrupt_enter                       0x08002a85   Thumb Code    26  irq.o(.text)
    rt_interrupt_leave                       0x08002a9f   Thumb Code    26  irq.o(.text)
    rt_interrupt_get_nest                    0x08002ab9   Thumb Code     6  irq.o(.text)
    rt_get_errno                             0x08002ac5   Thumb Code    32  kservice.o(.text)
    rt_set_errno                             0x08002ae5   Thumb Code    36  kservice.o(.text)
    _rt_errno                                0x08002b09   Thumb Code    30  kservice.o(.text)
    rt_memset                                0x08002b27   Thumb Code    72  kservice.o(.text)
    rt_memcpy                                0x08002b6f   Thumb Code   124  kservice.o(.text)
    rt_memmove                               0x08002beb   Thumb Code    66  kservice.o(.text)
    rt_memcmp                                0x08002c2d   Thumb Code    38  kservice.o(.text)
    rt_strlen                                0x08002c53   Thumb Code    18  kservice.o(.text)
    rt_strstr                                0x08002c65   Thumb Code    58  kservice.o(.text)
    rt_strcasecmp                            0x08002c9f   Thumb Code    48  kservice.o(.text)
    rt_strncpy                               0x08002ccf   Thumb Code    52  kservice.o(.text)
    rt_strncmp                               0x08002d03   Thumb Code    40  kservice.o(.text)
    rt_strcmp                                0x08002d2b   Thumb Code    28  kservice.o(.text)
    rt_strnlen                               0x08002d47   Thumb Code    24  kservice.o(.text)
    rt_hw_console_output                     0x08002d5f   Thumb Code     2  kservice.o(.text)
    rt_vsnprintf                             0x08002f19   Thumb Code   800  kservice.o(.text)
    rt_kprintf                               0x08003239   Thumb Code    96  kservice.o(.text)
    rt_show_version                          0x08003299   Thumb Code    38  kservice.o(.text)
    rt_snprintf                              0x080032bf   Thumb Code    38  kservice.o(.text)
    rt_vsprintf                              0x080032e5   Thumb Code    22  kservice.o(.text)
    rt_sprintf                               0x080032fb   Thumb Code    34  kservice.o(.text)
    rt_console_get_device                    0x0800331d   Thumb Code     6  kservice.o(.text)
    rt_console_set_device                    0x08003323   Thumb Code    48  kservice.o(.text)
    rt_kputs                                 0x08003353   Thumb Code    72  kservice.o(.text)
    __rt_ffs                                 0x0800339b   Thumb Code    70  kservice.o(.text)
    rt_system_object_init                    0x0800347d   Thumb Code     2  object.o(.text)
    rt_object_get_information                0x0800347f   Thumb Code    10  object.o(.text)
    rt_object_init                           0x08003489   Thumb Code    68  object.o(.text)
    rt_object_detach                         0x080034cd   Thumb Code    40  object.o(.text)
    rt_object_is_systemobject                0x080034f5   Thumb Code    18  object.o(.text)
    rt_object_find                           0x08003507   Thumb Code    84  object.o(.text)
    rt_system_scheduler_init                 0x08003561   Thumb Code    52  scheduler.o(.text)
    rt_system_scheduler_start                0x08003595   Thumb Code    36  scheduler.o(.text)
    rt_schedule                              0x080035b9   Thumb Code    98  scheduler.o(.text)
    rt_schedule_insert_thread                0x0800361b   Thumb Code    64  scheduler.o(.text)
    rt_schedule_remove_thread                0x0800365b   Thumb Code    76  scheduler.o(.text)
    rt_enter_critical                        0x080036a7   Thumb Code    28  scheduler.o(.text)
    rt_exit_critical                         0x080036c3   Thumb Code    54  scheduler.o(.text)
    rt_critical_level                        0x080036f9   Thumb Code     8  scheduler.o(.text)
    rt_thread_exit                           0x08003745   Thumb Code    76  thread.o(.text)
    rt_thread_timeout                        0x08003791   Thumb Code    32  thread.o(.text)
    rt_thread_init                           0x08003831   Thumb Code    52  thread.o(.text)
    rt_thread_self                           0x08003865   Thumb Code     6  thread.o(.text)
    rt_thread_resume                         0x0800386b   Thumb Code    56  thread.o(.text)
    rt_thread_startup                        0x080038a3   Thumb Code    44  thread.o(.text)
    rt_thread_detach                         0x080038cf   Thumb Code    66  thread.o(.text)
    rt_thread_yield                          0x08003911   Thumb Code    88  thread.o(.text)
    rt_thread_suspend                        0x08003969   Thumb Code    54  thread.o(.text)
    rt_thread_sleep                          0x0800399f   Thumb Code    62  thread.o(.text)
    rt_thread_delay                          0x080039dd   Thumb Code    12  thread.o(.text)
    rt_thread_control                        0x080039e9   Thumb Code   102  thread.o(.text)
    rt_thread_find                           0x08003a4f   Thumb Code    76  thread.o(.text)
    rt_timer_init                            0x08003b47   Thumb Code    46  timer.o(.text)
    rt_timer_detach                          0x08003b75   Thumb Code    32  timer.o(.text)
    rt_timer_start                           0x08003b95   Thumb Code   238  timer.o(.text)
    rt_timer_stop                            0x08003c83   Thumb Code    48  timer.o(.text)
    rt_timer_control                         0x08003cb3   Thumb Code    56  timer.o(.text)
    rt_timer_check                           0x08003ceb   Thumb Code   118  timer.o(.text)
    rt_timer_next_timeout_tick               0x08003d61   Thumb Code    10  timer.o(.text)
    rt_system_timer_init                     0x08003d6b   Thumb Code    24  timer.o(.text)
    rt_system_timer_thread_init              0x08003d83   Thumb Code     2  timer.o(.text)
    rt_hw_board_init                         0x08003da5   Thumb Code    94  board.o(.text)
    SysTick_Handler                          0x08003e03   Thumb Code    16  board.o(.text)
    __use_no_semihosting                     0x08003e29   Thumb Code     2  use_no_semi_2.o(.text)
    __use_two_region_memory                  0x08003e2b   Thumb Code     2  heapauxi.o(.text)
    __rt_heap_escrow$2region                 0x08003e2d   Thumb Code     2  heapauxi.o(.text)
    __rt_heap_expand$2region                 0x08003e2f   Thumb Code     2  heapauxi.o(.text)
    __I$use$semihosting                      0x08003e31   Thumb Code     0  use_no_semi.o(.text)
    __use_no_semihosting_swi                 0x08003e31   Thumb Code     2  use_no_semi.o(.text)
    __user_setup_stackheap                   0x08003e33   Thumb Code    74  sys_stackheap_outer.o(.text)
    exit                                     0x08003e7d   Thumb Code    18  exit.o(.text)
    __user_libspace                          0x08003e91   Thumb Code     8  libspace.o(.text)
    __user_perproc_libspace                  0x08003e91   Thumb Code     0  libspace.o(.text)
    __user_perthread_libspace                0x08003e91   Thumb Code     0  libspace.o(.text)
    __lowest_bit_bitmap                      0x08003e98   Data         256  kservice.o(.constdata)
    __rt_init_rti_board_start                0x08003fbc   Data           4  components.o(.rti_fn.0.end)
    __rt_init_rti_board_end                  0x08003fc0   Data           4  components.o(.rti_fn.1.end)
    __rt_init_rti_end                        0x08003fc4   Data           4  components.o(.rti_fn.6.end)
    Region$$Table$$Base                      0x08003fc8   Number         0  anon$$obj.o(Region$$Table)
    Region$$Table$$Limit                     0x08003fe8   Number         0  anon$$obj.o(Region$$Table)
    SystemCoreClock                          0x20000000   Data           4  system_stm32f10x.o(.data)
    AHBPrescTable                            0x20000004   Data          16  system_stm32f10x.o(.data)
    key                                      0x20000014   Data           1  remote.o(.data)
    RmtSta                                   0x20000015   Data           1  remote.o(.data)
    Dval                                     0x20000016   Data           2  remote.o(.data)
    RmtRec                                   0x20000018   Data           4  remote.o(.data)
    RmtCnt                                   0x2000001c   Data           1  remote.o(.data)
    __stdout                                 0x20000020   Data           4  usart.o(.data)
    USART_RX_STA                             0x20000024   Data           2  usart.o(.data)
    rt_interrupt_from_thread                 0x2000003c   Data           4  cpuport.o(.data)
    rt_interrupt_to_thread                   0x20000040   Data           4  cpuport.o(.data)
    rt_thread_switch_interrupt_flag          0x20000044   Data           4  cpuport.o(.data)
    rt_interrupt_nest                        0x20000050   Data           1  irq.o(.data)
    rt_object_container                      0x2000005c   Data          80  object.o(.data)
    rt_current_thread                        0x200000b0   Data           4  scheduler.o(.data)
    rt_current_priority                      0x200000b4   Data           1  scheduler.o(.data)
    rt_thread_ready_priority_group           0x200000b8   Data           4  scheduler.o(.data)
    rt_thread_defunct                        0x200000bc   Data           8  scheduler.o(.data)
    USART_RX_BUF                             0x200009c0   Data         200  usart.o(.bss)
    main_thread                              0x20000b88   Data         120  components.o(.bss)
    rt_thread_priority_table                 0x20000d78   Data          64  scheduler.o(.bss)
    __libspace_start                         0x20000db8   Data          96  libspace.o(.bss)
    __temporary_stack_top$libspace           0x20000e18   Data           0  libspace.o(.bss)



==============================================================================

Memory Map of the image

  Image Entry point : 0x08000131

  Load Region LR_IROM1 (Base: 0x08000000, Size: 0x000040b8, Max: 0x00080000, ABSOLUTE)

    Execution Region ER_IROM1 (Base: 0x08000000, Size: 0x00003fe8, Max: 0x00080000, ABSOLUTE)

    Base Addr    Size         Type   Attr      Idx    E Section Name        Object

    0x08000000   0x00000130   Data   RO          303    RESET               startup_stm32f10x_hd.o
    0x08000130   0x00000008   Code   RO          615  * !!!main             c_w.l(__main.o)
    0x08000138   0x00000034   Code   RO          770    !!!scatter          c_w.l(__scatter.o)
    0x0800016c   0x0000001a   Code   RO          772    !!handler_copy      c_w.l(__scatter_copy.o)
    0x08000186   0x00000002   PAD
    0x08000188   0x0000001c   Code   RO          774    !!handler_zi        c_w.l(__scatter_zi.o)
    0x080001a4   0x00000002   Code   RO          644    .ARM.Collect$$libinit$$00000000  c_w.l(libinit.o)
    0x080001a6   0x00000000   Code   RO          651    .ARM.Collect$$libinit$$00000002  c_w.l(libinit2.o)
    0x080001a6   0x00000000   Code   RO          653    .ARM.Collect$$libinit$$00000004  c_w.l(libinit2.o)
    0x080001a6   0x00000000   Code   RO          656    .ARM.Collect$$libinit$$0000000A  c_w.l(libinit2.o)
    0x080001a6   0x00000000   Code   RO          658    .ARM.Collect$$libinit$$0000000C  c_w.l(libinit2.o)
    0x080001a6   0x00000000   Code   RO          660    .ARM.Collect$$libinit$$0000000E  c_w.l(libinit2.o)
    0x080001a6   0x00000000   Code   RO          663    .ARM.Collect$$libinit$$00000011  c_w.l(libinit2.o)
    0x080001a6   0x00000000   Code   RO          665    .ARM.Collect$$libinit$$00000013  c_w.l(libinit2.o)
    0x080001a6   0x00000000   Code   RO          667    .ARM.Collect$$libinit$$00000015  c_w.l(libinit2.o)
    0x080001a6   0x00000000   Code   RO          669    .ARM.Collect$$libinit$$00000017  c_w.l(libinit2.o)
    0x080001a6   0x00000000   Code   RO          671    .ARM.Collect$$libinit$$00000019  c_w.l(libinit2.o)
    0x080001a6   0x00000000   Code   RO          673    .ARM.Collect$$libinit$$0000001B  c_w.l(libinit2.o)
    0x080001a6   0x00000000   Code   RO          675    .ARM.Collect$$libinit$$0000001D  c_w.l(libinit2.o)
    0x080001a6   0x00000000   Code   RO          677    .ARM.Collect$$libinit$$0000001F  c_w.l(libinit2.o)
    0x080001a6   0x00000000   Code   RO          679    .ARM.Collect$$libinit$$00000021  c_w.l(libinit2.o)
    0x080001a6   0x00000000   Code   RO          681    .ARM.Collect$$libinit$$00000023  c_w.l(libinit2.o)
    0x080001a6   0x00000000   Code   RO          683    .ARM.Collect$$libinit$$00000025  c_w.l(libinit2.o)
    0x080001a6   0x00000000   Code   RO          687    .ARM.Collect$$libinit$$0000002C  c_w.l(libinit2.o)
    0x080001a6   0x00000000   Code   RO          689    .ARM.Collect$$libinit$$0000002E  c_w.l(libinit2.o)
    0x080001a6   0x00000000   Code   RO          691    .ARM.Collect$$libinit$$00000030  c_w.l(libinit2.o)
    0x080001a6   0x00000000   Code   RO          693    .ARM.Collect$$libinit$$00000032  c_w.l(libinit2.o)
    0x080001a6   0x00000002   Code   RO          694    .ARM.Collect$$libinit$$00000033  c_w.l(libinit2.o)
    0x080001a8   0x00000002   Code   RO          712    .ARM.Collect$$libshutdown$$00000000  c_w.l(libshutdown.o)
    0x080001aa   0x00000000   Code   RO          722    .ARM.Collect$$libshutdown$$00000002  c_w.l(libshutdown2.o)
    0x080001aa   0x00000000   Code   RO          724    .ARM.Collect$$libshutdown$$00000004  c_w.l(libshutdown2.o)
    0x080001aa   0x00000000   Code   RO          727    .ARM.Collect$$libshutdown$$00000007  c_w.l(libshutdown2.o)
    0x080001aa   0x00000000   Code   RO          730    .ARM.Collect$$libshutdown$$0000000A  c_w.l(libshutdown2.o)
    0x080001aa   0x00000000   Code   RO          732    .ARM.Collect$$libshutdown$$0000000C  c_w.l(libshutdown2.o)
    0x080001aa   0x00000000   Code   RO          735    .ARM.Collect$$libshutdown$$0000000F  c_w.l(libshutdown2.o)
    0x080001aa   0x00000002   Code   RO          736    .ARM.Collect$$libshutdown$$00000010  c_w.l(libshutdown2.o)
    0x080001ac   0x00000000   Code   RO          619    .ARM.Collect$$rtentry$$00000000  c_w.l(__rtentry.o)
    0x080001ac   0x00000000   Code   RO          621    .ARM.Collect$$rtentry$$00000002  c_w.l(__rtentry2.o)
    0x080001ac   0x00000006   Code   RO          633    .ARM.Collect$$rtentry$$00000004  c_w.l(__rtentry4.o)
    0x080001b2   0x00000000   Code   RO          623    .ARM.Collect$$rtentry$$00000009  c_w.l(__rtentry2.o)
    0x080001b2   0x00000004   Code   RO          624    .ARM.Collect$$rtentry$$0000000A  c_w.l(__rtentry2.o)
    0x080001b6   0x00000000   Code   RO          626    .ARM.Collect$$rtentry$$0000000C  c_w.l(__rtentry2.o)
    0x080001b6   0x00000008   Code   RO          627    .ARM.Collect$$rtentry$$0000000D  c_w.l(__rtentry2.o)
    0x080001be   0x00000002   Code   RO          648    .ARM.Collect$$rtexit$$00000000  c_w.l(rtexit.o)
    0x080001c0   0x00000000   Code   RO          696    .ARM.Collect$$rtexit$$00000002  c_w.l(rtexit2.o)
    0x080001c0   0x00000004   Code   RO          697    .ARM.Collect$$rtexit$$00000003  c_w.l(rtexit2.o)
    0x080001c4   0x00000006   Code   RO          698    .ARM.Collect$$rtexit$$00000004  c_w.l(rtexit2.o)
    0x080001ca   0x00000002   PAD
    0x080001cc   0x000000cc   Code   RO            1    .text               main.o
    0x08000298   0x00000012   Code   RO          148    .text               stm32f10x_it.o
    0x080002aa   0x00000002   PAD
    0x080002ac   0x000001e0   Code   RO          189    .text               system_stm32f10x.o
    0x0800048c   0x00000034   Code   RO          207    .text               led.o
    0x080004c0   0x000002bc   Code   RO          219    .text               remote.o
    0x0800077c   0x00000140   Code   RO          268    .text               usart.o
    0x080008bc   0x0000003c   Code   RO          304    .text               startup_stm32f10x_hd.o
    0x080008f8   0x000000dc   Code   RO          308    .text               misc.o
    0x080009d4   0x0000035c   Code   RO          320    .text               stm32f10x_gpio.o
    0x08000d30   0x000003a4   Code   RO          344    .text               stm32f10x_rcc.o
    0x080010d4   0x00000408   Code   RO          358    .text               stm32f10x_usart.o
    0x080014dc   0x00000e1a   Code   RO          370    .text               stm32f10x_tim.o
    0x080022f6   0x00000002   PAD
    0x080022f8   0x000000ec   Code   RO          382    .text               context_rvds.o
    0x080023e4   0x00000268   Code   RO          386    .text               cpuport.o
    0x0800264c   0x00000060   Code   RO          401    .text               clock.o
    0x080026ac   0x000000c8   Code   RO          418    .text               components.o
    0x08002774   0x00000250   Code   RO          437    .text               device.o
    0x080029c4   0x000000c0   Code   RO          450    .text               idle.o
    0x08002a84   0x00000040   Code   RO          483    .text               irq.o
    0x08002ac4   0x000009b8   Code   RO          498    .text               kservice.o
    0x0800347c   0x000000e4   Code   RO          521    .text               object.o
    0x08003560   0x000001c4   Code   RO          539    .text               scheduler.o
    0x08003724   0x00000388   Code   RO          559    .text               thread.o
    0x08003aac   0x000002f8   Code   RO          575    .text               timer.o
    0x08003da4   0x00000084   Code   RO          592    .text               board.o
    0x08003e28   0x00000002   Code   RO          611    .text               c_w.l(use_no_semi_2.o)
    0x08003e2a   0x00000006   Code   RO          613    .text               c_w.l(heapauxi.o)
    0x08003e30   0x00000002   Code   RO          617    .text               c_w.l(use_no_semi.o)
    0x08003e32   0x0000004a   Code   RO          635    .text               c_w.l(sys_stackheap_outer.o)
    0x08003e7c   0x00000012   Code   RO          637    .text               c_w.l(exit.o)
    0x08003e8e   0x00000002   PAD
    0x08003e90   0x00000008   Code   RO          645    .text               c_w.l(libspace.o)
    0x08003e98   0x00000122   Data   RO          500    .constdata          kservice.o
    0x08003fba   0x00000002   PAD
    0x08003fbc   0x00000004   Data   RO          421    .rti_fn.0.end       components.o
    0x08003fc0   0x00000004   Data   RO          422    .rti_fn.1.end       components.o
    0x08003fc4   0x00000004   Data   RO          423    .rti_fn.6.end       components.o
    0x08003fc8   0x00000020   Data   RO          768    Region$$Table       anon$$obj.o


    Execution Region RW_IRAM1 (Base: 0x20000000, Size: 0x00001218, Max: 0x00010000, ABSOLUTE)

    Base Addr    Size         Type   Attr      Idx    E Section Name        Object

    0x20000000   0x00000014   Data   RW          190    .data               system_stm32f10x.o
    0x20000014   0x00000009   Data   RW          220    .data               remote.o
    0x2000001d   0x00000003   PAD
    0x20000020   0x00000006   Data   RW          270    .data               usart.o
    0x20000026   0x00000014   Data   RW          345    .data               stm32f10x_rcc.o
    0x2000003a   0x00000002   PAD
    0x2000003c   0x00000010   Data   RW          387    .data               cpuport.o
    0x2000004c   0x00000004   Data   RW          402    .data               clock.o
    0x20000050   0x00000001   Data   RW          484    .data               irq.o
    0x20000051   0x00000003   PAD
    0x20000054   0x00000008   Data   RW          501    .data               kservice.o
    0x2000005c   0x00000050   Data   RW          522    .data               object.o
    0x200000ac   0x00000018   Data   RW          541    .data               scheduler.o
    0x200000c4   0x0000000c   Data   RW          576    .data               timer.o
    0x200000d0   0x000008f0   Zero   RW            2    .bss                main.o
    0x200009c0   0x000000c8   Zero   RW          269    .bss                usart.o
    0x20000a88   0x00000178   Zero   RW          419    .bss                components.o
    0x20000c00   0x000000f8   Zero   RW          451    .bss                idle.o
    0x20000cf8   0x00000080   Zero   RW          499    .bss                kservice.o
    0x20000d78   0x00000040   Zero   RW          540    .bss                scheduler.o
    0x20000db8   0x00000060   Zero   RW          646    .bss                c_w.l(libspace.o)
    0x20000e18   0x00000000   Zero   RW          302    HEAP                startup_stm32f10x_hd.o
    0x20000e18   0x00000400   Zero   RW          301    STACK               startup_stm32f10x_hd.o


==============================================================================

Image component sizes


      Code (inc. data)   RO Data    RW Data    ZI Data      Debug   Object Name

       132         22          0          0          0      15926   board.o
        96          4          0          4          0       1428   clock.o
       200         30         12          0        376       2622   components.o
       236         24          0          0          0        856   context_rvds.o
       616        340          0         16          0       3151   cpuport.o
       592         62          0          0          0       4585   device.o
       192         24          0          0        248       3054   idle.o
        64          6          0          1          0       1386   irq.o
      2488        170        290          8        128      10800   kservice.o
        52          6          0          0          0        515   led.o
       204         48          0          0       2288     263287   main.o
       220         22          0          0          0       1865   misc.o
       228          6          0         80          0       3861   object.o
       700         32          0          9          0       1674   remote.o
       452         30          0         24         64       4356   scheduler.o
        60         22        304          0       1024        820   startup_stm32f10x_hd.o
       860         38          0          0          0       5797   stm32f10x_gpio.o
        18          0          0          0          0        925   stm32f10x_it.o
       932         36          0         20          0       9004   stm32f10x_rcc.o
      3610         88          0          0          0      22904   stm32f10x_tim.o
      1032         22          0          0          0       8520   stm32f10x_usart.o
         0          0          0          0          0         32   sys.o
       480         38          0         20          0       1835   system_stm32f10x.o
       904         18          0          0          0       6691   thread.o
       760         10          0         12          0       5749   timer.o
       320         16          0          6        200       3270   usart.o

    ----------------------------------------------------------------------
     15452       1114        640        208       4328     384913   Object Totals
         0          0         32          0          0          0   (incl. Generated)
         4          0          2          8          0          0   (incl. Padding)

    ----------------------------------------------------------------------

      Code (inc. data)   RO Data    RW Data    ZI Data      Debug   Library Member Name

         8          0          0          0          0         68   __main.o
         0          0          0          0          0          0   __rtentry.o
        12          0          0          0          0          0   __rtentry2.o
         6          0          0          0          0          0   __rtentry4.o
        52          8          0          0          0          0   __scatter.o
        26          0          0          0          0          0   __scatter_copy.o
        28          0          0          0          0          0   __scatter_zi.o
        18          0          0          0          0         80   exit.o
         6          0          0          0          0        152   heapauxi.o
         2          0          0          0          0          0   libinit.o
         2          0          0          0          0          0   libinit2.o
         2          0          0          0          0          0   libshutdown.o
         2          0          0          0          0          0   libshutdown2.o
         8          4          0          0         96         68   libspace.o
         2          0          0          0          0          0   rtexit.o
        10          0          0          0          0          0   rtexit2.o
        74          0          0          0          0         80   sys_stackheap_outer.o
         2          0          0          0          0         68   use_no_semi.o
         2          0          0          0          0         68   use_no_semi_2.o

    ----------------------------------------------------------------------
       268         12          0          0         96        584   Library Totals
         6          0          0          0          0          0   (incl. Padding)

    ----------------------------------------------------------------------

      Code (inc. data)   RO Data    RW Data    ZI Data      Debug   Library Name

       262         12          0          0         96        584   c_w.l

    ----------------------------------------------------------------------
       268         12          0          0         96        584   Library Totals

    ----------------------------------------------------------------------

==============================================================================


      Code (inc. data)   RO Data    RW Data    ZI Data      Debug   

     15720       1126        640        208       4424     382997   Grand Totals
     15720       1126        640        208       4424     382997   ELF Image Totals
     15720       1126        640        208          0          0   ROM Totals

==============================================================================

    Total RO  Size (Code + RO Data)                16360 (  15.98kB)
    Total RW  Size (RW Data + ZI Data)              4632 (   4.52kB)
    Total ROM Size (Code + RO Data + RW Data)      16568 (  16.18kB)

==============================================================================

